============================= test session starts ==============================
platform linux -- Python 3.11.11, pytest-9.0.2, pluggy-1.6.0
benchmark: 4.0.0 (defaults: timer=time.perf_counter disable_gc=False min_rounds=1 min_time=0.000005 max_time=1.0 calibration_precision=10 warmup=False warmup_iterations=100000)
qiskit: 2.5.0.dev0+c252163
qiskit_ibm_runtime: 0.46.1
timeout_skip_list: 0
rootdir: /mnt/data/benchpress/benchpress
configfile: pytest.ini
plugins: anyio-4.12.1, timeout-2.4.0, benchmark-4.0.0, memray-1.8.0
collected 53 items

benchpress/qiskit_gym/device_transpile/test_feynman.py::TestWorkoutDeviceFeynman::test_feynman_transpile[W-state.qasm] PASSED [  1%]
benchpress/qiskit_gym/device_transpile/test_feynman.py::TestWorkoutDeviceFeynman::test_feynman_transpile[adder.qasm] PASSED [  3%]
benchpress/qiskit_gym/device_transpile/test_feynman.py::TestWorkoutDeviceFeynman::test_feynman_transpile[adder_8.qasm] PASSED [  5%]
benchpress/qiskit_gym/device_transpile/test_feynman.py::TestWorkoutDeviceFeynman::test_feynman_transpile[barenco_tof_10.qasm] PASSED [  7%]
benchpress/qiskit_gym/device_transpile/test_feynman.py::TestWorkoutDeviceFeynman::test_feynman_transpile[barenco_tof_3.qasm] PASSED [  9%]
benchpress/qiskit_gym/device_transpile/test_feynman.py::TestWorkoutDeviceFeynman::test_feynman_transpile[barenco_tof_4.qasm] PASSED [ 11%]
benchpress/qiskit_gym/device_transpile/test_feynman.py::TestWorkoutDeviceFeynman::test_feynman_transpile[barenco_tof_5.qasm] PASSED [ 13%]
benchpress/qiskit_gym/device_transpile/test_feynman.py::TestWorkoutDeviceFeynman::test_feynman_transpile[bigadder.qasm] PASSED [ 15%]
benchpress/qiskit_gym/device_transpile/test_feynman.py::TestWorkoutDeviceFeynman::test_feynman_transpile[csla_mux_3.qasm] PASSED [ 16%]
benchpress/qiskit_gym/device_transpile/test_feynman.py::TestWorkoutDeviceFeynman::test_feynman_transpile[csum_mux_9.qasm] PASSED [ 18%]
benchpress/qiskit_gym/device_transpile/test_feynman.py::TestWorkoutDeviceFeynman::test_feynman_transpile[gf2^10_mult.qasm] PASSED [ 20%]
benchpress/qiskit_gym/device_transpile/test_feynman.py::TestWorkoutDeviceFeynman::test_feynman_transpile[gf2^128_mult.qasm] SKIPPED [ 22%]
benchpress/qiskit_gym/device_transpile/test_feynman.py::TestWorkoutDeviceFeynman::test_feynman_transpile[gf2^16_mult.qasm] PASSED [ 24%]
benchpress/qiskit_gym/device_transpile/test_feynman.py::TestWorkoutDeviceFeynman::test_feynman_transpile[gf2^256_mult.qasm] SKIPPED [ 26%]
benchpress/qiskit_gym/device_transpile/test_feynman.py::TestWorkoutDeviceFeynman::test_feynman_transpile[gf2^32_mult.qasm] PASSED [ 28%]
benchpress/qiskit_gym/device_transpile/test_feynman.py::TestWorkoutDeviceFeynman::test_feynman_transpile[gf2^4_mult.qasm] PASSED [ 30%]
benchpress/qiskit_gym/device_transpile/test_feynman.py::TestWorkoutDeviceFeynman::test_feynman_transpile[gf2^5_mult.qasm] PASSED [ 32%]
benchpress/qiskit_gym/device_transpile/test_feynman.py::TestWorkoutDeviceFeynman::test_feynman_transpile[gf2^64_mult.qasm] SKIPPED [ 33%]
benchpress/qiskit_gym/device_transpile/test_feynman.py::TestWorkoutDeviceFeynman::test_feynman_transpile[gf2^6_mult.qasm] PASSED [ 35%]
benchpress/qiskit_gym/device_transpile/test_feynman.py::TestWorkoutDeviceFeynman::test_feynman_transpile[gf2^7_mult.qasm] PASSED [ 37%]
benchpress/qiskit_gym/device_transpile/test_feynman.py::TestWorkoutDeviceFeynman::test_feynman_transpile[gf2^8_mult.qasm] PASSED [ 39%]
benchpress/qiskit_gym/device_transpile/test_feynman.py::TestWorkoutDeviceFeynman::test_feynman_transpile[gf2^9_mult.qasm] PASSED [ 41%]
benchpress/qiskit_gym/device_transpile/test_feynman.py::TestWorkoutDeviceFeynman::test_feynman_transpile[grover_5.qasm] PASSED [ 43%]
benchpress/qiskit_gym/device_transpile/test_feynman.py::TestWorkoutDeviceFeynman::test_feynman_transpile[ham15-high.qasm] PASSED [ 45%]
benchpress/qiskit_gym/device_transpile/test_feynman.py::TestWorkoutDeviceFeynman::test_feynman_transpile[ham15-low.qasm] PASSED [ 47%]
benchpress/qiskit_gym/device_transpile/test_feynman.py::TestWorkoutDeviceFeynman::test_feynman_transpile[ham15-med.qasm] PASSED [ 49%]
benchpress/qiskit_gym/device_transpile/test_feynman.py::TestWorkoutDeviceFeynman::test_feynman_transpile[hwb10.qasm] PASSED [ 50%]
benchpress/qiskit_gym/device_transpile/test_feynman.py::TestWorkoutDeviceFeynman::test_feynman_transpile[hwb11.qasm] PASSED [ 52%]
benchpress/qiskit_gym/device_transpile/test_feynman.py::TestWorkoutDeviceFeynman::test_feynman_transpile[hwb12.qasm] PASSED [ 54%]
benchpress/qiskit_gym/device_transpile/test_feynman.py::TestWorkoutDeviceFeynman::test_feynman_transpile[hwb6.qasm] PASSED [ 56%]
benchpress/qiskit_gym/device_transpile/test_feynman.py::TestWorkoutDeviceFeynman::test_feynman_transpile[hwb8.qasm] PASSED [ 58%]
benchpress/qiskit_gym/device_transpile/test_feynman.py::TestWorkoutDeviceFeynman::test_feynman_transpile[inverseqft1.qasm] PASSED [ 60%]
benchpress/qiskit_gym/device_transpile/test_feynman.py::TestWorkoutDeviceFeynman::test_feynman_transpile[inverseqft2.qasm] PASSED [ 62%]
benchpress/qiskit_gym/device_transpile/test_feynman.py::TestWorkoutDeviceFeynman::test_feynman_transpile[mod5_4.qasm] PASSED [ 64%]
benchpress/qiskit_gym/device_transpile/test_feynman.py::TestWorkoutDeviceFeynman::test_feynman_transpile[mod_adder_1024.qasm] PASSED [ 66%]
benchpress/qiskit_gym/device_transpile/test_feynman.py::TestWorkoutDeviceFeynman::test_feynman_transpile[mod_mult_55.qasm] PASSED [ 67%]
benchpress/qiskit_gym/device_transpile/test_feynman.py::TestWorkoutDeviceFeynman::test_feynman_transpile[mod_red_21.qasm] PASSED [ 69%]
benchpress/qiskit_gym/device_transpile/test_feynman.py::TestWorkoutDeviceFeynman::test_feynman_transpile[qcla_adder_10.qasm] PASSED [ 71%]
benchpress/qiskit_gym/device_transpile/test_feynman.py::TestWorkoutDeviceFeynman::test_feynman_transpile[qcla_com_7.qasm] PASSED [ 73%]
benchpress/qiskit_gym/device_transpile/test_feynman.py::TestWorkoutDeviceFeynman::test_feynman_transpile[qcla_mod_7.qasm] PASSED [ 75%]
benchpress/qiskit_gym/device_transpile/test_feynman.py::TestWorkoutDeviceFeynman::test_feynman_transpile[qec.qasm] PASSED [ 77%]
benchpress/qiskit_gym/device_transpile/test_feynman.py::TestWorkoutDeviceFeynman::test_feynman_transpile[qft.qasm] PASSED [ 79%]
benchpress/qiskit_gym/device_transpile/test_feynman.py::TestWorkoutDeviceFeynman::test_feynman_transpile[qft_4.qasm] PASSED [ 81%]
benchpress/qiskit_gym/device_transpile/test_feynman.py::TestWorkoutDeviceFeynman::test_feynman_transpile[qpt.qasm] PASSED [ 83%]
benchpress/qiskit_gym/device_transpile/test_feynman.py::TestWorkoutDeviceFeynman::test_feynman_transpile[rb.qasm] PASSED [ 84%]
benchpress/qiskit_gym/device_transpile/test_feynman.py::TestWorkoutDeviceFeynman::test_feynman_transpile[rc_adder_6.qasm] PASSED [ 86%]
benchpress/qiskit_gym/device_transpile/test_feynman.py::TestWorkoutDeviceFeynman::test_feynman_transpile[teleport.qasm] PASSED [ 88%]
benchpress/qiskit_gym/device_transpile/test_feynman.py::TestWorkoutDeviceFeynman::test_feynman_transpile[teleportv2.qasm] PASSED [ 90%]
benchpress/qiskit_gym/device_transpile/test_feynman.py::TestWorkoutDeviceFeynman::test_feynman_transpile[tof_10.qasm] PASSED [ 92%]
benchpress/qiskit_gym/device_transpile/test_feynman.py::TestWorkoutDeviceFeynman::test_feynman_transpile[tof_3.qasm] PASSED [ 94%]
benchpress/qiskit_gym/device_transpile/test_feynman.py::TestWorkoutDeviceFeynman::test_feynman_transpile[tof_4.qasm] PASSED [ 96%]
benchpress/qiskit_gym/device_transpile/test_feynman.py::TestWorkoutDeviceFeynman::test_feynman_transpile[tof_5.qasm] PASSED [ 98%]
benchpress/qiskit_gym/device_transpile/test_feynman.py::TestWorkoutDeviceFeynman::test_feynman_transpile[vbe_adder_3.qasm] PASSED [100%]
Wrote benchmark data in: <_io.BufferedWriter name='/mnt/data/pr16157_evidence/feynman/main.json'>



-------------------------------------------------------------------------------------------- benchmark 'Transpile - Device': 50 tests -------------------------------------------------------------------------------------------
Name (time in ms)                                       Min                    Max                   Mean            StdDev                 Median                IQR            Outliers       OPS            Rounds  Iterations
---------------------------------------------------------------------------------------------------------------------------------------------------------------------------------------------------------------------------------
test_feynman_transpile[qpt.qasm]                     2.6668 (1.0)           3.4492 (1.0)           2.8237 (1.0)      0.1200 (inf)           2.7965 (1.0)       0.0688 (inf)         36;28  354.1474 (1.0)         365           1
test_feynman_transpile[rb.qasm]                      3.0337 (1.14)          4.4518 (1.29)          3.2965 (1.17)     0.1659 (inf)           3.2735 (1.17)      0.0987 (inf)         15;11  303.3503 (0.86)        286           1
test_feynman_transpile[teleport.qasm]                5.3868 (2.02)          6.2407 (1.81)          5.6365 (2.00)     0.1726 (inf)           5.5805 (2.00)      0.2311 (inf)          49;4  177.4158 (0.50)        185           1
test_feynman_transpile[inverseqft2.qasm]             5.9049 (2.21)          6.9318 (2.01)          6.3548 (2.25)     0.1981 (inf)           6.3456 (2.27)      0.2484 (inf)          56;4  157.3618 (0.44)        177           1
test_feynman_transpile[qft.qasm]                     5.9482 (2.23)          7.0886 (2.06)          6.2209 (2.20)     0.1763 (inf)           6.1821 (2.21)      0.1177 (inf)         21;10  160.7481 (0.45)        157           1
test_feynman_transpile[qec.qasm]                     6.0323 (2.26)          6.8984 (2.00)          6.3573 (2.25)     0.1841 (inf)           6.3433 (2.27)      0.2223 (inf)          49;7  157.2997 (0.44)        161           1
test_feynman_transpile[teleportv2.qasm]              6.1900 (2.32)          7.2033 (2.09)          6.4928 (2.30)     0.1889 (inf)           6.4690 (2.31)      0.2699 (inf)          48;2  154.0167 (0.43)        160           1
test_feynman_transpile[tof_3.qasm]                   6.7115 (2.52)          8.6608 (2.51)          6.9428 (2.46)     0.2369 (inf)           6.9018 (2.47)      0.1326 (inf)           7;7  144.0343 (0.41)        147           1
test_feynman_transpile[barenco_tof_3.qasm]           6.8027 (2.55)          8.0211 (2.33)          7.0481 (2.50)     0.1816 (inf)           7.0192 (2.51)      0.1632 (inf)          20;8  141.8824 (0.40)        143           1
test_feynman_transpile[mod5_4.qasm]                  6.9883 (2.62)          8.6991 (2.52)          7.3280 (2.60)     0.2723 (inf)           7.2679 (2.60)      0.2282 (inf)          16;7  136.4627 (0.39)        103           1
test_feynman_transpile[tof_4.qasm]                   7.0932 (2.66)          8.5983 (2.49)          7.3731 (2.61)     0.1866 (inf)           7.3547 (2.63)      0.1048 (inf)           8;8  135.6276 (0.38)        135           1
test_feynman_transpile[W-state.qasm]                 7.7066 (2.89)          9.8189 (2.85)          8.0448 (2.85)     0.3290 (inf)           7.9650 (2.85)      0.3160 (inf)           5;2  124.3047 (0.35)         55           1
test_feynman_transpile[barenco_tof_4.qasm]           7.7835 (2.92)          9.8623 (2.86)          8.1758 (2.90)     0.3212 (inf)           8.0950 (2.89)      0.2595 (inf)         15;12  122.3126 (0.35)        104           1
test_feynman_transpile[tof_5.qasm]                   7.8123 (2.93)          9.4826 (2.75)          8.0612 (2.85)     0.2372 (inf)           8.0127 (2.87)      0.1376 (inf)           6;5  124.0514 (0.35)        115           1
test_feynman_transpile[inverseqft1.qasm]             7.9581 (2.98)         11.0757 (3.21)          9.2791 (3.29)     0.3644 (inf)           9.2853 (3.32)      0.3127 (inf)          22;4  107.7685 (0.30)        109           1
test_feynman_transpile[qft_4.qasm]                   8.1596 (3.06)          9.6157 (2.79)          8.4102 (2.98)     0.2027 (inf)           8.3673 (2.99)      0.1479 (inf)          13;5  118.9039 (0.34)        105           1
test_feynman_transpile[mod_mult_55.qasm]             8.2886 (3.11)         10.8273 (3.14)          8.6126 (3.05)     0.3455 (inf)           8.5430 (3.05)      0.2272 (inf)          10;8  116.1090 (0.33)        111           1
test_feynman_transpile[adder.qasm]                   8.9058 (3.34)         10.3299 (2.99)          9.3282 (3.30)     0.2424 (inf)           9.2619 (3.31)      0.2468 (inf)          16;6  107.2016 (0.30)         92           1
test_feynman_transpile[barenco_tof_5.qasm]           8.9568 (3.36)         10.1767 (2.95)          9.2508 (3.28)     0.2114 (inf)           9.1964 (3.29)      0.1326 (inf)         17;10  108.0988 (0.31)        103           1
test_feynman_transpile[vbe_adder_3.qasm]             9.1255 (3.42)         10.7307 (3.11)          9.3744 (3.32)     0.2263 (inf)           9.3262 (3.33)      0.1444 (inf)           6;5  106.6737 (0.30)        104           1
test_feynman_transpile[csla_mux_3.qasm]              9.9983 (3.75)         11.4232 (3.31)         10.3665 (3.67)     0.1798 (inf)          10.3371 (3.70)      0.1493 (inf)          19;7   96.4649 (0.27)         96           1
test_feynman_transpile[rc_adder_6.qasm]             10.2099 (3.83)         11.6702 (3.38)         10.5010 (3.72)     0.2122 (inf)          10.4531 (3.74)      0.1417 (inf)          11;5   95.2289 (0.27)         93           1
test_feynman_transpile[mod_red_21.qasm]             10.5689 (3.96)         13.9780 (4.05)         10.8796 (3.85)     0.3872 (inf)          10.8093 (3.87)      0.2236 (inf)           6;6   91.9154 (0.26)         92           1
test_feynman_transpile[hwb6.qasm]                   10.6407 (3.99)         12.4296 (3.60)         11.2000 (3.97)     0.3591 (inf)          11.1187 (3.98)      0.4580 (inf)          22;2   89.2859 (0.25)         75           1
test_feynman_transpile[gf2^4_mult.qasm]             10.8602 (4.07)         16.6540 (4.83)         11.2147 (3.97)     0.6570 (inf)          11.0991 (3.97)      0.2123 (inf)           2;8   89.1685 (0.25)         79           1
test_feynman_transpile[tof_10.qasm]                 12.2896 (4.61)         14.0068 (4.06)         12.6008 (4.46)     0.2424 (inf)          12.5709 (4.50)      0.1747 (inf)           6;3   79.3600 (0.22)         78           1
test_feynman_transpile[bigadder.qasm]               13.6679 (5.13)         14.4573 (4.19)         13.9100 (4.93)     0.1695 (inf)          13.8646 (4.96)      0.2031 (inf)          18;2   71.8906 (0.20)         65           1
test_feynman_transpile[gf2^5_mult.qasm]             13.7676 (5.16)         18.8908 (5.48)         14.3611 (5.09)     0.6237 (inf)          14.2692 (5.10)      0.2910 (inf)           4;4   69.6328 (0.20)         67           1
test_feynman_transpile[barenco_tof_10.qasm]         15.7767 (5.92)         17.6271 (5.11)         16.3122 (5.78)     0.2985 (inf)          16.2360 (5.81)      0.3118 (inf)           9;3   61.3040 (0.17)         61           1
test_feynman_transpile[grover_5.qasm]               17.3345 (6.50)         18.9551 (5.50)         18.0791 (6.40)     0.3320 (inf)          18.0606 (6.46)      0.3011 (inf)          14;7   55.3124 (0.16)         52           1
test_feynman_transpile[gf2^6_mult.qasm]             17.7062 (6.64)         18.8872 (5.48)         18.1863 (6.44)     0.2620 (inf)          18.1425 (6.49)      0.3739 (inf)          15;0   54.9866 (0.16)         54           1
test_feynman_transpile[qcla_com_7.qasm]             19.5341 (7.33)         21.1090 (6.12)         19.8761 (7.04)     0.2783 (inf)          19.8141 (7.09)      0.2370 (inf)          10;3   50.3116 (0.14)         51           1
test_feynman_transpile[gf2^7_mult.qasm]             21.3897 (8.02)         23.3583 (6.77)         21.9909 (7.79)     0.3887 (inf)          21.9242 (7.84)      0.4538 (inf)          12;1   45.4734 (0.13)         46           1
test_feynman_transpile[ham15-low.qasm]              21.7537 (8.16)         29.2789 (8.49)         22.4449 (7.95)     1.1008 (inf)          22.2606 (7.96)      0.3950 (inf)           2;3   44.5535 (0.13)         45           1
test_feynman_transpile[csum_mux_9.qasm]             23.5849 (8.84)         25.7715 (7.47)         24.3503 (8.62)     0.4249 (inf)          24.2706 (8.68)      0.4457 (inf)          11;2   41.0672 (0.12)         43           1
test_feynman_transpile[adder_8.qasm]                24.0687 (9.03)         27.3404 (7.93)         24.9860 (8.85)     0.7324 (inf)          24.7044 (8.83)      0.9357 (inf)           9;1   40.0225 (0.11)         38           1
test_feynman_transpile[qcla_mod_7.qasm]             27.4503 (10.29)        29.2672 (8.49)         28.0263 (9.93)     0.3714 (inf)          27.9639 (10.00)     0.4256 (inf)           8;1   35.6807 (0.10)         35           1
test_feynman_transpile[ham15-med.qasm]              28.4852 (10.68)        30.9515 (8.97)         29.4448 (10.43)    0.5688 (inf)          29.4001 (10.51)     0.6745 (inf)          13;1   33.9618 (0.10)         34           1
test_feynman_transpile[gf2^8_mult.qasm]             29.4814 (11.06)        32.5584 (9.44)         30.7005 (10.87)    0.6787 (inf)          30.6387 (10.96)     0.9483 (inf)           8;0   32.5728 (0.09)         33           1
test_feynman_transpile[gf2^9_mult.qasm]             31.3882 (11.77)        34.0365 (9.87)         32.6615 (11.57)    0.5947 (inf)          32.7022 (11.69)     0.8556 (inf)          10;0   30.6171 (0.09)         31           1
test_feynman_transpile[qcla_adder_10.qasm]          34.2020 (12.83)        35.5869 (10.32)        34.7403 (12.30)    0.3850 (inf)          34.7404 (12.42)     0.6869 (inf)          12;0   28.7850 (0.08)         29           1
test_feynman_transpile[gf2^10_mult.qasm]            41.2734 (15.48)        44.3887 (12.87)        42.7316 (15.13)    0.8775 (inf)          42.6496 (15.25)     1.4049 (inf)           7;0   23.4019 (0.07)         23           1
test_feynman_transpile[mod_adder_1024.qasm]         75.7551 (28.41)        81.0268 (23.49)        78.1312 (27.67)    1.6383 (inf)          78.1209 (27.94)     2.5559 (inf)           3;0   12.7990 (0.04)         13           1
test_feynman_transpile[ham15-high.qasm]             84.9606 (31.86)        91.6619 (26.58)        88.9567 (31.50)    2.0278 (inf)          89.2000 (31.90)     2.9447 (inf)           4;0   11.2414 (0.03)         11           1
test_feynman_transpile[gf2^16_mult.qasm]            97.4971 (36.56)       103.6549 (30.05)        99.4359 (35.21)    1.9248 (inf)          98.7445 (35.31)     1.7390 (inf)           3;1   10.0567 (0.03)         11           1
test_feynman_transpile[hwb8.qasm]                  351.8560 (131.94)      369.1800 (107.03)      359.4435 (127.30)   8.8597 (inf)         357.2945 (127.76)   12.9930 (inf)           1;0    2.7821 (0.01)          3           1
test_feynman_transpile[gf2^32_mult.qasm]           385.8543 (144.69)      400.5458 (116.13)      392.1323 (138.87)   7.5750 (inf)         389.9968 (139.46)   11.0186 (inf)           1;0    2.5502 (0.01)          3           1
test_feynman_transpile[hwb10.qasm]               1,976.2106 (741.05)    1,976.2106 (572.95)    1,976.2106 (699.87)   0.0000 (1.0)       1,976.2106 (706.67)    0.0000 (1.0)           0;0    0.5060 (0.00)          1           1
test_feynman_transpile[hwb11.qasm]               6,758.6010 (>1000.0)   6,758.6010 (>1000.0)   6,758.6010 (>1000.0)  0.0000 (1.0)       6,758.6010 (>1000.0)   0.0000 (1.0)           0;0    0.1480 (0.00)          1           1
test_feynman_transpile[hwb12.qasm]              14,398.8071 (>1000.0)  14,398.8071 (>1000.0)  14,398.8071 (>1000.0)  0.0000 (1.0)      14,398.8071 (>1000.0)   0.0000 (1.0)           0;0    0.0695 (0.00)          1           1
---------------------------------------------------------------------------------------------------------------------------------------------------------------------------------------------------------------------------------

Legend:
  Outliers: 1 Standard Deviation from Mean; 1.5 IQR (InterQuartile Range) from 1st Quartile and 3rd Quartile.
  OPS: Operations Per Second, computed as 1 / Mean
=========================== short test summary info ============================
SKIPPED [3] benchpress/qiskit_gym/device_transpile/test_feynman.py:44: Circuit too large for given backend.
================== 50 passed, 3 skipped in 151.09s (0:02:31) ===================
