============================= test session starts ==============================
platform linux -- Python 3.11.11, pytest-9.1.1, pluggy-1.6.0
benchmark: 4.0.0 (defaults: timer=time.perf_counter disable_gc=False min_rounds=1 min_time=0.000005 max_time=1.0 calibration_precision=10 warmup=False warmup_iterations=100000)
qiskit: 2.6.0.dev0
qiskit_ibm_runtime: 0.47.0
timeout_skip_list: 0
rootdir: /mnt/data/spotter-val/benchpress/benchpress
configfile: pytest.ini
plugins: benchmark-4.0.0, memray-1.8.0
collected 492 items / 324 deselected / 168 selected

benchpress/qiskit_gym/abstract_transpile/test_qasmbench.py::TestWorkoutAbstractQasmBenchSmall::test_QASMBench_small[adder_n10-all-to-all] PASSED [  0%]
benchpress/qiskit_gym/abstract_transpile/test_qasmbench.py::TestWorkoutAbstractQasmBenchSmall::test_QASMBench_small[adder_n10-square] PASSED [  1%]
benchpress/qiskit_gym/abstract_transpile/test_qasmbench.py::TestWorkoutAbstractQasmBenchSmall::test_QASMBench_small[adder_n10-heavy-hex] PASSED [  1%]
benchpress/qiskit_gym/abstract_transpile/test_qasmbench.py::TestWorkoutAbstractQasmBenchSmall::test_QASMBench_small[adder_n10-linear] PASSED [  2%]
benchpress/qiskit_gym/abstract_transpile/test_qasmbench.py::TestWorkoutAbstractQasmBenchSmall::test_QASMBench_small[adder_n4-all-to-all] PASSED [  2%]
benchpress/qiskit_gym/abstract_transpile/test_qasmbench.py::TestWorkoutAbstractQasmBenchSmall::test_QASMBench_small[adder_n4-square] PASSED [  3%]
benchpress/qiskit_gym/abstract_transpile/test_qasmbench.py::TestWorkoutAbstractQasmBenchSmall::test_QASMBench_small[adder_n4-heavy-hex] PASSED [  4%]
benchpress/qiskit_gym/abstract_transpile/test_qasmbench.py::TestWorkoutAbstractQasmBenchSmall::test_QASMBench_small[adder_n4-linear] PASSED [  4%]
benchpress/qiskit_gym/abstract_transpile/test_qasmbench.py::TestWorkoutAbstractQasmBenchSmall::test_QASMBench_small[basis_change_n3-all-to-all] PASSED [  5%]
benchpress/qiskit_gym/abstract_transpile/test_qasmbench.py::TestWorkoutAbstractQasmBenchSmall::test_QASMBench_small[basis_change_n3-square] PASSED [  5%]
benchpress/qiskit_gym/abstract_transpile/test_qasmbench.py::TestWorkoutAbstractQasmBenchSmall::test_QASMBench_small[basis_change_n3-heavy-hex] PASSED [  6%]
benchpress/qiskit_gym/abstract_transpile/test_qasmbench.py::TestWorkoutAbstractQasmBenchSmall::test_QASMBench_small[basis_change_n3-linear] PASSED [  7%]
benchpress/qiskit_gym/abstract_transpile/test_qasmbench.py::TestWorkoutAbstractQasmBenchSmall::test_QASMBench_small[basis_test_n4-all-to-all] PASSED [  7%]
benchpress/qiskit_gym/abstract_transpile/test_qasmbench.py::TestWorkoutAbstractQasmBenchSmall::test_QASMBench_small[basis_test_n4-square] PASSED [  8%]
benchpress/qiskit_gym/abstract_transpile/test_qasmbench.py::TestWorkoutAbstractQasmBenchSmall::test_QASMBench_small[basis_test_n4-heavy-hex] PASSED [  8%]
benchpress/qiskit_gym/abstract_transpile/test_qasmbench.py::TestWorkoutAbstractQasmBenchSmall::test_QASMBench_small[basis_test_n4-linear] PASSED [  9%]
benchpress/qiskit_gym/abstract_transpile/test_qasmbench.py::TestWorkoutAbstractQasmBenchSmall::test_QASMBench_small[basis_trotter_n4-all-to-all] PASSED [ 10%]
benchpress/qiskit_gym/abstract_transpile/test_qasmbench.py::TestWorkoutAbstractQasmBenchSmall::test_QASMBench_small[basis_trotter_n4-square] PASSED [ 10%]
benchpress/qiskit_gym/abstract_transpile/test_qasmbench.py::TestWorkoutAbstractQasmBenchSmall::test_QASMBench_small[basis_trotter_n4-heavy-hex] PASSED [ 11%]
benchpress/qiskit_gym/abstract_transpile/test_qasmbench.py::TestWorkoutAbstractQasmBenchSmall::test_QASMBench_small[basis_trotter_n4-linear] PASSED [ 11%]
benchpress/qiskit_gym/abstract_transpile/test_qasmbench.py::TestWorkoutAbstractQasmBenchSmall::test_QASMBench_small[bb84_n8-all-to-all] PASSED [ 12%]
benchpress/qiskit_gym/abstract_transpile/test_qasmbench.py::TestWorkoutAbstractQasmBenchSmall::test_QASMBench_small[bb84_n8-square] PASSED [ 13%]
benchpress/qiskit_gym/abstract_transpile/test_qasmbench.py::TestWorkoutAbstractQasmBenchSmall::test_QASMBench_small[bb84_n8-heavy-hex] PASSED [ 13%]
benchpress/qiskit_gym/abstract_transpile/test_qasmbench.py::TestWorkoutAbstractQasmBenchSmall::test_QASMBench_small[bb84_n8-linear] PASSED [ 14%]
benchpress/qiskit_gym/abstract_transpile/test_qasmbench.py::TestWorkoutAbstractQasmBenchSmall::test_QASMBench_small[bell_n4-all-to-all] PASSED [ 14%]
benchpress/qiskit_gym/abstract_transpile/test_qasmbench.py::TestWorkoutAbstractQasmBenchSmall::test_QASMBench_small[bell_n4-square] PASSED [ 15%]
benchpress/qiskit_gym/abstract_transpile/test_qasmbench.py::TestWorkoutAbstractQasmBenchSmall::test_QASMBench_small[bell_n4-heavy-hex] PASSED [ 16%]
benchpress/qiskit_gym/abstract_transpile/test_qasmbench.py::TestWorkoutAbstractQasmBenchSmall::test_QASMBench_small[bell_n4-linear] PASSED [ 16%]
benchpress/qiskit_gym/abstract_transpile/test_qasmbench.py::TestWorkoutAbstractQasmBenchSmall::test_QASMBench_small[cat_state_n4-all-to-all] PASSED [ 17%]
benchpress/qiskit_gym/abstract_transpile/test_qasmbench.py::TestWorkoutAbstractQasmBenchSmall::test_QASMBench_small[cat_state_n4-square] PASSED [ 17%]
benchpress/qiskit_gym/abstract_transpile/test_qasmbench.py::TestWorkoutAbstractQasmBenchSmall::test_QASMBench_small[cat_state_n4-heavy-hex] PASSED [ 18%]
benchpress/qiskit_gym/abstract_transpile/test_qasmbench.py::TestWorkoutAbstractQasmBenchSmall::test_QASMBench_small[cat_state_n4-linear] PASSED [ 19%]
benchpress/qiskit_gym/abstract_transpile/test_qasmbench.py::TestWorkoutAbstractQasmBenchSmall::test_QASMBench_small[deutsch_n2-all-to-all] PASSED [ 19%]
benchpress/qiskit_gym/abstract_transpile/test_qasmbench.py::TestWorkoutAbstractQasmBenchSmall::test_QASMBench_small[deutsch_n2-square] PASSED [ 20%]
benchpress/qiskit_gym/abstract_transpile/test_qasmbench.py::TestWorkoutAbstractQasmBenchSmall::test_QASMBench_small[deutsch_n2-heavy-hex] PASSED [ 20%]
benchpress/qiskit_gym/abstract_transpile/test_qasmbench.py::TestWorkoutAbstractQasmBenchSmall::test_QASMBench_small[deutsch_n2-linear] PASSED [ 21%]
benchpress/qiskit_gym/abstract_transpile/test_qasmbench.py::TestWorkoutAbstractQasmBenchSmall::test_QASMBench_small[dnn_n2-all-to-all] PASSED [ 22%]
benchpress/qiskit_gym/abstract_transpile/test_qasmbench.py::TestWorkoutAbstractQasmBenchSmall::test_QASMBench_small[dnn_n2-square] PASSED [ 22%]
benchpress/qiskit_gym/abstract_transpile/test_qasmbench.py::TestWorkoutAbstractQasmBenchSmall::test_QASMBench_small[dnn_n2-heavy-hex] PASSED [ 23%]
benchpress/qiskit_gym/abstract_transpile/test_qasmbench.py::TestWorkoutAbstractQasmBenchSmall::test_QASMBench_small[dnn_n2-linear] PASSED [ 23%]
benchpress/qiskit_gym/abstract_transpile/test_qasmbench.py::TestWorkoutAbstractQasmBenchSmall::test_QASMBench_small[dnn_n8-all-to-all] PASSED [ 24%]
benchpress/qiskit_gym/abstract_transpile/test_qasmbench.py::TestWorkoutAbstractQasmBenchSmall::test_QASMBench_small[dnn_n8-square] PASSED [ 25%]
benchpress/qiskit_gym/abstract_transpile/test_qasmbench.py::TestWorkoutAbstractQasmBenchSmall::test_QASMBench_small[dnn_n8-heavy-hex] PASSED [ 25%]
benchpress/qiskit_gym/abstract_transpile/test_qasmbench.py::TestWorkoutAbstractQasmBenchSmall::test_QASMBench_small[dnn_n8-linear] PASSED [ 26%]
benchpress/qiskit_gym/abstract_transpile/test_qasmbench.py::TestWorkoutAbstractQasmBenchSmall::test_QASMBench_small[error_correctiond3_n5-all-to-all] PASSED [ 26%]
benchpress/qiskit_gym/abstract_transpile/test_qasmbench.py::TestWorkoutAbstractQasmBenchSmall::test_QASMBench_small[error_correctiond3_n5-square] PASSED [ 27%]
benchpress/qiskit_gym/abstract_transpile/test_qasmbench.py::TestWorkoutAbstractQasmBenchSmall::test_QASMBench_small[error_correctiond3_n5-heavy-hex] PASSED [ 27%]
benchpress/qiskit_gym/abstract_transpile/test_qasmbench.py::TestWorkoutAbstractQasmBenchSmall::test_QASMBench_small[error_correctiond3_n5-linear] PASSED [ 28%]
benchpress/qiskit_gym/abstract_transpile/test_qasmbench.py::TestWorkoutAbstractQasmBenchSmall::test_QASMBench_small[fredkin_n3-all-to-all] PASSED [ 29%]
benchpress/qiskit_gym/abstract_transpile/test_qasmbench.py::TestWorkoutAbstractQasmBenchSmall::test_QASMBench_small[fredkin_n3-square] PASSED [ 29%]
benchpress/qiskit_gym/abstract_transpile/test_qasmbench.py::TestWorkoutAbstractQasmBenchSmall::test_QASMBench_small[fredkin_n3-heavy-hex] PASSED [ 30%]
benchpress/qiskit_gym/abstract_transpile/test_qasmbench.py::TestWorkoutAbstractQasmBenchSmall::test_QASMBench_small[fredkin_n3-linear] PASSED [ 30%]
benchpress/qiskit_gym/abstract_transpile/test_qasmbench.py::TestWorkoutAbstractQasmBenchSmall::test_QASMBench_small[grover_n2-all-to-all] PASSED [ 31%]
benchpress/qiskit_gym/abstract_transpile/test_qasmbench.py::TestWorkoutAbstractQasmBenchSmall::test_QASMBench_small[grover_n2-square] PASSED [ 32%]
benchpress/qiskit_gym/abstract_transpile/test_qasmbench.py::TestWorkoutAbstractQasmBenchSmall::test_QASMBench_small[grover_n2-heavy-hex] PASSED [ 32%]
benchpress/qiskit_gym/abstract_transpile/test_qasmbench.py::TestWorkoutAbstractQasmBenchSmall::test_QASMBench_small[grover_n2-linear] PASSED [ 33%]
benchpress/qiskit_gym/abstract_transpile/test_qasmbench.py::TestWorkoutAbstractQasmBenchSmall::test_QASMBench_small[hhl_n7-all-to-all] PASSED [ 33%]
benchpress/qiskit_gym/abstract_transpile/test_qasmbench.py::TestWorkoutAbstractQasmBenchSmall::test_QASMBench_small[hhl_n7-square] PASSED [ 34%]
benchpress/qiskit_gym/abstract_transpile/test_qasmbench.py::TestWorkoutAbstractQasmBenchSmall::test_QASMBench_small[hhl_n7-heavy-hex] PASSED [ 35%]
benchpress/qiskit_gym/abstract_transpile/test_qasmbench.py::TestWorkoutAbstractQasmBenchSmall::test_QASMBench_small[hhl_n7-linear] PASSED [ 35%]
benchpress/qiskit_gym/abstract_transpile/test_qasmbench.py::TestWorkoutAbstractQasmBenchSmall::test_QASMBench_small[hs4_n4-all-to-all] PASSED [ 36%]
benchpress/qiskit_gym/abstract_transpile/test_qasmbench.py::TestWorkoutAbstractQasmBenchSmall::test_QASMBench_small[hs4_n4-square] PASSED [ 36%]
benchpress/qiskit_gym/abstract_transpile/test_qasmbench.py::TestWorkoutAbstractQasmBenchSmall::test_QASMBench_small[hs4_n4-heavy-hex] PASSED [ 37%]
benchpress/qiskit_gym/abstract_transpile/test_qasmbench.py::TestWorkoutAbstractQasmBenchSmall::test_QASMBench_small[hs4_n4-linear] PASSED [ 38%]
benchpress/qiskit_gym/abstract_transpile/test_qasmbench.py::TestWorkoutAbstractQasmBenchSmall::test_QASMBench_small[inverseqft_n4-all-to-all] PASSED [ 38%]
benchpress/qiskit_gym/abstract_transpile/test_qasmbench.py::TestWorkoutAbstractQasmBenchSmall::test_QASMBench_small[inverseqft_n4-square] PASSED [ 39%]
benchpress/qiskit_gym/abstract_transpile/test_qasmbench.py::TestWorkoutAbstractQasmBenchSmall::test_QASMBench_small[inverseqft_n4-heavy-hex] PASSED [ 39%]
benchpress/qiskit_gym/abstract_transpile/test_qasmbench.py::TestWorkoutAbstractQasmBenchSmall::test_QASMBench_small[inverseqft_n4-linear] PASSED [ 40%]
benchpress/qiskit_gym/abstract_transpile/test_qasmbench.py::TestWorkoutAbstractQasmBenchSmall::test_QASMBench_small[ipea_n2-all-to-all] PASSED [ 41%]
benchpress/qiskit_gym/abstract_transpile/test_qasmbench.py::TestWorkoutAbstractQasmBenchSmall::test_QASMBench_small[ipea_n2-square] PASSED [ 41%]
benchpress/qiskit_gym/abstract_transpile/test_qasmbench.py::TestWorkoutAbstractQasmBenchSmall::test_QASMBench_small[ipea_n2-heavy-hex] PASSED [ 42%]
benchpress/qiskit_gym/abstract_transpile/test_qasmbench.py::TestWorkoutAbstractQasmBenchSmall::test_QASMBench_small[ipea_n2-linear] PASSED [ 42%]
benchpress/qiskit_gym/abstract_transpile/test_qasmbench.py::TestWorkoutAbstractQasmBenchSmall::test_QASMBench_small[ising_n10-all-to-all] PASSED [ 43%]
benchpress/qiskit_gym/abstract_transpile/test_qasmbench.py::TestWorkoutAbstractQasmBenchSmall::test_QASMBench_small[ising_n10-square] PASSED [ 44%]
benchpress/qiskit_gym/abstract_transpile/test_qasmbench.py::TestWorkoutAbstractQasmBenchSmall::test_QASMBench_small[ising_n10-heavy-hex] PASSED [ 44%]
benchpress/qiskit_gym/abstract_transpile/test_qasmbench.py::TestWorkoutAbstractQasmBenchSmall::test_QASMBench_small[ising_n10-linear] PASSED [ 45%]
benchpress/qiskit_gym/abstract_transpile/test_qasmbench.py::TestWorkoutAbstractQasmBenchSmall::test_QASMBench_small[iswap_n2-all-to-all] PASSED [ 45%]
benchpress/qiskit_gym/abstract_transpile/test_qasmbench.py::TestWorkoutAbstractQasmBenchSmall::test_QASMBench_small[iswap_n2-square] PASSED [ 46%]
benchpress/qiskit_gym/abstract_transpile/test_qasmbench.py::TestWorkoutAbstractQasmBenchSmall::test_QASMBench_small[iswap_n2-heavy-hex] PASSED [ 47%]
benchpress/qiskit_gym/abstract_transpile/test_qasmbench.py::TestWorkoutAbstractQasmBenchSmall::test_QASMBench_small[iswap_n2-linear] PASSED [ 47%]
benchpress/qiskit_gym/abstract_transpile/test_qasmbench.py::TestWorkoutAbstractQasmBenchSmall::test_QASMBench_small[linearsolver_n3-all-to-all] PASSED [ 48%]
benchpress/qiskit_gym/abstract_transpile/test_qasmbench.py::TestWorkoutAbstractQasmBenchSmall::test_QASMBench_small[linearsolver_n3-square] PASSED [ 48%]
benchpress/qiskit_gym/abstract_transpile/test_qasmbench.py::TestWorkoutAbstractQasmBenchSmall::test_QASMBench_small[linearsolver_n3-heavy-hex] PASSED [ 49%]
benchpress/qiskit_gym/abstract_transpile/test_qasmbench.py::TestWorkoutAbstractQasmBenchSmall::test_QASMBench_small[linearsolver_n3-linear] PASSED [ 50%]
benchpress/qiskit_gym/abstract_transpile/test_qasmbench.py::TestWorkoutAbstractQasmBenchSmall::test_QASMBench_small[lpn_n5-all-to-all] PASSED [ 50%]
benchpress/qiskit_gym/abstract_transpile/test_qasmbench.py::TestWorkoutAbstractQasmBenchSmall::test_QASMBench_small[lpn_n5-square] PASSED [ 51%]
benchpress/qiskit_gym/abstract_transpile/test_qasmbench.py::TestWorkoutAbstractQasmBenchSmall::test_QASMBench_small[lpn_n5-heavy-hex] PASSED [ 51%]
benchpress/qiskit_gym/abstract_transpile/test_qasmbench.py::TestWorkoutAbstractQasmBenchSmall::test_QASMBench_small[lpn_n5-linear] PASSED [ 52%]
benchpress/qiskit_gym/abstract_transpile/test_qasmbench.py::TestWorkoutAbstractQasmBenchSmall::test_QASMBench_small[pea_n5-all-to-all] PASSED [ 52%]
benchpress/qiskit_gym/abstract_transpile/test_qasmbench.py::TestWorkoutAbstractQasmBenchSmall::test_QASMBench_small[pea_n5-square] PASSED [ 53%]
benchpress/qiskit_gym/abstract_transpile/test_qasmbench.py::TestWorkoutAbstractQasmBenchSmall::test_QASMBench_small[pea_n5-heavy-hex] PASSED [ 54%]
benchpress/qiskit_gym/abstract_transpile/test_qasmbench.py::TestWorkoutAbstractQasmBenchSmall::test_QASMBench_small[pea_n5-linear] PASSED [ 54%]
benchpress/qiskit_gym/abstract_transpile/test_qasmbench.py::TestWorkoutAbstractQasmBenchSmall::test_QASMBench_small[qaoa_n3-all-to-all] PASSED [ 55%]
benchpress/qiskit_gym/abstract_transpile/test_qasmbench.py::TestWorkoutAbstractQasmBenchSmall::test_QASMBench_small[qaoa_n3-square] PASSED [ 55%]
benchpress/qiskit_gym/abstract_transpile/test_qasmbench.py::TestWorkoutAbstractQasmBenchSmall::test_QASMBench_small[qaoa_n3-heavy-hex] PASSED [ 56%]
benchpress/qiskit_gym/abstract_transpile/test_qasmbench.py::TestWorkoutAbstractQasmBenchSmall::test_QASMBench_small[qaoa_n3-linear] PASSED [ 57%]
benchpress/qiskit_gym/abstract_transpile/test_qasmbench.py::TestWorkoutAbstractQasmBenchSmall::test_QASMBench_small[qaoa_n6-all-to-all] PASSED [ 57%]
benchpress/qiskit_gym/abstract_transpile/test_qasmbench.py::TestWorkoutAbstractQasmBenchSmall::test_QASMBench_small[qaoa_n6-square] PASSED [ 58%]
benchpress/qiskit_gym/abstract_transpile/test_qasmbench.py::TestWorkoutAbstractQasmBenchSmall::test_QASMBench_small[qaoa_n6-heavy-hex] PASSED [ 58%]
benchpress/qiskit_gym/abstract_transpile/test_qasmbench.py::TestWorkoutAbstractQasmBenchSmall::test_QASMBench_small[qaoa_n6-linear] PASSED [ 59%]
benchpress/qiskit_gym/abstract_transpile/test_qasmbench.py::TestWorkoutAbstractQasmBenchSmall::test_QASMBench_small[qec_en_n5-all-to-all] PASSED [ 60%]
benchpress/qiskit_gym/abstract_transpile/test_qasmbench.py::TestWorkoutAbstractQasmBenchSmall::test_QASMBench_small[qec_en_n5-square] PASSED [ 60%]
benchpress/qiskit_gym/abstract_transpile/test_qasmbench.py::TestWorkoutAbstractQasmBenchSmall::test_QASMBench_small[qec_en_n5-heavy-hex] PASSED [ 61%]
benchpress/qiskit_gym/abstract_transpile/test_qasmbench.py::TestWorkoutAbstractQasmBenchSmall::test_QASMBench_small[qec_en_n5-linear] PASSED [ 61%]
benchpress/qiskit_gym/abstract_transpile/test_qasmbench.py::TestWorkoutAbstractQasmBenchSmall::test_QASMBench_small[qec_sm_n5-all-to-all] PASSED [ 62%]
benchpress/qiskit_gym/abstract_transpile/test_qasmbench.py::TestWorkoutAbstractQasmBenchSmall::test_QASMBench_small[qec_sm_n5-square] PASSED [ 63%]
benchpress/qiskit_gym/abstract_transpile/test_qasmbench.py::TestWorkoutAbstractQasmBenchSmall::test_QASMBench_small[qec_sm_n5-heavy-hex] PASSED [ 63%]
benchpress/qiskit_gym/abstract_transpile/test_qasmbench.py::TestWorkoutAbstractQasmBenchSmall::test_QASMBench_small[qec_sm_n5-linear] PASSED [ 64%]
benchpress/qiskit_gym/abstract_transpile/test_qasmbench.py::TestWorkoutAbstractQasmBenchSmall::test_QASMBench_small[qft_n4-all-to-all] PASSED [ 64%]
benchpress/qiskit_gym/abstract_transpile/test_qasmbench.py::TestWorkoutAbstractQasmBenchSmall::test_QASMBench_small[qft_n4-square] PASSED [ 65%]
benchpress/qiskit_gym/abstract_transpile/test_qasmbench.py::TestWorkoutAbstractQasmBenchSmall::test_QASMBench_small[qft_n4-heavy-hex] PASSED [ 66%]
benchpress/qiskit_gym/abstract_transpile/test_qasmbench.py::TestWorkoutAbstractQasmBenchSmall::test_QASMBench_small[qft_n4-linear] PASSED [ 66%]
benchpress/qiskit_gym/abstract_transpile/test_qasmbench.py::TestWorkoutAbstractQasmBenchSmall::test_QASMBench_small[qpe_n9-all-to-all] PASSED [ 67%]
benchpress/qiskit_gym/abstract_transpile/test_qasmbench.py::TestWorkoutAbstractQasmBenchSmall::test_QASMBench_small[qpe_n9-square] PASSED [ 67%]
benchpress/qiskit_gym/abstract_transpile/test_qasmbench.py::TestWorkoutAbstractQasmBenchSmall::test_QASMBench_small[qpe_n9-heavy-hex] PASSED [ 68%]
benchpress/qiskit_gym/abstract_transpile/test_qasmbench.py::TestWorkoutAbstractQasmBenchSmall::test_QASMBench_small[qpe_n9-linear] PASSED [ 69%]
benchpress/qiskit_gym/abstract_transpile/test_qasmbench.py::TestWorkoutAbstractQasmBenchSmall::test_QASMBench_small[qrng_n4-all-to-all] PASSED [ 69%]
benchpress/qiskit_gym/abstract_transpile/test_qasmbench.py::TestWorkoutAbstractQasmBenchSmall::test_QASMBench_small[qrng_n4-square] PASSED [ 70%]
benchpress/qiskit_gym/abstract_transpile/test_qasmbench.py::TestWorkoutAbstractQasmBenchSmall::test_QASMBench_small[qrng_n4-heavy-hex] PASSED [ 70%]
benchpress/qiskit_gym/abstract_transpile/test_qasmbench.py::TestWorkoutAbstractQasmBenchSmall::test_QASMBench_small[qrng_n4-linear] PASSED [ 71%]
benchpress/qiskit_gym/abstract_transpile/test_qasmbench.py::TestWorkoutAbstractQasmBenchSmall::test_QASMBench_small[quantumwalks_n2-all-to-all] PASSED [ 72%]
benchpress/qiskit_gym/abstract_transpile/test_qasmbench.py::TestWorkoutAbstractQasmBenchSmall::test_QASMBench_small[quantumwalks_n2-square] PASSED [ 72%]
benchpress/qiskit_gym/abstract_transpile/test_qasmbench.py::TestWorkoutAbstractQasmBenchSmall::test_QASMBench_small[quantumwalks_n2-heavy-hex] PASSED [ 73%]
benchpress/qiskit_gym/abstract_transpile/test_qasmbench.py::TestWorkoutAbstractQasmBenchSmall::test_QASMBench_small[quantumwalks_n2-linear] PASSED [ 73%]
benchpress/qiskit_gym/abstract_transpile/test_qasmbench.py::TestWorkoutAbstractQasmBenchSmall::test_QASMBench_small[sat_n7-all-to-all] PASSED [ 74%]
benchpress/qiskit_gym/abstract_transpile/test_qasmbench.py::TestWorkoutAbstractQasmBenchSmall::test_QASMBench_small[sat_n7-square] PASSED [ 75%]
benchpress/qiskit_gym/abstract_transpile/test_qasmbench.py::TestWorkoutAbstractQasmBenchSmall::test_QASMBench_small[sat_n7-heavy-hex] PASSED [ 75%]
benchpress/qiskit_gym/abstract_transpile/test_qasmbench.py::TestWorkoutAbstractQasmBenchSmall::test_QASMBench_small[sat_n7-linear] PASSED [ 76%]
benchpress/qiskit_gym/abstract_transpile/test_qasmbench.py::TestWorkoutAbstractQasmBenchSmall::test_QASMBench_small[shor_n5-all-to-all] PASSED [ 76%]
benchpress/qiskit_gym/abstract_transpile/test_qasmbench.py::TestWorkoutAbstractQasmBenchSmall::test_QASMBench_small[shor_n5-square] PASSED [ 77%]
benchpress/qiskit_gym/abstract_transpile/test_qasmbench.py::TestWorkoutAbstractQasmBenchSmall::test_QASMBench_small[shor_n5-heavy-hex] PASSED [ 77%]
benchpress/qiskit_gym/abstract_transpile/test_qasmbench.py::TestWorkoutAbstractQasmBenchSmall::test_QASMBench_small[shor_n5-linear] PASSED [ 78%]
benchpress/qiskit_gym/abstract_transpile/test_qasmbench.py::TestWorkoutAbstractQasmBenchSmall::test_QASMBench_small[simon_n6-all-to-all] PASSED [ 79%]
benchpress/qiskit_gym/abstract_transpile/test_qasmbench.py::TestWorkoutAbstractQasmBenchSmall::test_QASMBench_small[simon_n6-square] PASSED [ 79%]
benchpress/qiskit_gym/abstract_transpile/test_qasmbench.py::TestWorkoutAbstractQasmBenchSmall::test_QASMBench_small[simon_n6-heavy-hex] PASSED [ 80%]
benchpress/qiskit_gym/abstract_transpile/test_qasmbench.py::TestWorkoutAbstractQasmBenchSmall::test_QASMBench_small[simon_n6-linear] PASSED [ 80%]
benchpress/qiskit_gym/abstract_transpile/test_qasmbench.py::TestWorkoutAbstractQasmBenchSmall::test_QASMBench_small[teleportation_n3-all-to-all] PASSED [ 81%]
benchpress/qiskit_gym/abstract_transpile/test_qasmbench.py::TestWorkoutAbstractQasmBenchSmall::test_QASMBench_small[teleportation_n3-square] PASSED [ 82%]
benchpress/qiskit_gym/abstract_transpile/test_qasmbench.py::TestWorkoutAbstractQasmBenchSmall::test_QASMBench_small[teleportation_n3-heavy-hex] PASSED [ 82%]
benchpress/qiskit_gym/abstract_transpile/test_qasmbench.py::TestWorkoutAbstractQasmBenchSmall::test_QASMBench_small[teleportation_n3-linear] PASSED [ 83%]
benchpress/qiskit_gym/abstract_transpile/test_qasmbench.py::TestWorkoutAbstractQasmBenchSmall::test_QASMBench_small[toffoli_n3-all-to-all] PASSED [ 83%]
benchpress/qiskit_gym/abstract_transpile/test_qasmbench.py::TestWorkoutAbstractQasmBenchSmall::test_QASMBench_small[toffoli_n3-square] PASSED [ 84%]
benchpress/qiskit_gym/abstract_transpile/test_qasmbench.py::TestWorkoutAbstractQasmBenchSmall::test_QASMBench_small[toffoli_n3-heavy-hex] PASSED [ 85%]
benchpress/qiskit_gym/abstract_transpile/test_qasmbench.py::TestWorkoutAbstractQasmBenchSmall::test_QASMBench_small[toffoli_n3-linear] PASSED [ 85%]
benchpress/qiskit_gym/abstract_transpile/test_qasmbench.py::TestWorkoutAbstractQasmBenchSmall::test_QASMBench_small[variational_n4-all-to-all] PASSED [ 86%]
benchpress/qiskit_gym/abstract_transpile/test_qasmbench.py::TestWorkoutAbstractQasmBenchSmall::test_QASMBench_small[variational_n4-square] PASSED [ 86%]
benchpress/qiskit_gym/abstract_transpile/test_qasmbench.py::TestWorkoutAbstractQasmBenchSmall::test_QASMBench_small[variational_n4-heavy-hex] PASSED [ 87%]
benchpress/qiskit_gym/abstract_transpile/test_qasmbench.py::TestWorkoutAbstractQasmBenchSmall::test_QASMBench_small[variational_n4-linear] PASSED [ 88%]
benchpress/qiskit_gym/abstract_transpile/test_qasmbench.py::TestWorkoutAbstractQasmBenchSmall::test_QASMBench_small[vqe_n4-all-to-all] PASSED [ 88%]
benchpress/qiskit_gym/abstract_transpile/test_qasmbench.py::TestWorkoutAbstractQasmBenchSmall::test_QASMBench_small[vqe_n4-square] PASSED [ 89%]
benchpress/qiskit_gym/abstract_transpile/test_qasmbench.py::TestWorkoutAbstractQasmBenchSmall::test_QASMBench_small[vqe_n4-heavy-hex] PASSED [ 89%]
benchpress/qiskit_gym/abstract_transpile/test_qasmbench.py::TestWorkoutAbstractQasmBenchSmall::test_QASMBench_small[vqe_n4-linear] PASSED [ 90%]
benchpress/qiskit_gym/abstract_transpile/test_qasmbench.py::TestWorkoutAbstractQasmBenchSmall::test_QASMBench_small[vqe_uccsd_n4-all-to-all] PASSED [ 91%]
benchpress/qiskit_gym/abstract_transpile/test_qasmbench.py::TestWorkoutAbstractQasmBenchSmall::test_QASMBench_small[vqe_uccsd_n4-square] PASSED [ 91%]
benchpress/qiskit_gym/abstract_transpile/test_qasmbench.py::TestWorkoutAbstractQasmBenchSmall::test_QASMBench_small[vqe_uccsd_n4-heavy-hex] PASSED [ 92%]
benchpress/qiskit_gym/abstract_transpile/test_qasmbench.py::TestWorkoutAbstractQasmBenchSmall::test_QASMBench_small[vqe_uccsd_n4-linear] PASSED [ 92%]
benchpress/qiskit_gym/abstract_transpile/test_qasmbench.py::TestWorkoutAbstractQasmBenchSmall::test_QASMBench_small[vqe_uccsd_n6-all-to-all] PASSED [ 93%]
benchpress/qiskit_gym/abstract_transpile/test_qasmbench.py::TestWorkoutAbstractQasmBenchSmall::test_QASMBench_small[vqe_uccsd_n6-square] PASSED [ 94%]
benchpress/qiskit_gym/abstract_transpile/test_qasmbench.py::TestWorkoutAbstractQasmBenchSmall::test_QASMBench_small[vqe_uccsd_n6-heavy-hex] PASSED [ 94%]
benchpress/qiskit_gym/abstract_transpile/test_qasmbench.py::TestWorkoutAbstractQasmBenchSmall::test_QASMBench_small[vqe_uccsd_n6-linear] PASSED [ 95%]
benchpress/qiskit_gym/abstract_transpile/test_qasmbench.py::TestWorkoutAbstractQasmBenchSmall::test_QASMBench_small[vqe_uccsd_n8-all-to-all] PASSED [ 95%]
benchpress/qiskit_gym/abstract_transpile/test_qasmbench.py::TestWorkoutAbstractQasmBenchSmall::test_QASMBench_small[vqe_uccsd_n8-square] PASSED [ 96%]
benchpress/qiskit_gym/abstract_transpile/test_qasmbench.py::TestWorkoutAbstractQasmBenchSmall::test_QASMBench_small[vqe_uccsd_n8-heavy-hex] PASSED [ 97%]
benchpress/qiskit_gym/abstract_transpile/test_qasmbench.py::TestWorkoutAbstractQasmBenchSmall::test_QASMBench_small[vqe_uccsd_n8-linear] PASSED [ 97%]
benchpress/qiskit_gym/abstract_transpile/test_qasmbench.py::TestWorkoutAbstractQasmBenchSmall::test_QASMBench_small[wstate_n3-all-to-all] PASSED [ 98%]
benchpress/qiskit_gym/abstract_transpile/test_qasmbench.py::TestWorkoutAbstractQasmBenchSmall::test_QASMBench_small[wstate_n3-square] PASSED [ 98%]
benchpress/qiskit_gym/abstract_transpile/test_qasmbench.py::TestWorkoutAbstractQasmBenchSmall::test_QASMBench_small[wstate_n3-heavy-hex] PASSED [ 99%]
benchpress/qiskit_gym/abstract_transpile/test_qasmbench.py::TestWorkoutAbstractQasmBenchSmall::test_QASMBench_small[wstate_n3-linear] PASSED [100%]
Wrote benchmark data in: <_io.BufferedWriter name='/mnt/data/spotter-val/fullsuite_evidence/abstract_small/pr.json'>



---------------------------------------------------------------------------------------------------- benchmark 'Transpile - Abstract': 168 tests ----------------------------------------------------------------------------------------------------
Name (time in us)                                                  Min                    Max                   Mean                StdDev                 Median                   IQR            Outliers         OPS            Rounds  Iterations
-----------------------------------------------------------------------------------------------------------------------------------------------------------------------------------------------------------------------------------------------------
test_QASMBench_small[qrng_n4-square]                          560.7773 (1.0)       1,129.2286 (1.0)         644.8011 (1.0)         46.8990 (1.15)        640.0123 (1.0)         35.8080 (1.0)        127;41  1,550.8659 (1.0)        1123           1
test_QASMBench_small[qrng_n4-linear]                          563.6141 (1.01)      1,163.9539 (1.03)        657.2413 (1.02)        64.6172 (1.58)        648.6848 (1.01)        41.4304 (1.16)        87;41  1,521.5113 (0.98)       1143           1
test_QASMBench_small[qrng_n4-all-to-all]                      583.8629 (1.04)      1,402.7674 (1.24)        665.8036 (1.03)        74.7444 (1.83)        654.3640 (1.02)        44.1894 (1.23)        40;33  1,501.9445 (0.97)        890           1
test_QASMBench_small[deutsch_n2-linear]                       805.5475 (1.44)      1,231.3277 (1.09)        896.0180 (1.39)        40.8507 (1.0)         892.9148 (1.40)        39.4988 (1.10)       157;29  1,116.0491 (0.72)        851           1
test_QASMBench_small[deutsch_n2-all-to-all]                   813.9256 (1.45)      1,254.6107 (1.11)        920.5231 (1.43)        62.7027 (1.53)        909.9385 (1.42)        55.7080 (1.56)       124;44  1,086.3388 (0.70)        844           1
test_QASMBench_small[iswap_n2-linear]                         905.1152 (1.61)      1,245.8898 (1.10)      1,031.2214 (1.60)        47.6918 (1.17)      1,030.0549 (1.61)        57.6098 (1.61)       219;18    969.7239 (0.63)        782           1
test_QASMBench_small[grover_n2-linear]                        906.1322 (1.62)     42,966.8389 (38.05)     1,055.1719 (1.64)     1,473.2646 (36.06)     1,000.2740 (1.56)        48.2285 (1.35)         1;20    947.7129 (0.61)        812           1
test_QASMBench_small[grover_n2-all-to-all]                    922.3279 (1.64)      1,364.0411 (1.21)      1,039.0587 (1.61)        49.2173 (1.20)      1,030.3259 (1.61)        55.9743 (1.56)       162;23    962.4095 (0.62)        754           1
test_QASMBench_small[iswap_n2-all-to-all]                     922.7134 (1.65)      1,477.1689 (1.31)      1,035.1508 (1.61)        54.6437 (1.34)      1,025.8742 (1.60)        48.3445 (1.35)       115;32    966.0428 (0.62)        713           1
test_QASMBench_small[bb84_n8-linear]                          949.1108 (1.69)      1,603.4357 (1.42)      1,172.2917 (1.82)        87.7311 (2.15)      1,167.6773 (1.82)       112.8996 (3.15)       186;19    853.0300 (0.55)        719           1
test_QASMBench_small[deutsch_n2-square]                       988.6902 (1.76)      1,485.4390 (1.32)      1,093.5568 (1.70)        48.7210 (1.19)      1,086.7435 (1.70)        57.2875 (1.60)       180;17    914.4472 (0.59)        771           1
test_QASMBench_small[grover_n2-square]                        996.3177 (1.78)      1,628.5367 (1.44)      1,163.5524 (1.80)        63.5357 (1.56)      1,157.1478 (1.81)        68.8396 (1.92)       147;28    859.4370 (0.55)        718           1
test_QASMBench_small[qrng_n4-heavy-hex]                     1,003.3622 (1.79)      1,713.8328 (1.52)      1,171.1533 (1.82)        74.4061 (1.82)      1,162.1024 (1.82)        81.8446 (2.29)       109;13    853.8592 (0.55)        538           1
test_QASMBench_small[dnn_n2-all-to-all]                     1,024.6579 (1.83)      1,602.0890 (1.42)      1,149.3428 (1.78)        56.0170 (1.37)      1,143.4685 (1.79)        58.6626 (1.64)       139;18    870.0625 (0.56)        709           1
test_QASMBench_small[bb84_n8-square]                        1,039.2163 (1.85)      1,634.0502 (1.45)      1,201.4279 (1.86)        84.1541 (2.06)      1,194.4063 (1.87)        90.1530 (2.52)       150;33    832.3429 (0.54)        719           1
test_QASMBench_small[bb84_n8-all-to-all]                    1,039.3113 (1.85)      1,851.2458 (1.64)      1,232.9857 (1.91)        94.5154 (2.31)      1,220.3790 (1.91)       123.4729 (3.45)       182;15    811.0394 (0.52)        681           1
test_QASMBench_small[teleportation_n3-square]               1,079.5556 (1.93)      1,593.6140 (1.41)      1,212.4895 (1.88)        49.9315 (1.22)      1,209.7936 (1.89)        50.9685 (1.42)       125;19    824.7494 (0.53)        677           1
test_QASMBench_small[dnn_n2-linear]                         1,081.4555 (1.93)      1,666.6781 (1.48)      1,215.0842 (1.88)        55.2967 (1.35)      1,214.6253 (1.90)        68.1235 (1.90)       208;13    822.9883 (0.53)        717           1
test_QASMBench_small[quantumwalks_n2-linear]                1,092.2700 (1.95)      1,692.4217 (1.50)      1,198.7179 (1.86)        51.3215 (1.26)      1,194.2228 (1.87)        50.2672 (1.40)       142;21    834.2247 (0.54)        732           1
test_QASMBench_small[quantumwalks_n2-all-to-all]            1,098.0051 (1.96)      1,631.3810 (1.44)      1,213.0862 (1.88)        53.0598 (1.30)      1,208.0735 (1.89)        48.8944 (1.37)       103;21    824.3437 (0.53)        662           1
test_QASMBench_small[teleportation_n3-all-to-all]           1,117.7137 (1.99)      1,841.9083 (1.63)      1,221.5264 (1.89)        54.1884 (1.33)      1,215.5185 (1.90)        48.9764 (1.37)       108;24    818.6479 (0.53)        714           1
test_QASMBench_small[teleportation_n3-linear]               1,122.9757 (2.00)      1,653.6862 (1.46)      1,270.7249 (1.97)        51.8321 (1.27)      1,267.0383 (1.98)        53.7690 (1.50)       131;21    786.9524 (0.51)        666           1
test_QASMBench_small[iswap_n2-square]                       1,124.3429 (2.00)      1,532.4913 (1.36)      1,231.1204 (1.91)        41.7677 (1.02)      1,229.7174 (1.92)        46.8045 (1.31)       149;21    812.2683 (0.52)        732           1
test_QASMBench_small[cat_state_n4-linear]                   1,141.3917 (2.04)      1,771.4780 (1.57)      1,247.6054 (1.93)        50.7082 (1.24)      1,241.1047 (1.94)        52.3338 (1.46)       143;21    801.5355 (0.52)        692           1
test_QASMBench_small[lpn_n5-linear]                         1,186.5683 (2.12)      1,735.9313 (1.54)      1,324.0231 (2.05)        55.4592 (1.36)      1,321.2850 (2.06)        57.1236 (1.60)       144;24    755.2739 (0.49)        682           1
test_QASMBench_small[lpn_n5-all-to-all]                     1,189.3995 (2.12)      1,734.6479 (1.54)      1,314.6733 (2.04)        61.7006 (1.51)      1,310.4156 (2.05)        64.8960 (1.81)       145;24    760.6452 (0.49)        703           1
test_QASMBench_small[quantumwalks_n2-square]                1,197.5970 (2.14)      1,691.3805 (1.50)      1,331.8086 (2.07)        49.0796 (1.20)      1,328.8110 (2.08)        50.7841 (1.42)       117;18    750.8586 (0.48)        675           1
test_QASMBench_small[dnn_n2-square]                         1,201.9612 (2.14)      1,899.0766 (1.68)      1,316.1107 (2.04)        66.8382 (1.64)      1,307.2770 (2.04)        59.9734 (1.67)       102;25    759.8145 (0.49)        587           1
test_QASMBench_small[cat_state_n4-square]                   1,218.2593 (2.17)      1,668.2427 (1.48)      1,332.1258 (2.07)        46.6310 (1.14)      1,330.0385 (2.08)        46.4660 (1.30)       143;17    750.6799 (0.48)        711           1
test_QASMBench_small[cat_state_n4-all-to-all]               1,218.7064 (2.17)      1,724.7610 (1.53)      1,352.8434 (2.10)        46.7044 (1.14)      1,348.6361 (2.11)        54.0130 (1.51)       160;16    739.1839 (0.48)        658           1
test_QASMBench_small[bb84_n8-heavy-hex]                     1,313.3958 (2.34)      1,911.9121 (1.69)      1,509.0451 (2.34)        80.8577 (1.98)      1,499.4778 (2.34)        85.0945 (2.38)       126;24    662.6707 (0.43)        525           1
test_QASMBench_small[linearsolver_n3-linear]                1,319.6617 (2.35)      1,897.5418 (1.68)      1,501.8593 (2.33)        64.0531 (1.57)      1,496.1064 (2.34)        60.9569 (1.70)       111;28    665.8413 (0.43)        564           1
test_QASMBench_small[qaoa_n3-all-to-all]                    1,344.3474 (2.40)      1,893.0044 (1.68)      1,463.0617 (2.27)        53.9079 (1.32)      1,456.2905 (2.28)        53.5771 (1.50)       118;22    683.4982 (0.44)        626           1
test_QASMBench_small[linearsolver_n3-all-to-all]            1,385.1859 (2.47)      1,980.2190 (1.75)      1,522.9540 (2.36)        53.9976 (1.32)      1,515.8523 (2.37)        56.1103 (1.57)        98;18    656.6187 (0.42)        571           1
test_QASMBench_small[hs4_n4-linear]                         1,394.5363 (2.49)      3,033.8839 (2.69)      1,554.7618 (2.41)       105.2204 (2.58)      1,537.5884 (2.40)        75.8003 (2.12)        64;35    643.1853 (0.41)        562           1
test_QASMBench_small[lpn_n5-square]                         1,396.8274 (2.49)      1,910.9026 (1.69)      1,559.1215 (2.42)        66.2102 (1.62)      1,556.3564 (2.43)        80.7513 (2.26)       139;18    641.3868 (0.41)        570           1
test_QASMBench_small[hs4_n4-square]                         1,406.0102 (2.51)      1,999.1230 (1.77)      1,574.8734 (2.44)        80.5643 (1.97)      1,559.3674 (2.44)        84.6526 (2.36)       116;21    634.9717 (0.41)        583           1
test_QASMBench_small[toffoli_n3-all-to-all]                 1,447.8490 (2.58)      1,984.5143 (1.76)      1,585.4881 (2.46)        70.0169 (1.71)      1,579.9124 (2.47)        61.1329 (1.71)       104;28    630.7206 (0.41)        559           1
test_QASMBench_small[hs4_n4-all-to-all]                     1,452.7310 (2.59)      2,055.8406 (1.82)      1,605.9918 (2.49)        80.3463 (1.97)      1,592.0969 (2.49)        75.9680 (2.12)        97;23    622.6682 (0.40)        550           1
test_QASMBench_small[linearsolver_n3-square]                1,464.7003 (2.61)      2,128.1987 (1.88)      1,579.2299 (2.45)        62.0038 (1.52)      1,571.0909 (2.45)        50.7045 (1.42)        81;28    633.2200 (0.41)        583           1
test_QASMBench_small[deutsch_n2-heavy-hex]                  1,543.8963 (2.75)      2,127.9752 (1.88)      1,783.4715 (2.77)        84.6073 (2.07)      1,773.3658 (2.77)       100.1675 (2.80)       136;17    560.7042 (0.36)        502           1
test_QASMBench_small[fredkin_n3-all-to-all]                 1,644.3450 (2.93)      2,430.6774 (2.15)      1,794.8550 (2.78)        74.8393 (1.83)      1,788.7885 (2.79)        79.4092 (2.22)       105;13    557.1481 (0.36)        524           1
test_QASMBench_small[grover_n2-heavy-hex]                   1,685.7497 (3.01)      2,720.4771 (2.41)      1,894.7978 (2.94)       109.9391 (2.69)      1,878.2690 (2.93)       108.3282 (3.03)        98;23    527.7608 (0.34)        443           1
test_QASMBench_small[basis_test_n4-square]                  1,718.5770 (3.06)      2,317.2572 (2.05)      1,884.8524 (2.92)        86.9572 (2.13)      1,861.2519 (2.91)        98.0897 (2.74)       116;16    530.5455 (0.34)        465           1
test_QASMBench_small[variational_n4-linear]                 1,725.0124 (3.08)      2,272.3172 (2.01)      1,871.5900 (2.90)        67.4586 (1.65)      1,863.6156 (2.91)        66.1635 (1.85)        95;20    534.3050 (0.34)        473           1
test_QASMBench_small[basis_test_n4-linear]                  1,752.4306 (3.13)      2,295.4457 (2.03)      1,917.2936 (2.97)        59.7237 (1.46)      1,914.5664 (2.99)        65.5577 (1.83)       106;16    521.5685 (0.34)        490           1
test_QASMBench_small[iswap_n2-heavy-hex]                    1,761.7773 (3.14)      3,098.3109 (2.74)      1,936.5512 (3.00)       113.7141 (2.78)      1,918.8244 (3.00)        94.0058 (2.63)        62;24    516.3819 (0.33)        426           1
test_QASMBench_small[variational_n4-all-to-all]             1,770.6975 (3.16)      2,394.8196 (2.12)      1,938.8136 (3.01)        72.6683 (1.78)      1,930.5870 (3.02)        76.2497 (2.13)       104;19    515.7793 (0.33)        477           1
test_QASMBench_small[teleportation_n3-heavy-hex]            1,775.0543 (3.17)      2,487.8401 (2.20)      1,951.6409 (3.03)        84.5069 (2.07)      1,940.6006 (3.03)        89.7096 (2.51)        87;18    512.3893 (0.33)        396           1
test_QASMBench_small[basis_test_n4-all-to-all]              1,777.3043 (3.17)      2,242.2709 (1.99)      1,978.5296 (3.07)        58.1849 (1.42)      1,978.0817 (3.09)        61.5176 (1.72)        96;19    505.4259 (0.33)        406           1
test_QASMBench_small[cat_state_n4-heavy-hex]                1,777.4701 (3.17)      3,015.4418 (2.67)      2,084.7627 (3.23)       122.6748 (3.00)      2,061.3056 (3.22)       122.1327 (3.41)        85;20    479.6709 (0.31)        436           1
test_QASMBench_small[variational_n4-square]                 1,785.7663 (3.18)      2,550.1419 (2.26)      1,964.4410 (3.05)        71.2817 (1.74)      1,960.3856 (3.06)        80.7433 (2.25)        95;12    509.0507 (0.33)        437           1
test_QASMBench_small[lpn_n5-heavy-hex]                      1,804.2214 (3.22)      2,515.5172 (2.23)      2,038.4884 (3.16)        93.8585 (2.30)      2,023.2135 (3.16)        98.8599 (2.76)       106;23    490.5596 (0.32)        466           1
test_QASMBench_small[dnn_n2-heavy-hex]                      1,811.5360 (3.23)      2,663.0666 (2.36)      2,041.6698 (3.17)        99.2744 (2.43)      2,027.5898 (3.17)       123.7579 (3.46)        111;7    489.7952 (0.32)        398           1
test_QASMBench_small[bell_n4-all-to-all]                    1,853.1177 (3.30)      2,419.1905 (2.14)      2,010.4555 (3.12)        64.4742 (1.58)      2,005.1505 (3.13)        65.6350 (1.83)        82;18    497.3997 (0.32)        427           1
test_QASMBench_small[basis_change_n3-all-to-all]            1,855.4088 (3.31)      2,484.0031 (2.20)      2,044.0897 (3.17)        81.6298 (2.00)      2,032.4886 (3.18)        88.5222 (2.47)        99;15    489.2153 (0.32)        387           1
test_QASMBench_small[qec_en_n5-all-to-all]                  1,862.3751 (3.32)      2,603.7972 (2.31)      2,043.4127 (3.17)        98.7222 (2.42)      2,028.2390 (3.17)       134.1589 (3.75)        102;7    489.3774 (0.32)        362           1
test_QASMBench_small[quantumwalks_n2-heavy-hex]             1,866.8156 (3.33)      2,451.9935 (2.17)      2,064.6957 (3.20)        85.9508 (2.10)      2,051.8713 (3.21)       104.1284 (2.91)        101;9    484.3329 (0.31)        396           1
test_QASMBench_small[basis_change_n3-square]                1,871.1407 (3.34)      2,586.4728 (2.29)      2,090.7730 (3.24)        86.1294 (2.11)      2,076.8670 (3.25)        88.2484 (2.46)       107;23    478.2920 (0.31)        470           1
test_QASMBench_small[basis_change_n3-linear]                1,881.7950 (3.36)      2,627.9557 (2.33)      2,090.0825 (3.24)        97.4795 (2.39)      2,081.7984 (3.25)       137.1969 (3.83)        131;6    478.4500 (0.31)        443           1
test_QASMBench_small[bell_n4-linear]                        1,886.2076 (3.36)      2,421.2189 (2.14)      2,010.3071 (3.12)        58.0437 (1.42)      2,005.6041 (3.13)        64.6831 (1.81)       118;14    497.4364 (0.32)        476           1
test_QASMBench_small[adder_n4-all-to-all]                   1,886.4088 (3.36)      2,364.2704 (2.09)      2,051.8129 (3.18)        67.5362 (1.65)      2,042.2563 (3.19)        80.1496 (2.24)       110;15    487.3739 (0.31)        421           1
test_QASMBench_small[bell_n4-square]                        1,899.6745 (3.39)      2,386.8289 (2.11)      2,022.0600 (3.14)        59.5313 (1.46)      2,017.6116 (3.15)        60.9681 (1.70)        89;14    494.5452 (0.32)        467           1
test_QASMBench_small[adder_n4-square]                       1,925.4480 (3.43)      2,675.1421 (2.37)      2,101.6175 (3.26)        79.0481 (1.94)      2,095.6825 (3.27)        91.2878 (2.55)       119;16    475.8240 (0.31)        467           1
test_QASMBench_small[linearsolver_n3-heavy-hex]             2,062.4455 (3.68)      2,737.0825 (2.42)      2,349.9791 (3.64)       107.1415 (2.62)      2,344.9669 (3.66)       136.1091 (3.80)        116;8    425.5357 (0.27)        394           1
test_QASMBench_small[vqe_n4-square]                         2,067.3610 (3.69)      2,789.6203 (2.47)      2,249.7317 (3.49)        87.8999 (2.15)      2,233.9290 (3.49)        83.2900 (2.33)        99;25    444.4975 (0.29)        438           1
test_QASMBench_small[qec_en_n5-square]                      2,105.3087 (3.75)      2,745.8128 (2.43)      2,318.4159 (3.60)        89.7232 (2.20)      2,307.9002 (3.61)       104.4516 (2.92)       125;13    431.3290 (0.28)        434           1
test_QASMBench_small[vqe_n4-all-to-all]                     2,105.9699 (3.76)     47,997.8807 (42.51)     2,439.2855 (3.78)     2,360.5245 (57.78)     2,317.5683 (3.62)       115.9497 (3.24)          1;9    409.9561 (0.26)        375           1
test_QASMBench_small[vqe_n4-linear]                         2,114.2345 (3.77)      2,595.3576 (2.30)      2,276.9569 (3.53)        76.4612 (1.87)      2,268.9495 (3.55)        92.2647 (2.58)       115;12    439.1827 (0.28)        411           1
test_QASMBench_small[hs4_n4-heavy-hex]                      2,138.2999 (3.81)      2,902.1930 (2.57)      2,393.5797 (3.71)       109.0583 (2.67)      2,384.2510 (3.73)       136.8206 (3.82)        104;6    417.7843 (0.27)        349           1
test_QASMBench_small[qft_n4-all-to-all]                     2,156.8406 (3.85)      2,817.7015 (2.50)      2,332.9929 (3.62)        96.4830 (2.36)      2,318.3636 (3.62)       106.3668 (2.97)       107;12    428.6340 (0.28)        391           1
test_QASMBench_small[qaoa_n3-linear]                        2,471.3930 (4.41)      3,652.8576 (3.23)      2,804.2219 (4.35)       114.3910 (2.80)      2,799.3880 (4.37)       139.0129 (3.88)         84;8    356.6052 (0.23)        358           1
test_QASMBench_small[basis_test_n4-heavy-hex]               2,495.8067 (4.45)      3,799.6769 (3.36)      2,789.0629 (4.33)       112.7864 (2.76)      2,787.2762 (4.36)       118.6170 (3.31)         77;8    358.5434 (0.23)        350           1
test_QASMBench_small[variational_n4-heavy-hex]              2,502.2421 (4.46)      3,074.0425 (2.72)      2,708.5540 (4.20)        94.2040 (2.31)      2,704.5943 (4.23)       123.1516 (3.44)         86;7    369.2007 (0.24)        336           1
test_QASMBench_small[bell_n4-heavy-hex]                     2,520.3805 (4.49)      3,283.5770 (2.91)      2,745.7988 (4.26)       100.2030 (2.45)      2,733.3666 (4.27)       127.1199 (3.55)         91;6    364.1927 (0.23)        348           1
test_QASMBench_small[toffoli_n3-linear]                     2,525.2942 (4.50)      3,281.5356 (2.91)      2,760.9818 (4.28)       115.2543 (2.82)      2,751.7267 (4.30)       145.7632 (4.07)        100;6    362.1900 (0.23)        347           1
test_QASMBench_small[basis_change_n3-heavy-hex]             2,578.4597 (4.60)      3,508.6516 (3.11)      2,846.6252 (4.41)       108.4314 (2.65)      2,836.7918 (4.43)       107.8136 (3.01)        66;17    351.2932 (0.23)        344           1
test_QASMBench_small[qaoa_n3-square]                        2,623.8170 (4.68)      3,514.6344 (3.11)      2,898.8355 (4.50)       128.2787 (3.14)      2,877.7262 (4.50)       189.0510 (5.28)         99;4    344.9661 (0.22)        326           1
test_QASMBench_small[toffoli_n3-square]                     2,625.9031 (4.68)      3,546.5658 (3.14)      2,964.2388 (4.60)       112.5047 (2.75)      2,955.0437 (4.62)       121.1776 (3.38)        64;10    337.3547 (0.22)        281           1
test_QASMBench_small[vqe_n4-heavy-hex]                      2,843.7469 (5.07)      3,560.6362 (3.15)      3,059.2152 (4.74)        99.5651 (2.44)      3,045.2935 (4.76)       119.7401 (3.34)         87;6    326.8812 (0.21)        326           1
test_QASMBench_small[qec_sm_n5-all-to-all]                  2,857.0183 (5.09)      3,699.6026 (3.28)      3,247.4498 (5.04)       155.0522 (3.80)      3,230.1787 (5.05)       191.3584 (5.34)         72;4    307.9339 (0.20)        255           1
test_QASMBench_small[fredkin_n3-linear]                     2,963.6119 (5.28)      3,978.0308 (3.52)      3,255.8031 (5.05)       117.2243 (2.87)      3,245.5623 (5.07)       140.4751 (3.92)         84;5    307.1439 (0.20)        293           1
test_QASMBench_small[wstate_n3-all-to-all]                  3,086.6135 (5.50)      7,500.0133 (6.64)      3,293.5471 (5.11)       279.9965 (6.85)      3,274.1716 (5.12)       100.5530 (2.81)          3;7    303.6240 (0.20)        254           1
test_QASMBench_small[inverseqft_n4-all-to-all]              3,099.5551 (5.53)      3,932.2600 (3.48)      3,493.7476 (5.42)       135.9642 (3.33)      3,498.9957 (5.47)       176.6272 (4.93)        69;10    286.2256 (0.18)        267           1
test_QASMBench_small[inverseqft_n4-square]                  3,107.1045 (5.54)      4,179.3790 (3.70)      3,539.1132 (5.49)       149.0640 (3.65)      3,537.9855 (5.53)       182.6053 (5.10)        63;13    282.5567 (0.18)        284           1
test_QASMBench_small[fredkin_n3-square]                     3,110.7236 (5.55)      3,750.3298 (3.32)      3,412.4540 (5.29)       114.8208 (2.81)      3,405.2581 (5.32)       155.6948 (4.35)         94;2    293.0442 (0.19)        297           1
test_QASMBench_small[inverseqft_n4-linear]                  3,149.7404 (5.62)      4,163.7663 (3.69)      3,579.3242 (5.55)       153.4607 (3.76)      3,593.5165 (5.61)       188.2892 (5.26)        61;10    279.3823 (0.18)        268           1
test_QASMBench_small[qec_sm_n5-linear]                      3,218.2317 (5.74)      4,015.5519 (3.56)      3,490.9154 (5.41)       135.2212 (3.31)      3,462.4524 (5.41)       182.3637 (5.09)         89;3    286.4578 (0.18)        263           1
test_QASMBench_small[qaoa_n3-heavy-hex]                     3,341.9803 (5.96)      4,583.1576 (4.06)      3,660.3938 (5.68)       156.8656 (3.84)      3,645.7628 (5.70)       159.8718 (4.46)         39;7    273.1946 (0.18)        207           1
test_QASMBench_small[simon_n6-all-to-all]                   3,345.9701 (5.97)      4,161.8161 (3.69)      3,641.4356 (5.65)       115.8766 (2.84)      3,634.5199 (5.68)       137.4492 (3.84)         72;5    274.6170 (0.18)        267           1
test_QASMBench_small[qec_sm_n5-square]                      3,351.7629 (5.98)      4,244.3424 (3.76)      3,653.5831 (5.67)       153.5623 (3.76)      3,625.9852 (5.67)       206.5571 (5.77)         80;4    273.7039 (0.18)        267           1
test_QASMBench_small[error_correctiond3_n5-all-to-all]      3,364.4848 (6.00)      4,145.3578 (3.67)      3,638.8513 (5.64)       116.0285 (2.84)      3,624.5883 (5.66)       130.0802 (3.63)        68;10    274.8120 (0.18)        269           1
test_QASMBench_small[qft_n4-square]                         3,411.8239 (6.08)      4,402.1662 (3.90)      3,759.7313 (5.83)       128.8336 (3.15)      3,752.5594 (5.86)       148.7937 (4.16)        71;12    265.9765 (0.17)        265           1
test_QASMBench_small[toffoli_n3-heavy-hex]                  3,432.0224 (6.12)      4,641.6428 (4.11)      3,769.3306 (5.85)       165.2313 (4.04)      3,742.2916 (5.85)       192.9048 (5.39)         45;6    265.2991 (0.17)        206           1
test_QASMBench_small[adder_n4-linear]                       3,481.2670 (6.21)      4,615.8973 (4.09)      3,727.2480 (5.78)       140.1098 (3.43)      3,712.1493 (5.80)       177.3550 (4.95)         64;5    268.2945 (0.17)        251           1
test_QASMBench_small[qft_n4-linear]                         3,635.1737 (6.48)      4,480.8351 (3.97)      3,947.3131 (6.12)       143.8873 (3.52)      3,933.2248 (6.15)       188.9532 (5.28)         73;4    253.3369 (0.16)        252           1
test_QASMBench_small[qec_en_n5-linear]                      3,646.7165 (6.50)     59,018.9695 (52.26)     4,221.6994 (6.55)     3,496.0756 (85.58)     3,998.5394 (6.25)       174.0316 (4.86)          1;3    236.8714 (0.15)        248           1
test_QASMBench_small[qaoa_n6-all-to-all]                    3,679.2867 (6.56)      4,601.1209 (4.07)      4,033.6967 (6.26)       131.0652 (3.21)      4,021.0057 (6.28)       155.0624 (4.33)        60;10    247.9115 (0.16)        241           1
test_QASMBench_small[qec_en_n5-heavy-hex]                   3,740.0927 (6.67)      5,921.8053 (5.24)      4,119.0022 (6.39)       212.7483 (5.21)      4,089.4123 (6.39)       151.0084 (4.22)        25;10    242.7772 (0.16)        242           1
test_QASMBench_small[fredkin_n3-heavy-hex]                  3,878.6307 (6.92)      5,331.3449 (4.72)      4,181.9769 (6.49)       143.6881 (3.52)      4,172.8811 (6.52)       130.6795 (3.65)        41;10    239.1214 (0.15)        220           1
test_QASMBench_small[adder_n4-heavy-hex]                    3,967.8570 (7.08)      5,468.1189 (4.84)      4,377.3856 (6.79)       158.4516 (3.88)      4,354.3354 (6.80)       162.5544 (4.54)         41;5    228.4469 (0.15)        199           1
test_QASMBench_small[inverseqft_n4-heavy-hex]               3,980.5006 (7.10)      4,955.4892 (4.39)      4,380.1835 (6.79)       159.7669 (3.91)      4,362.6986 (6.82)       196.5989 (5.49)        58;10    228.3009 (0.15)        233           1
test_QASMBench_small[qec_sm_n5-heavy-hex]                   4,078.0511 (7.27)      4,833.2307 (4.28)      4,346.4754 (6.74)       138.2770 (3.38)      4,317.5593 (6.75)       199.9121 (5.58)         67;3    230.0715 (0.15)        212           1
test_QASMBench_small[qft_n4-heavy-hex]                      4,091.1399 (7.30)      4,954.3139 (4.39)      4,400.0585 (6.82)       136.9472 (3.35)      4,388.0511 (6.86)       164.9968 (4.61)         56;3    227.2697 (0.15)        190           1
test_QASMBench_small[vqe_uccsd_n4-all-to-all]               4,351.8543 (7.76)      5,157.0311 (4.57)      4,661.5315 (7.23)       129.6786 (3.17)      4,666.3601 (7.29)       195.6918 (5.47)         58;1    214.5218 (0.14)        173           1
test_QASMBench_small[vqe_uccsd_n4-square]                   4,360.0630 (7.78)      5,225.7851 (4.63)      4,677.5011 (7.25)       154.8324 (3.79)      4,659.0585 (7.28)       199.4749 (5.57)         64;4    213.7894 (0.14)        197           1
test_QASMBench_small[vqe_uccsd_n4-linear]                   4,387.4811 (7.82)      5,319.8338 (4.71)      4,662.3826 (7.23)       147.9342 (3.62)      4,647.9451 (7.26)       149.0936 (4.16)        51;10    214.4826 (0.14)        210           1
test_QASMBench_small[error_correctiond3_n5-linear]          4,509.9370 (8.04)      5,864.3837 (5.19)      4,827.2139 (7.49)       158.9496 (3.89)      4,815.8690 (7.52)       174.1271 (4.86)         50;3    207.1588 (0.13)        195           1
test_QASMBench_small[dnn_n8-square]                         4,544.5170 (8.10)      5,465.3585 (4.84)      4,864.6473 (7.54)       139.9421 (3.43)      4,860.9450 (7.60)       184.9346 (5.16)         56;4    205.5647 (0.13)        193           1
test_QASMBench_small[wstate_n3-linear]                      4,625.7637 (8.25)      6,207.0601 (5.50)      4,954.6379 (7.68)       187.6033 (4.59)      4,942.8530 (7.72)       230.4381 (6.44)         47;2    201.8311 (0.13)        192           1
test_QASMBench_small[simon_n6-linear]                       4,685.7968 (8.36)      5,448.0471 (4.82)      5,057.2923 (7.84)       130.6047 (3.20)      5,062.4721 (7.91)       178.1397 (4.97)         53;2    197.7343 (0.13)        182           1
test_QASMBench_small[error_correctiond3_n5-square]          4,697.1291 (8.38)      5,804.2686 (5.14)      5,153.2251 (7.99)       196.7588 (4.82)      5,134.5695 (8.02)       243.5888 (6.80)         53;4    194.0532 (0.13)        173           1
test_QASMBench_small[vqe_uccsd_n4-heavy-hex]                4,780.8774 (8.53)      5,865.6093 (5.19)      5,152.7820 (7.99)       184.3146 (4.51)      5,147.2979 (8.04)       192.1710 (5.37)         53;7    194.0699 (0.13)        186           1
test_QASMBench_small[ising_n10-linear]                      4,789.9503 (8.54)      5,619.3639 (4.98)      5,170.8412 (8.02)       149.5414 (3.66)      5,166.4617 (8.07)       191.6359 (5.35)         47;5    193.3921 (0.12)        179           1
test_QASMBench_small[error_correctiond3_n5-heavy-hex]       4,804.2797 (8.57)      5,912.1437 (5.24)      5,252.8620 (8.15)       205.0087 (5.02)      5,225.3436 (8.16)       260.3158 (7.27)         42;4    190.3724 (0.12)        159           1
test_QASMBench_small[simon_n6-square]                       4,841.8026 (8.63)      5,966.9260 (5.28)      5,304.2531 (8.23)       201.2885 (4.93)      5,324.4121 (8.32)       259.8753 (7.26)         55;2    188.5280 (0.12)        189           1
test_QASMBench_small[wstate_n3-square]                      4,970.2544 (8.86)      6,910.6128 (6.12)      5,428.9651 (8.42)       183.5361 (4.49)      5,421.5528 (8.47)       175.5534 (4.90)         36;5    184.1972 (0.12)        173           1
test_QASMBench_small[simon_n6-heavy-hex]                    5,084.2706 (9.07)      6,290.0577 (5.57)      5,532.2286 (8.58)       207.8051 (5.09)      5,520.7014 (8.63)       261.4739 (7.30)         41;3    180.7590 (0.12)        147           1
test_QASMBench_small[ising_n10-heavy-hex]                   5,128.9219 (9.15)      6,084.8352 (5.39)      5,493.5398 (8.52)       158.0233 (3.87)      5,474.4873 (8.55)       166.7961 (4.66)         47;8    182.0320 (0.12)        184           1
test_QASMBench_small[qaoa_n6-square]                        5,224.2167 (9.32)      6,458.6494 (5.72)      5,736.7190 (8.90)       220.9818 (5.41)      5,737.6279 (8.96)       264.9706 (7.40)         46;3    174.3157 (0.11)        158           1
test_QASMBench_small[qaoa_n6-linear]                        5,284.3355 (9.42)      6,162.2504 (5.46)      5,668.6670 (8.79)       163.7144 (4.01)      5,648.6614 (8.83)       199.1685 (5.56)         45;5    176.4083 (0.11)        167           1
test_QASMBench_small[qaoa_n6-heavy-hex]                     5,316.9802 (9.48)      6,848.2235 (6.06)      5,769.8360 (8.95)       227.2960 (5.56)      5,737.2637 (8.96)       247.8156 (6.92)         37;4    173.3152 (0.11)        151           1
test_QASMBench_small[wstate_n3-heavy-hex]                   5,621.3681 (10.02)     8,422.8311 (7.46)      6,046.1458 (9.38)       294.1730 (7.20)      5,988.6379 (9.36)       202.9007 (5.67)         16;9    165.3946 (0.11)        144           1
test_QASMBench_small[qpe_n9-linear]                         5,942.6185 (10.60)     7,192.7123 (6.37)      6,505.4429 (10.09)      229.1149 (5.61)      6,494.7288 (10.15)      233.5785 (6.52)        41;12    153.7174 (0.10)        163           1
test_QASMBench_small[qpe_n9-square]                         6,069.7813 (10.82)     7,057.4470 (6.25)      6,496.1703 (10.07)      201.1749 (4.92)      6,477.2423 (10.12)      260.6958 (7.28)         40;1    153.9369 (0.10)        138           1
test_QASMBench_small[sat_n7-all-to-all]                     6,143.3241 (10.96)     7,039.2415 (6.23)      6,495.7111 (10.07)      148.9236 (3.65)      6,496.6744 (10.15)      177.3294 (4.95)         37;3    153.9477 (0.10)        150           1
test_QASMBench_small[qpe_n9-heavy-hex]                      6,198.1827 (11.05)     7,196.7393 (6.37)      6,613.0018 (10.26)      191.7860 (4.69)      6,614.7121 (10.34)      274.7886 (7.67)         38;2    151.2173 (0.10)        132           1
test_QASMBench_small[sat_n7-linear]                         6,334.2322 (11.30)     7,332.2337 (6.49)      6,815.7419 (10.57)      167.3851 (4.10)      6,831.2064 (10.67)      189.8585 (5.30)         41;6    146.7192 (0.09)        145           1
test_QASMBench_small[dnn_n8-linear]                         6,432.1645 (11.47)     7,796.1236 (6.90)      6,901.2120 (10.70)      192.3934 (4.71)      6,894.7449 (10.77)      230.5005 (6.44)         34;4    144.9021 (0.09)        140           1
test_QASMBench_small[sat_n7-square]                         6,438.2311 (11.48)     7,603.8297 (6.73)      6,846.4344 (10.62)      217.4622 (5.32)      6,825.3493 (10.66)      282.8026 (7.90)         46;3    146.0614 (0.09)        148           1
test_QASMBench_small[sat_n7-heavy-hex]                      6,489.5954 (11.57)     7,987.4061 (7.07)      6,866.1412 (10.65)      208.7777 (5.11)      6,850.2976 (10.70)      220.0427 (6.15)         39;5    145.6422 (0.09)        140           1
test_QASMBench_small[dnn_n8-all-to-all]                     6,492.0392 (11.58)     7,294.7331 (6.46)      6,791.6996 (10.53)      146.6624 (3.59)      6,772.6504 (10.58)      160.3402 (4.48)         37;6    147.2385 (0.09)        141           1
test_QASMBench_small[ising_n10-square]                      6,522.9405 (11.63)     7,660.1952 (6.78)      6,856.5922 (10.63)      161.9993 (3.97)      6,842.8852 (10.69)      164.4422 (4.59)         33;6    145.8450 (0.09)        151           1
test_QASMBench_small[dnn_n8-heavy-hex]                      6,676.9943 (11.91)     7,781.3007 (6.89)      7,110.0313 (11.03)      179.7745 (4.40)      7,095.3909 (11.09)      201.1214 (5.62)         34;4    140.6464 (0.09)        127           1
test_QASMBench_small[adder_n10-linear]                      6,753.0070 (12.04)     8,397.6649 (7.44)      7,293.2247 (11.31)      269.5516 (6.60)      7,264.9708 (11.35)      359.6451 (10.04)        39;2    137.1136 (0.09)        132           1
test_QASMBench_small[adder_n10-square]                      6,921.7216 (12.34)     7,993.9216 (7.08)      7,355.5587 (11.41)      218.3241 (5.34)      7,330.5219 (11.45)      292.6043 (8.17)         36;2    135.9516 (0.09)        123           1
test_QASMBench_small[adder_n10-heavy-hex]                   7,093.2377 (12.65)     8,740.9709 (7.74)      7,446.5713 (11.55)      266.4431 (6.52)      7,379.0401 (11.53)      291.3191 (8.14)         27;5    134.2900 (0.09)        115           1
test_QASMBench_small[qpe_n9-all-to-all]                     7,416.2856 (13.23)     8,313.4137 (7.36)      7,773.5313 (12.06)      175.3509 (4.29)      7,762.4917 (12.13)      228.5070 (6.38)         38;2    128.6417 (0.08)        131           1
test_QASMBench_small[ising_n10-all-to-all]                  7,634.6975 (13.61)    61,341.5334 (54.32)     8,355.7348 (12.96)    4,859.8631 (118.97)    7,888.7157 (12.33)      205.5163 (5.74)          1;3    119.6783 (0.08)        121           1
test_QASMBench_small[hhl_n7-square]                         7,697.5375 (13.73)     8,829.4260 (7.82)      8,069.2188 (12.51)      198.7348 (4.86)      8,046.4482 (12.57)      213.1816 (5.95)         35;3    123.9277 (0.08)        112           1
test_QASMBench_small[hhl_n7-linear]                         7,923.3907 (14.13)     9,439.4591 (8.36)      8,414.0922 (13.05)      228.0535 (5.58)      8,398.8328 (13.12)      230.0078 (6.42)         21;7    118.8482 (0.08)        115           1
test_QASMBench_small[hhl_n7-heavy-hex]                      8,021.1759 (14.30)     9,421.5497 (8.34)      8,534.9219 (13.24)      229.8392 (5.63)      8,493.4067 (13.27)      205.0498 (5.73)         29;9    117.1657 (0.08)        115           1
test_QASMBench_small[basis_trotter_n4-all-to-all]           8,319.3108 (14.84)     9,679.5801 (8.57)      8,721.0761 (13.53)      230.4688 (5.64)      8,669.7228 (13.55)      298.4195 (8.33)         23;3    114.6647 (0.07)        105           1
test_QASMBench_small[shor_n5-linear]                        8,567.1525 (15.28)    10,319.7508 (9.14)      9,311.2322 (14.44)      298.0486 (7.30)      9,295.7616 (14.52)      366.9732 (10.25)        32;1    107.3972 (0.07)        107           1
test_QASMBench_small[hhl_n7-all-to-all]                     8,725.1589 (15.56)     9,619.4185 (8.52)      9,054.5047 (14.04)      174.9152 (4.28)      9,043.6321 (14.13)      181.4016 (5.07)         27;6    110.4423 (0.07)        101           1
test_QASMBench_small[shor_n5-all-to-all]                    8,768.5101 (15.64)    10,011.8872 (8.87)      9,378.1957 (14.54)      273.3818 (6.69)      9,378.2786 (14.65)      269.9750 (7.54)         31;5    106.6303 (0.07)        107           1
test_QASMBench_small[adder_n10-all-to-all]                  8,774.3588 (15.65)    11,353.5002 (10.05)     9,228.4340 (14.31)      398.8933 (9.76)      9,157.8541 (14.31)      280.5376 (7.83)          7;6    108.3607 (0.07)         60           1
test_QASMBench_small[shor_n5-square]                        9,175.8501 (16.36)    10,990.2844 (9.73)      9,831.5322 (15.25)      334.3953 (8.19)      9,835.5860 (15.37)      414.3748 (11.57)        32;2    101.7135 (0.07)         97           1
test_QASMBench_small[shor_n5-heavy-hex]                     9,438.7960 (16.83)    11,345.7013 (10.05)    10,189.1056 (15.80)      334.0911 (8.18)     10,186.3258 (15.92)      409.2637 (11.43)        27;2     98.1440 (0.06)         87           1
test_QASMBench_small[basis_trotter_n4-square]               9,874.3457 (17.61)    11,444.3358 (10.13)    10,338.6491 (16.03)      275.5162 (6.74)     10,303.2291 (16.10)      292.7994 (8.18)         21;5     96.7244 (0.06)         89           1
test_QASMBench_small[basis_trotter_n4-linear]              10,253.3419 (18.28)    11,732.3585 (10.39)    10,612.2781 (16.46)      245.1161 (6.00)     10,574.0605 (16.52)      199.5610 (5.57)         19;7     94.2305 (0.06)         92           1
test_QASMBench_small[basis_trotter_n4-heavy-hex]           11,157.8684 (19.90)    13,234.9599 (11.72)    11,679.1406 (18.11)      289.7530 (7.09)     11,671.4779 (18.24)      342.8953 (9.58)         21;1     85.6227 (0.06)         80           1
test_QASMBench_small[pea_n5-all-to-all]                    14,855.9008 (26.49)    16,419.6920 (14.54)    15,443.5903 (23.95)      309.4523 (7.58)     15,380.5865 (24.03)      353.0551 (9.86)         20;2     64.7518 (0.04)         68           1
test_QASMBench_small[vqe_uccsd_n6-all-to-all]              15,695.0578 (27.99)    17,991.0380 (15.93)    16,228.9198 (25.17)      382.6531 (9.37)     16,151.4152 (25.24)      328.9981 (9.19)          9;5     61.6184 (0.04)         57           1
test_QASMBench_small[pea_n5-linear]                        16,465.0865 (29.36)    18,361.8143 (16.26)    17,101.9195 (26.52)      373.7887 (9.15)     17,062.0577 (26.66)      431.0226 (12.04)        15;4     58.4730 (0.04)         64           1
test_QASMBench_small[pea_n5-square]                        16,708.9924 (29.80)    68,461.6771 (60.63)    18,298.2461 (28.38)    6,538.7298 (160.06)   17,430.2030 (27.23)      479.8933 (13.40)         1;1     54.6500 (0.04)         61           1
test_QASMBench_small[pea_n5-heavy-hex]                     17,336.1562 (30.91)    19,381.3033 (17.16)    18,265.3906 (28.33)      386.3082 (9.46)     18,248.4034 (28.51)      426.1918 (11.90)        16;3     54.7484 (0.04)         60           1
test_QASMBench_small[vqe_uccsd_n6-linear]                  17,814.7200 (31.77)    20,044.5727 (17.75)    18,385.6943 (28.51)      391.1424 (9.57)     18,339.5082 (28.65)      415.5608 (11.61)        10;2     54.3901 (0.04)         56           1
test_QASMBench_small[vqe_uccsd_n6-square]                  17,947.9606 (32.01)    20,389.4209 (18.06)    18,618.0999 (28.87)      448.0589 (10.97)    18,550.1967 (28.98)      408.6350 (11.41)        10;4     53.7112 (0.03)         49           1
test_QASMBench_small[vqe_uccsd_n6-heavy-hex]               18,561.5774 (33.10)    20,669.8943 (18.30)    19,116.2793 (29.65)      414.7388 (10.15)    19,045.5616 (29.76)      312.8694 (8.74)          9;4     52.3114 (0.03)         52           1
test_QASMBench_small[ipea_n2-square]                       19,634.7870 (35.01)    69,464.7636 (61.52)    21,494.3603 (33.33)    7,082.1142 (173.37)   20,440.7023 (31.94)      491.5940 (13.73)         1;1     46.5238 (0.03)         48           1
test_QASMBench_small[ipea_n2-all-to-all]                   19,874.7311 (35.44)    21,473.4245 (19.02)    20,521.2554 (31.83)      439.8190 (10.77)    20,541.9976 (32.10)      552.5798 (15.43)        15;0     48.7300 (0.03)         49           1
test_QASMBench_small[ipea_n2-linear]                       20,195.4860 (36.01)    22,634.2380 (20.04)    21,006.1705 (32.58)      577.0659 (14.13)    20,898.6346 (32.65)      850.8395 (23.76)        18;0     47.6051 (0.03)         51           1
test_QASMBench_small[ipea_n2-heavy-hex]                    20,858.0643 (37.19)    22,995.2876 (20.36)    21,745.5058 (33.72)      488.6840 (11.96)    21,714.2431 (33.93)      606.4298 (16.94)        12;2     45.9865 (0.03)         48           1
test_QASMBench_small[vqe_uccsd_n8-all-to-all]              59,564.9350 (106.22)   68,958.7817 (61.07)    61,075.8240 (94.72)    2,221.4268 (54.38)    60,365.7411 (94.32)    1,326.2965 (37.04)         1;1     16.3731 (0.01)         16           1
test_QASMBench_small[vqe_uccsd_n8-linear]                  65,896.2559 (117.51)   71,772.3407 (63.56)    68,278.7100 (105.89)   1,723.1617 (42.18)    67,915.0075 (106.12)   2,023.5493 (56.51)         4;0     14.6459 (0.01)         15           1
test_QASMBench_small[vqe_uccsd_n8-square]                  66,359.8944 (118.34)   73,606.3104 (65.18)    68,355.6999 (106.01)   1,890.2064 (46.27)    67,904.0980 (106.10)   2,255.6949 (62.99)         3;1     14.6294 (0.01)         14           1
test_QASMBench_small[vqe_uccsd_n8-heavy-hex]               67,938.7115 (121.15)   77,283.2707 (68.44)    71,136.1005 (110.32)   2,292.8654 (56.13)    70,593.6756 (110.30)   2,641.1414 (73.76)         3;1     14.0576 (0.01)         15           1
-----------------------------------------------------------------------------------------------------------------------------------------------------------------------------------------------------------------------------------------------------

Legend:
  Outliers: 1 Standard Deviation from Mean; 1.5 IQR (InterQuartile Range) from 1st Quartile and 3rd Quartile.
  OPS: Operations Per Second, computed as 1 / Mean
=============== 168 passed, 324 deselected in 161.10s (0:02:41) ================
