============================= test session starts ==============================
platform linux -- Python 3.11.11, pytest-9.0.2, pluggy-1.6.0
benchmark: 4.0.0 (defaults: timer=time.perf_counter disable_gc=False min_rounds=1 min_time=0.000005 max_time=1.0 calibration_precision=10 warmup=False warmup_iterations=100000)
qiskit: 2.5.0.dev0+c252163
qiskit_ibm_runtime: 0.46.1
timeout_skip_list: 0
rootdir: /mnt/data/benchpress/benchpress
configfile: pytest.ini
plugins: anyio-4.12.1, timeout-2.4.0, benchmark-4.0.0, memray-1.8.0
collected 100 items

benchpress/qiskit_gym/device_transpile/test_hamiltonians.py::TestWorkoutDeviceHamlibHamiltonians::test_hamlib_hamiltonians_transpile[ham_enc_stdbinary_dvalues_d-level-4] PASSED [  1%]
benchpress/qiskit_gym/device_transpile/test_hamiltonians.py::TestWorkoutDeviceHamlibHamiltonians::test_hamlib_hamiltonians_transpile[ham_mu_y_prime_enc_stdbinary_dvalues_8-8-4-4] PASSED [  2%]
benchpress/qiskit_gym/device_transpile/test_hamiltonians.py::TestWorkoutDeviceHamlibHamiltonians::test_hamlib_hamiltonians_transpile[ham_mu_y_prime_enc_unary_dvalues_4-4-4] PASSED [  3%]
benchpress/qiskit_gym/device_transpile/test_hamiltonians.py::TestWorkoutDeviceHamlibHamiltonians::test_hamlib_hamiltonians_transpile[ham_mu_z_prime_enc_gray_dvalues_4-4-4-4] PASSED [  4%]
benchpress/qiskit_gym/device_transpile/test_hamiltonians.py::TestWorkoutDeviceHamlibHamiltonians::test_hamlib_hamiltonians_transpile[ham_gnp-k_2_n-4_rinst-05] PASSED [  5%]
benchpress/qiskit_gym/device_transpile/test_hamiltonians.py::TestWorkoutDeviceHamlibHamiltonians::test_hamlib_hamiltonians_transpile[ham_ham_parity-4] PASSED [  6%]
benchpress/qiskit_gym/device_transpile/test_hamiltonians.py::TestWorkoutDeviceHamlibHamiltonians::test_hamlib_hamiltonians_transpile[ham_mu_y_prime_enc_stdbinary_dvalues_16-16-16-16-8-8-8] PASSED [  7%]
benchpress/qiskit_gym/device_transpile/test_hamiltonians.py::TestWorkoutDeviceHamlibHamiltonians::test_hamlib_hamiltonians_transpile[ham_mu_y_prime_enc_gray_dvalues_16-16-16] PASSED [  8%]
benchpress/qiskit_gym/device_transpile/test_hamiltonians.py::TestWorkoutDeviceHamlibHamiltonians::test_hamlib_hamiltonians_transpile[ham_enc_gray_dvalues_d-level-16] PASSED [  9%]
benchpress/qiskit_gym/device_transpile/test_hamiltonians.py::TestWorkoutDeviceHamlibHamiltonians::test_hamlib_hamiltonians_transpile[ham_mu_y_prime_enc_stdbinary_dvalues_8-8-8-8-8-8] PASSED [ 10%]
benchpress/qiskit_gym/device_transpile/test_hamiltonians.py::TestWorkoutDeviceHamlibHamiltonians::test_hamlib_hamiltonians_transpile[ham_gnp-k_4_n-6_rinst-15] PASSED [ 11%]
benchpress/qiskit_gym/device_transpile/test_hamiltonians.py::TestWorkoutDeviceHamlibHamiltonians::test_hamlib_hamiltonians_transpile[ham_ham_JW-6] PASSED [ 12%]
benchpress/qiskit_gym/device_transpile/test_hamiltonians.py::TestWorkoutDeviceHamlibHamiltonians::test_hamlib_hamiltonians_transpile[ham_mu_y_prime_enc_unary_dvalues_8-8-8-8-8-8-8] PASSED [ 13%]
benchpress/qiskit_gym/device_transpile/test_hamiltonians.py::TestWorkoutDeviceHamlibHamiltonians::test_hamlib_hamiltonians_transpile[ham_7-uf20-0384.cnf-8-res] PASSED [ 14%]
benchpress/qiskit_gym/device_transpile/test_hamiltonians.py::TestWorkoutDeviceHamlibHamiltonians::test_hamlib_hamiltonians_transpile[ham_tsp_rand-002_Ncity-4_enc-stdbinary] PASSED [ 15%]
benchpress/qiskit_gym/device_transpile/test_hamiltonians.py::TestWorkoutDeviceHamlibHamiltonians::test_hamlib_hamiltonians_transpile[ham_ham_JW-8] PASSED [ 16%]
benchpress/qiskit_gym/device_transpile/test_hamiltonians.py::TestWorkoutDeviceHamlibHamiltonians::test_hamlib_hamiltonians_transpile[ham_enc_gray_dvalues_8-8-8] PASSED [ 17%]
benchpress/qiskit_gym/device_transpile/test_hamiltonians.py::TestWorkoutDeviceHamlibHamiltonians::test_hamlib_hamiltonians_transpile[ham_complbipart-n-10_a-5_b-5] PASSED [ 18%]
benchpress/qiskit_gym/device_transpile/test_hamiltonians.py::TestWorkoutDeviceHamlibHamiltonians::test_hamlib_hamiltonians_transpile[ham_ham_JW10] PASSED [ 19%]
benchpress/qiskit_gym/device_transpile/test_hamiltonians.py::TestWorkoutDeviceHamlibHamiltonians::test_hamlib_hamiltonians_transpile[ham_ham_parity10] PASSED [ 20%]
benchpress/qiskit_gym/device_transpile/test_hamiltonians.py::TestWorkoutDeviceHamlibHamiltonians::test_hamlib_hamiltonians_transpile[ham_ham_JW-10] PASSED [ 21%]
benchpress/qiskit_gym/device_transpile/test_hamiltonians.py::TestWorkoutDeviceHamlibHamiltonians::test_hamlib_hamiltonians_transpile[ham_mu_x_prime_enc_stdbinary_dvalues_8-8-8-8-8-8-8-8-8-4-4-4-4-4-4] PASSED [ 22%]
benchpress/qiskit_gym/device_transpile/test_hamiltonians.py::TestWorkoutDeviceHamlibHamiltonians::test_hamlib_hamiltonians_transpile[ham_mu_x_prime_enc_unary_dvalues_4-4-4] PASSED [ 23%]
benchpress/qiskit_gym/device_transpile/test_hamiltonians.py::TestWorkoutDeviceHamlibHamiltonians::test_hamlib_hamiltonians_transpile[ham_ham_parity12] PASSED [ 24%]
benchpress/qiskit_gym/device_transpile/test_hamiltonians.py::TestWorkoutDeviceHamlibHamiltonians::test_hamlib_hamiltonians_transpile[ham_ham_BK12] PASSED [ 25%]
benchpress/qiskit_gym/device_transpile/test_hamiltonians.py::TestWorkoutDeviceHamlibHamiltonians::test_hamlib_hamiltonians_transpile[ham_ham_JW12] PASSED [ 26%]
benchpress/qiskit_gym/device_transpile/test_hamiltonians.py::TestWorkoutDeviceHamlibHamiltonians::test_hamlib_hamiltonians_transpile[ham_bh_graph-1D-grid-pbc-qubitnodes_Lx-4_U-40_enc-gray_d-8] PASSED [ 27%]
benchpress/qiskit_gym/device_transpile/test_hamiltonians.py::TestWorkoutDeviceHamlibHamiltonians::test_hamlib_hamiltonians_transpile[ham_enc_unary_dvalues_4-4-4] PASSED [ 28%]
benchpress/qiskit_gym/device_transpile/test_hamiltonians.py::TestWorkoutDeviceHamlibHamiltonians::test_hamlib_hamiltonians_transpile[ham_ham_parity-14] PASSED [ 29%]
benchpress/qiskit_gym/device_transpile/test_hamiltonians.py::TestWorkoutDeviceHamlibHamiltonians::test_hamlib_hamiltonians_transpile[ham_ham_JW14] PASSED [ 30%]
benchpress/qiskit_gym/device_transpile/test_hamiltonians.py::TestWorkoutDeviceHamlibHamiltonians::test_hamlib_hamiltonians_transpile[ham_enc_gray_dvalues_4-4-4-4-4-4-4] PASSED [ 31%]
benchpress/qiskit_gym/device_transpile/test_hamiltonians.py::TestWorkoutDeviceHamlibHamiltonians::test_hamlib_hamiltonians_transpile[ham_ham_BK-14] PASSED [ 32%]
benchpress/qiskit_gym/device_transpile/test_hamiltonians.py::TestWorkoutDeviceHamlibHamiltonians::test_hamlib_hamiltonians_transpile[ham_ham_JW-14] PASSED [ 33%]
benchpress/qiskit_gym/device_transpile/test_hamiltonians.py::TestWorkoutDeviceHamlibHamiltonians::test_hamlib_hamiltonians_transpile[ham_mu_z_prime_enc_unary_dvalues_16-16-16-16-16-16-16] PASSED [ 34%]
benchpress/qiskit_gym/device_transpile/test_hamiltonians.py::TestWorkoutDeviceHamlibHamiltonians::test_hamlib_hamiltonians_transpile[ham_graph-1D-grid-pbc-qubitnodes_Lx-16_h-2] PASSED [ 35%]
benchpress/qiskit_gym/device_transpile/test_hamiltonians.py::TestWorkoutDeviceHamlibHamiltonians::test_hamlib_hamiltonians_transpile[ham_ham_JW-18] PASSED [ 36%]
benchpress/qiskit_gym/device_transpile/test_hamiltonians.py::TestWorkoutDeviceHamlibHamiltonians::test_hamlib_hamiltonians_transpile[ham_ham_JW-22] PASSED [ 37%]
benchpress/qiskit_gym/device_transpile/test_hamiltonians.py::TestWorkoutDeviceHamlibHamiltonians::test_hamlib_hamiltonians_transpile[ham_ham_BK22] PASSED [ 38%]
benchpress/qiskit_gym/device_transpile/test_hamiltonians.py::TestWorkoutDeviceHamlibHamiltonians::test_hamlib_hamiltonians_transpile[ham_mu_y_prime_enc_stdbinary_dvalues_4-4-4-4-4-4-4-4-4-4-4-4-4-4-4-4-4-4] PASSED [ 39%]
benchpress/qiskit_gym/device_transpile/test_hamiltonians.py::TestWorkoutDeviceHamlibHamiltonians::test_hamlib_hamiltonians_transpile[ham_gnp-k_5_n-24_rinst-04] PASSED [ 40%]
benchpress/qiskit_gym/device_transpile/test_hamiltonians.py::TestWorkoutDeviceHamlibHamiltonians::test_hamlib_hamiltonians_transpile[ham_tsp_prob-ulysses22_Ncity-8_enc-stdbinary] PASSED [ 41%]
benchpress/qiskit_gym/device_transpile/test_hamiltonians.py::TestWorkoutDeviceHamlibHamiltonians::test_hamlib_hamiltonians_transpile[ham_ham_JW24] PASSED [ 42%]
benchpress/qiskit_gym/device_transpile/test_hamiltonians.py::TestWorkoutDeviceHamlibHamiltonians::test_hamlib_hamiltonians_transpile[ham_tsp_prob-ts225_Ncity-5_enc-unary] PASSED [ 43%]
benchpress/qiskit_gym/device_transpile/test_hamiltonians.py::TestWorkoutDeviceHamlibHamiltonians::test_hamlib_hamiltonians_transpile[ham_graph-1D-grid-pbc-qubitnodes_Lx-26_h-6] PASSED [ 44%]
benchpress/qiskit_gym/device_transpile/test_hamiltonians.py::TestWorkoutDeviceHamlibHamiltonians::test_hamlib_hamiltonians_transpile[ham_bh_graph-1D-grid-pbc-qubitnodes_Lx-14_U-10_enc-stdbinary_d-4] PASSED [ 45%]
benchpress/qiskit_gym/device_transpile/test_hamiltonians.py::TestWorkoutDeviceHamlibHamiltonians::test_hamlib_hamiltonians_transpile[ham_bh_graph-2D-triag-nonpbc-qubitnodes_Lx-3_Ly-5_U-30_enc-gray_d-4] PASSED [ 46%]
benchpress/qiskit_gym/device_transpile/test_hamiltonians.py::TestWorkoutDeviceHamlibHamiltonians::test_hamlib_hamiltonians_transpile[ham_reg-5_n-10_rinst-07] PASSED [ 47%]
benchpress/qiskit_gym/device_transpile/test_hamiltonians.py::TestWorkoutDeviceHamlibHamiltonians::test_hamlib_hamiltonians_transpile[ham_mu_y_prime_enc_unary_dvalues_16-16-16-16-16-16] PASSED [ 48%]
benchpress/qiskit_gym/device_transpile/test_hamiltonians.py::TestWorkoutDeviceHamlibHamiltonians::test_hamlib_hamiltonians_transpile[ham_bh_graph-3D-grid-nonpbc-qubitnodes_Lx-2_Ly-2_Lz-2_U-20_enc-unary_d-4] PASSED [ 49%]
benchpress/qiskit_gym/device_transpile/test_hamiltonians.py::TestWorkoutDeviceHamlibHamiltonians::test_hamlib_hamiltonians_transpile[ham_0-uuf100-0810.cnf-40-res] PASSED [ 50%]
benchpress/qiskit_gym/device_transpile/test_hamiltonians.py::TestWorkoutDeviceHamlibHamiltonians::test_hamlib_hamiltonians_transpile[ham_8-uuf100-0509.cnf-40-cc] PASSED [ 51%]
benchpress/qiskit_gym/device_transpile/test_hamiltonians.py::TestWorkoutDeviceHamlibHamiltonians::test_hamlib_hamiltonians_transpile[ham_gnp-k_4_n-40_rinst-07] PASSED [ 52%]
benchpress/qiskit_gym/device_transpile/test_hamiltonians.py::TestWorkoutDeviceHamlibHamiltonians::test_hamlib_hamiltonians_transpile[ham_2-uf100-0396.cnf-46-res] PASSED [ 53%]
benchpress/qiskit_gym/device_transpile/test_hamiltonians.py::TestWorkoutDeviceHamlibHamiltonians::test_hamlib_hamiltonians_transpile[ham_2-uf100-0601.cnf-46-res] PASSED [ 54%]
benchpress/qiskit_gym/device_transpile/test_hamiltonians.py::TestWorkoutDeviceHamlibHamiltonians::test_hamlib_hamiltonians_transpile[ham_bh_graph-1D-grid-nonpbc-qubitnodes_Lx-12_U-40_enc-unary_d-4] PASSED [ 55%]
benchpress/qiskit_gym/device_transpile/test_hamiltonians.py::TestWorkoutDeviceHamlibHamiltonians::test_hamlib_hamiltonians_transpile[ham_bh_graph-1D-grid-pbc-qubitnodes_Lx-24_U-20_enc-stdbinary_d-4] PASSED [ 56%]
benchpress/qiskit_gym/device_transpile/test_hamiltonians.py::TestWorkoutDeviceHamlibHamiltonians::test_hamlib_hamiltonians_transpile[ham_tsp_prob-lin105_Ncity-7_enc-unary] PASSED [ 57%]
benchpress/qiskit_gym/device_transpile/test_hamiltonians.py::TestWorkoutDeviceHamlibHamiltonians::test_hamlib_hamiltonians_transpile[ham_gnp-k_5_n-60_rinst-19] PASSED [ 58%]
benchpress/qiskit_gym/device_transpile/test_hamiltonians.py::TestWorkoutDeviceHamlibHamiltonians::test_hamlib_hamiltonians_transpile[ham_bh_graph-2D-triag-pbc-qubitnodes_Lx-5_Ly-5_U-30_enc-unary_d-4] PASSED [ 59%]
benchpress/qiskit_gym/device_transpile/test_hamiltonians.py::TestWorkoutDeviceHamlibHamiltonians::test_hamlib_hamiltonians_transpile[ham_mu_x_prime_enc_unary_dvalues_16-16-16-16-16-16-16-16-16-16-16-16-16-16-16] PASSED [ 60%]
benchpress/qiskit_gym/device_transpile/test_hamiltonians.py::TestWorkoutDeviceHamlibHamiltonians::test_hamlib_hamiltonians_transpile[ham_tsp_prob-d198_Ncity-8_enc-unary] PASSED [ 61%]
benchpress/qiskit_gym/device_transpile/test_hamiltonians.py::TestWorkoutDeviceHamlibHamiltonians::test_hamlib_hamiltonians_transpile[ham_tsp_prob-kroD100_Ncity-16_enc-stdbinary] PASSED [ 62%]
benchpress/qiskit_gym/device_transpile/test_hamiltonians.py::TestWorkoutDeviceHamlibHamiltonians::test_hamlib_hamiltonians_transpile[ham_tsp_prob-fl417_Ncity-16_enc-stdbinary] PASSED [ 63%]
benchpress/qiskit_gym/device_transpile/test_hamiltonians.py::TestWorkoutDeviceHamlibHamiltonians::test_hamlib_hamiltonians_transpile[ham_4-uf100-0246.cnf-70-res] PASSED [ 64%]
benchpress/qiskit_gym/device_transpile/test_hamiltonians.py::TestWorkoutDeviceHamlibHamiltonians::test_hamlib_hamiltonians_transpile[ham_dsjc1000.1,n-36,rinst-4] PASSED [ 65%]
benchpress/qiskit_gym/device_transpile/test_hamiltonians.py::TestWorkoutDeviceHamlibHamiltonians::test_hamlib_hamiltonians_transpile[ham_graph-2D-grid-nonpbc-qubitnodes_Lx-5_Ly-15_h-3] PASSED [ 66%]
benchpress/qiskit_gym/device_transpile/test_hamiltonians.py::TestWorkoutDeviceHamlibHamiltonians::test_hamlib_hamiltonians_transpile[ham_bh_graph-1D-grid-pbc-qubitnodes_Lx-10_U-30_enc-unary_d-8] PASSED [ 67%]
benchpress/qiskit_gym/device_transpile/test_hamiltonians.py::TestWorkoutDeviceHamlibHamiltonians::test_hamlib_hamiltonians_transpile[ham_4-flat100-7.cnf-90-cc] PASSED [ 68%]
benchpress/qiskit_gym/device_transpile/test_hamiltonians.py::TestWorkoutDeviceHamlibHamiltonians::test_hamlib_hamiltonians_transpile[ham_reg-4_n-90_rinst-07] PASSED [ 69%]
benchpress/qiskit_gym/device_transpile/test_hamiltonians.py::TestWorkoutDeviceHamlibHamiltonians::test_hamlib_hamiltonians_transpile[ham_gnp-k_5_n-90_rinst-02] PASSED [ 70%]
benchpress/qiskit_gym/device_transpile/test_hamiltonians.py::TestWorkoutDeviceHamlibHamiltonians::test_hamlib_hamiltonians_transpile[ham_graph-2D-triag-pbc-qubitnodes_Lx-13_Ly-13_h-0.1] PASSED [ 71%]
benchpress/qiskit_gym/device_transpile/test_hamiltonians.py::TestWorkoutDeviceHamlibHamiltonians::test_hamlib_hamiltonians_transpile[ham_bh_graph-1D-grid-pbc-qubitnodes_Lx-46_U-2_enc-gray_d-4] PASSED [ 72%]
benchpress/qiskit_gym/device_transpile/test_hamiltonians.py::TestWorkoutDeviceHamlibHamiltonians::test_hamlib_hamiltonians_transpile[ham_bh_graph-2D-grid-nonpbc-qubitnodes_Lx-7_Ly-7_U-70_enc-gray_d-4] PASSED [ 73%]
benchpress/qiskit_gym/device_transpile/test_hamiltonians.py::TestWorkoutDeviceHamlibHamiltonians::test_hamlib_hamiltonians_transpile[ham_fh-graph-1D-grid-pbc-qubitnodes_Lx-50_U-2_enc-jw] PASSED [ 74%]
benchpress/qiskit_gym/device_transpile/test_hamiltonians.py::TestWorkoutDeviceHamlibHamiltonians::test_hamlib_hamiltonians_transpile[ham_tsp_prob-st70_Ncity-10_enc-unary] PASSED [ 75%]
benchpress/qiskit_gym/device_transpile/test_hamiltonians.py::TestWorkoutDeviceHamlibHamiltonians::test_hamlib_hamiltonians_transpile[ham_tsp_prob-pr76_Ncity-10_enc-unary] PASSED [ 76%]
benchpress/qiskit_gym/device_transpile/test_hamiltonians.py::TestWorkoutDeviceHamlibHamiltonians::test_hamlib_hamiltonians_transpile[ham_bh_graph-2D-triag-pbc-qubitnodes_Lx-10_Ly-10_U-30_enc-stdbinary_d-4] PASSED [ 77%]
benchpress/qiskit_gym/device_transpile/test_hamiltonians.py::TestWorkoutDeviceHamlibHamiltonians::test_hamlib_hamiltonians_transpile[ham_queen13_13,n-28,rinst-0] PASSED [ 78%]
benchpress/qiskit_gym/device_transpile/test_hamiltonians.py::TestWorkoutDeviceHamlibHamiltonians::test_hamlib_hamiltonians_transpile[ham_will199gpia,n-60,rinst-8] PASSED [ 79%]
benchpress/qiskit_gym/device_transpile/test_hamiltonians.py::TestWorkoutDeviceHamlibHamiltonians::test_hamlib_hamiltonians_transpile[ham_bh_graph-1D-grid-pbc-qubitnodes_Lx-60_U-10_enc-stdbinary_d-4] PASSED [ 80%]
benchpress/qiskit_gym/device_transpile/test_hamiltonians.py::TestWorkoutDeviceHamlibHamiltonians::test_hamlib_hamiltonians_transpile[ham_bh_graph-2D-triag-pbc-qubitnodes_Lx-3_Ly-22_U-70_enc-unary_d-4] PASSED [ 81%]
benchpress/qiskit_gym/device_transpile/test_hamiltonians.py::TestWorkoutDeviceHamlibHamiltonians::test_hamlib_hamiltonians_transpile[ham_1-fullins_5,n-48,rinst-7] SKIPPED [ 82%]
benchpress/qiskit_gym/device_transpile/test_hamiltonians.py::TestWorkoutDeviceHamlibHamiltonians::test_hamlib_hamiltonians_transpile[ham_bh_graph-2D-triag-nonpbc-qubitnodes_Lx-11_Ly-11_U-100_enc-gray_d-4] SKIPPED [ 83%]
benchpress/qiskit_gym/device_transpile/test_hamiltonians.py::TestWorkoutDeviceHamlibHamiltonians::test_hamlib_hamiltonians_transpile[ham_fh-graph-1D-grid-nonpbc-qubitnodes_Lx-90_U-2_enc-jw] SKIPPED [ 84%]
benchpress/qiskit_gym/device_transpile/test_hamiltonians.py::TestWorkoutDeviceHamlibHamiltonians::test_hamlib_hamiltonians_transpile[ham_graph-2D-triag-pbc-qubitnodes_Lx-19_Ly-19_h-0.5] SKIPPED [ 85%]
benchpress/qiskit_gym/device_transpile/test_hamiltonians.py::TestWorkoutDeviceHamlibHamiltonians::test_hamlib_hamiltonians_transpile[ham_graph-2D-grid-nonpbc-qubitnodes_Lx-5_Ly-58_h-2] SKIPPED [ 86%]
benchpress/qiskit_gym/device_transpile/test_hamiltonians.py::TestWorkoutDeviceHamlibHamiltonians::test_hamlib_hamiltonians_transpile[ham_fh-graph-2D-triag-nonpbc-qubitnodes_Lx-16_Ly-16_U-4_enc-bk] SKIPPED [ 87%]
benchpress/qiskit_gym/device_transpile/test_hamiltonians.py::TestWorkoutDeviceHamlibHamiltonians::test_hamlib_hamiltonians_transpile[ham_fh-graph-1D-grid-pbc-qubitnodes_Lx-160_U-12_enc-parity] SKIPPED [ 88%]
benchpress/qiskit_gym/device_transpile/test_hamiltonians.py::TestWorkoutDeviceHamlibHamiltonians::test_hamlib_hamiltonians_transpile[ham_graph-2D-triag-nonpbc-qubitnodes_Lx-3_Ly-160_h-0.1] SKIPPED [ 89%]
benchpress/qiskit_gym/device_transpile/test_hamiltonians.py::TestWorkoutDeviceHamlibHamiltonians::test_hamlib_hamiltonians_transpile[ham_graph-2D-grid-nonpbc-qubitnodes_Lx-19_Ly-19_h-5] SKIPPED [ 90%]
benchpress/qiskit_gym/device_transpile/test_hamiltonians.py::TestWorkoutDeviceHamlibHamiltonians::test_hamlib_hamiltonians_transpile[ham_graph-2D-grid-pbc-qubitnodes_Lx-2_Ly-185_h-0.5] SKIPPED [ 91%]
benchpress/qiskit_gym/device_transpile/test_hamiltonians.py::TestWorkoutDeviceHamlibHamiltonians::test_hamlib_hamiltonians_transpile[ham_fh-graph-2D-grid-pbc-qubitnodes_Lx-2_Ly-105_U-8_enc-bk] SKIPPED [ 92%]
benchpress/qiskit_gym/device_transpile/test_hamiltonians.py::TestWorkoutDeviceHamlibHamiltonians::test_hamlib_hamiltonians_transpile[ham_ash608gpia,n-160,rinst-1] SKIPPED [ 93%]
benchpress/qiskit_gym/device_transpile/test_hamiltonians.py::TestWorkoutDeviceHamlibHamiltonians::test_hamlib_hamiltonians_transpile[ham_graph-2D-grid-nonpbc-qubitnodes_Lx-4_Ly-133_h-0.1] SKIPPED [ 94%]
benchpress/qiskit_gym/device_transpile/test_hamiltonians.py::TestWorkoutDeviceHamlibHamiltonians::test_hamlib_hamiltonians_transpile[ham_graph-2D-grid-pbc-qubitnodes_Lx-4_Ly-148_h-6] SKIPPED [ 95%]
benchpress/qiskit_gym/device_transpile/test_hamiltonians.py::TestWorkoutDeviceHamlibHamiltonians::test_hamlib_hamiltonians_transpile[ham_fh-graph-2D-grid-pbc-qubitnodes_Lx-5_Ly-72_U-0_enc-parity] SKIPPED [ 96%]
benchpress/qiskit_gym/device_transpile/test_hamiltonians.py::TestWorkoutDeviceHamlibHamiltonians::test_hamlib_hamiltonians_transpile[ham_graph-2D-grid-pbc-qubitnodes_Lx-4_Ly-190_h-0] SKIPPED [ 97%]
benchpress/qiskit_gym/device_transpile/test_hamiltonians.py::TestWorkoutDeviceHamlibHamiltonians::test_hamlib_hamiltonians_transpile[ham_graph-2D-triag-nonpbc-qubitnodes_Lx-40_Ly-40_h-0.1] SKIPPED [ 98%]
benchpress/qiskit_gym/device_transpile/test_hamiltonians.py::TestWorkoutDeviceHamlibHamiltonians::test_hamlib_hamiltonians_transpile[ham_graph-2D-grid-nonpbc-qubitnodes_Lx-5_Ly-186_h-0.5] SKIPPED [ 99%]
benchpress/qiskit_gym/device_transpile/test_hamiltonians.py::TestWorkoutDeviceHamlibHamiltonians::test_hamlib_hamiltonians_transpile[ham_graph-2D-grid-pbc-qubitnodes_Lx-5_Ly-186_h-3] SKIPPED [100%]
Wrote benchmark data in: <_io.BufferedWriter name='/mnt/data/pr16157_evidence/device_hamiltonians/main.json'>



------------------------------------------------------------------------------------------------------------------------------- benchmark 'Transpile - Device': 81 tests -------------------------------------------------------------------------------------------------------------------------------
Name (time in ms)                                                                                                             Min                    Max                   Mean             StdDev                 Median                IQR            Outliers       OPS            Rounds  Iterations
--------------------------------------------------------------------------------------------------------------------------------------------------------------------------------------------------------------------------------------------------------------------------------------------------------
test_hamlib_hamiltonians_transpile[ham_mu_y_prime_enc_unary_dvalues_4-4-4]                                                 4.2257 (1.0)           5.2291 (1.0)           4.4732 (1.0)       0.1499 (inf)           4.4444 (1.0)       0.1192 (inf)         37;15  223.5542 (1.0)         216           1
test_hamlib_hamiltonians_transpile[ham_mu_y_prime_enc_unary_dvalues_8-8-8-8-8-8-8]                                         5.2436 (1.24)          6.2709 (1.20)          5.4746 (1.22)      0.1566 (inf)           5.4363 (1.22)      0.1190 (inf)         27;13  182.6630 (0.82)        180           1
test_hamlib_hamiltonians_transpile[ham_mu_z_prime_enc_gray_dvalues_4-4-4-4]                                                5.4336 (1.29)          6.8042 (1.30)          6.0288 (1.35)      0.3211 (inf)           6.1188 (1.38)      0.5736 (inf)          65;0  165.8694 (0.74)        168           1
test_hamlib_hamiltonians_transpile[ham_mu_y_prime_enc_stdbinary_dvalues_8-8-4-4]                                           7.1616 (1.69)          8.3474 (1.60)          7.4935 (1.68)      0.2553 (inf)           7.4010 (1.67)      0.2831 (inf)          20;4  133.4494 (0.60)         83           1
test_hamlib_hamiltonians_transpile[ham_gnp-k_2_n-4_rinst-05]                                                               7.2773 (1.72)          8.3901 (1.60)          7.5763 (1.69)      0.1751 (inf)           7.5491 (1.70)      0.1513 (inf)          21;7  131.9898 (0.59)        127           1
test_hamlib_hamiltonians_transpile[ham_7-uf20-0384.cnf-8-res]                                                              7.6148 (1.80)          9.2093 (1.76)          7.8524 (1.76)      0.2279 (inf)           7.7948 (1.75)      0.1915 (inf)          13;6  127.3492 (0.57)        120           1
test_hamlib_hamiltonians_transpile[ham_ham_parity-4]                                                                       8.2844 (1.96)          9.7242 (1.86)          8.6201 (1.93)      0.2573 (inf)           8.5467 (1.92)      0.1832 (inf)          15;9  116.0079 (0.52)         96           1
test_hamlib_hamiltonians_transpile[ham_mu_z_prime_enc_unary_dvalues_16-16-16-16-16-16-16]                                  8.8365 (2.09)          9.6327 (1.84)          9.1060 (2.04)      0.1614 (inf)           9.0630 (2.04)      0.1517 (inf)          28;8  109.8173 (0.49)        106           1
test_hamlib_hamiltonians_transpile[ham_mu_y_prime_enc_stdbinary_dvalues_16-16-16-16-8-8-8]                                 8.9241 (2.11)         10.3068 (1.97)          9.2462 (2.07)      0.2026 (inf)           9.2044 (2.07)      0.2161 (inf)          22;5  108.1528 (0.48)        105           1
test_hamlib_hamiltonians_transpile[ham_tsp_rand-002_Ncity-4_enc-stdbinary]                                                 9.0495 (2.14)         10.1331 (1.94)          9.3391 (2.09)      0.2064 (inf)           9.3095 (2.09)      0.2226 (inf)          26;7  107.0763 (0.48)        107           1
test_hamlib_hamiltonians_transpile[ham_mu_y_prime_enc_gray_dvalues_16-16-16]                                               9.1263 (2.16)         10.4825 (2.00)          9.4942 (2.12)      0.2095 (inf)           9.4499 (2.13)      0.2422 (inf)          25;2  105.3275 (0.47)        101           1
test_hamlib_hamiltonians_transpile[ham_mu_x_prime_enc_unary_dvalues_4-4-4]                                                 9.1955 (2.18)         10.8198 (2.07)          9.5321 (2.13)      0.2200 (inf)           9.4921 (2.14)      0.2145 (inf)          28;5  104.9087 (0.47)        113           1
test_hamlib_hamiltonians_transpile[ham_gnp-k_4_n-6_rinst-15]                                                               9.7768 (2.31)         10.9402 (2.09)         10.1395 (2.27)      0.2250 (inf)          10.1249 (2.28)      0.2367 (inf)          27;4   98.6239 (0.44)         93           1
test_hamlib_hamiltonians_transpile[ham_mu_y_prime_enc_stdbinary_dvalues_4-4-4-4-4-4-4-4-4-4-4-4-4-4-4-4-4-4]              11.1000 (2.63)         12.1254 (2.32)         11.4736 (2.56)      0.1937 (inf)          11.4442 (2.57)      0.2479 (inf)          21;2   87.1570 (0.39)         77           1
test_hamlib_hamiltonians_transpile[ham_enc_stdbinary_dvalues_d-level-4]                                                   11.4969 (2.72)         12.7222 (2.43)         11.8890 (2.66)      0.2768 (inf)          11.8387 (2.66)      0.2974 (inf)          11;3   84.1110 (0.38)         48           1
test_hamlib_hamiltonians_transpile[ham_mu_y_prime_enc_unary_dvalues_16-16-16-16-16-16]                                    11.6130 (2.75)         13.0524 (2.50)         11.9907 (2.68)      0.2107 (inf)          11.9462 (2.69)      0.1968 (inf)          16;4   83.3977 (0.37)         78           1
test_hamlib_hamiltonians_transpile[ham_complbipart-n-10_a-5_b-5]                                                          13.0084 (3.08)         15.7517 (3.01)         13.4446 (3.01)      0.3916 (inf)          13.3734 (3.01)      0.3209 (inf)           7;2   74.3792 (0.33)         67           1
test_hamlib_hamiltonians_transpile[ham_mu_y_prime_enc_stdbinary_dvalues_8-8-8-8-8-8]                                      13.1883 (3.12)         14.6784 (2.81)         13.5043 (3.02)      0.2189 (inf)          13.4691 (3.03)      0.1644 (inf)          15;7   74.0505 (0.33)         75           1
test_hamlib_hamiltonians_transpile[ham_enc_gray_dvalues_d-level-16]                                                       14.0615 (3.33)         15.3965 (2.94)         14.5668 (3.26)      0.3276 (inf)          14.4729 (3.26)      0.4564 (inf)          25;0   68.6495 (0.31)         70           1
test_hamlib_hamiltonians_transpile[ham_mu_x_prime_enc_unary_dvalues_16-16-16-16-16-16-16-16-16-16-16-16-16-16-16]         15.2556 (3.61)         16.4801 (3.15)         15.6563 (3.50)      0.2408 (inf)          15.5879 (3.51)      0.2683 (inf)          12;3   63.8720 (0.29)         62           1
test_hamlib_hamiltonians_transpile[ham_ham_JW-6]                                                                          15.9123 (3.77)         17.2033 (3.29)         16.3201 (3.65)      0.2630 (inf)          16.2841 (3.66)      0.3257 (inf)          15;2   61.2743 (0.27)         59           1
test_hamlib_hamiltonians_transpile[ham_tsp_prob-ts225_Ncity-5_enc-unary]                                                  17.7340 (4.20)         26.2534 (5.02)         18.4386 (4.12)      1.1448 (inf)          18.2552 (4.11)      0.4593 (inf)           1;2   54.2342 (0.24)         53           1
test_hamlib_hamiltonians_transpile[ham_gnp-k_5_n-24_rinst-04]                                                             22.9291 (5.43)         36.1727 (6.92)         23.8679 (5.34)      1.9970 (inf)          23.4212 (5.27)      0.5732 (inf)           1;3   41.8972 (0.19)         43           1
test_hamlib_hamiltonians_transpile[ham_graph-1D-grid-pbc-qubitnodes_Lx-16_h-2]                                            23.3750 (5.53)         28.3808 (5.43)         24.1888 (5.41)      0.7682 (inf)          23.9964 (5.40)      0.6260 (inf)           3;1   41.3415 (0.18)         42           1
test_hamlib_hamiltonians_transpile[ham_mu_x_prime_enc_stdbinary_dvalues_8-8-8-8-8-8-8-8-8-4-4-4-4-4-4]                    27.4785 (6.50)         30.7275 (5.88)         28.2597 (6.32)      0.6146 (inf)          28.1453 (6.33)      0.6240 (inf)           8;1   35.3861 (0.16)         36           1
test_hamlib_hamiltonians_transpile[ham_8-uuf100-0509.cnf-40-cc]                                                           30.1268 (7.13)         33.2304 (6.35)         31.5237 (7.05)      0.6134 (inf)          31.5097 (7.09)      0.5801 (inf)           9;2   31.7222 (0.14)         33           1
test_hamlib_hamiltonians_transpile[ham_0-uuf100-0810.cnf-40-res]                                                          31.6944 (7.50)         37.5798 (7.19)         32.9163 (7.36)      1.1955 (inf)          32.5540 (7.32)      0.6583 (inf)           3;2   30.3801 (0.14)         31           1
test_hamlib_hamiltonians_transpile[ham_tsp_prob-lin105_Ncity-7_enc-unary]                                                 37.1934 (8.80)         43.1155 (8.25)         38.6440 (8.64)      1.1794 (inf)          38.2881 (8.61)      0.9471 (inf)           3;2   25.8773 (0.12)         26           1
test_hamlib_hamiltonians_transpile[ham_ham_JW-8]                                                                          39.0316 (9.24)         42.5150 (8.13)         40.4752 (9.05)      0.7400 (inf)          40.5287 (9.12)      0.7583 (inf)           6;1   24.7065 (0.11)         24           1
test_hamlib_hamiltonians_transpile[ham_4-flat100-7.cnf-90-cc]                                                             39.0695 (9.25)         49.7638 (9.52)         40.4219 (9.04)      2.2766 (inf)          39.8667 (8.97)      0.6254 (inf)           2;2   24.7391 (0.11)         25           1
test_hamlib_hamiltonians_transpile[ham_2-uf100-0396.cnf-46-res]                                                           40.3975 (9.56)         43.1153 (8.25)         41.5014 (9.28)      0.7467 (inf)          41.3638 (9.31)      0.8031 (inf)           8;1   24.0956 (0.11)         24           1
test_hamlib_hamiltonians_transpile[ham_tsp_prob-ulysses22_Ncity-8_enc-stdbinary]                                          41.5407 (9.83)         44.7243 (8.55)         42.6573 (9.54)      0.6767 (inf)          42.6214 (9.59)      0.7720 (inf)           6;1   23.4426 (0.10)         24           1
test_hamlib_hamiltonians_transpile[ham_2-uf100-0601.cnf-46-res]                                                           43.3836 (10.27)        47.5335 (9.09)         44.8762 (10.03)     0.9194 (inf)          44.6905 (10.06)     1.0941 (inf)           6;1   22.2835 (0.10)         23           1
test_hamlib_hamiltonians_transpile[ham_graph-2D-grid-nonpbc-qubitnodes_Lx-5_Ly-15_h-3]                                    43.7825 (10.36)        46.2931 (8.85)         44.8503 (10.03)     0.6929 (inf)          44.7885 (10.08)     0.8687 (inf)           8;0   22.2964 (0.10)         23           1
test_hamlib_hamiltonians_transpile[ham_graph-2D-triag-pbc-qubitnodes_Lx-13_Ly-13_h-0.1]                                   47.1389 (11.16)        57.3415 (10.97)        48.3848 (10.82)     2.1752 (inf)          47.9355 (10.79)     0.7534 (inf)           1;2   20.6676 (0.09)         20           1
test_hamlib_hamiltonians_transpile[ham_tsp_prob-d198_Ncity-8_enc-unary]                                                   55.9779 (13.25)        69.3350 (13.26)        57.9892 (12.96)     3.0344 (inf)          57.5334 (12.95)     1.5589 (inf)           1;1   17.2446 (0.08)         18           1
test_hamlib_hamiltonians_transpile[ham_bh_graph-1D-grid-pbc-qubitnodes_Lx-14_U-10_enc-stdbinary_d-4]                      58.8962 (13.94)       106.6146 (20.39)        62.7907 (14.04)    11.3216 (inf)          60.1419 (13.53)     1.5623 (inf)           1;1   15.9259 (0.07)         17           1
test_hamlib_hamiltonians_transpile[ham_queen13_13,n-28,rinst-0]                                                           63.2066 (14.96)        69.4064 (13.27)        64.3831 (14.39)     1.6653 (inf)          63.7800 (14.35)     1.1625 (inf)           2;2   15.5320 (0.07)         16           1
test_hamlib_hamiltonians_transpile[ham_fh-graph-1D-grid-pbc-qubitnodes_Lx-50_U-2_enc-jw]                                  66.4019 (15.71)        71.4920 (13.67)        67.9901 (15.20)     1.3773 (inf)          67.5856 (15.21)     1.4270 (inf)           4;1   14.7080 (0.07)         15           1
test_hamlib_hamiltonians_transpile[ham_dsjc1000.1,n-36,rinst-4]                                                           68.4614 (16.20)        75.3834 (14.42)        69.9754 (15.64)     1.8014 (inf)          69.2538 (15.58)     1.0694 (inf)           2;2   14.2907 (0.06)         15           1
test_hamlib_hamiltonians_transpile[ham_ham_parity10]                                                                      80.3691 (19.02)        83.7873 (16.02)        81.9960 (18.33)     1.0625 (inf)          81.4850 (18.33)     1.5869 (inf)           4;0   12.1957 (0.05)         13           1
test_hamlib_hamiltonians_transpile[ham_reg-4_n-90_rinst-07]                                                               80.5917 (19.07)        89.1537 (17.05)        84.1639 (18.82)     2.1567 (inf)          84.5991 (19.04)     2.2075 (inf)           3;1   11.8816 (0.05)         13           1
test_hamlib_hamiltonians_transpile[ham_ham_JW10]                                                                          82.3898 (19.50)        86.9306 (16.62)        84.6197 (18.92)     1.3747 (inf)          84.5866 (19.03)     1.8239 (inf)           4;0   11.8176 (0.05)         12           1
test_hamlib_hamiltonians_transpile[ham_ham_JW-10]                                                                         82.7136 (19.57)        85.9634 (16.44)        84.1862 (18.82)     1.0435 (inf)          83.8971 (18.88)     1.7223 (inf)           4;0   11.8784 (0.05)         12           1
test_hamlib_hamiltonians_transpile[ham_gnp-k_4_n-40_rinst-07]                                                             93.3161 (22.08)       100.7889 (19.27)        96.4473 (21.56)     2.1082 (inf)          96.5869 (21.73)     2.5871 (inf)           3;0   10.3684 (0.05)         11           1
test_hamlib_hamiltonians_transpile[ham_bh_graph-2D-triag-nonpbc-qubitnodes_Lx-3_Ly-5_U-30_enc-gray_d-4]                   96.0729 (22.74)       100.6126 (19.24)        97.4197 (21.78)     1.2816 (inf)          97.3231 (21.90)     0.9996 (inf)           2;1   10.2649 (0.05)         11           1
test_hamlib_hamiltonians_transpile[ham_bh_graph-1D-grid-pbc-qubitnodes_Lx-24_U-20_enc-stdbinary_d-4]                      98.9277 (23.41)       101.6129 (19.43)        99.9614 (22.35)     0.9065 (inf)          99.7661 (22.45)     1.5282 (inf)           3;0   10.0039 (0.04)         10           1
test_hamlib_hamiltonians_transpile[ham_4-uf100-0246.cnf-70-res]                                                          103.1916 (24.42)       110.9784 (21.22)       106.3034 (23.76)     2.6545 (inf)         105.2220 (23.68)     3.9060 (inf)           3;0    9.4070 (0.04)         10           1
test_hamlib_hamiltonians_transpile[ham_tsp_prob-pr76_Ncity-10_enc-unary]                                                 103.3161 (24.45)       108.9099 (20.83)       106.0564 (23.71)     1.5987 (inf)         106.0889 (23.87)     1.6222 (inf)           3;0    9.4289 (0.04)         10           1
test_hamlib_hamiltonians_transpile[ham_tsp_prob-st70_Ncity-10_enc-unary]                                                 104.4878 (24.73)       115.4756 (22.08)       107.7123 (24.08)     3.3954 (inf)         106.6638 (24.00)     3.8489 (inf)           2;1    9.2840 (0.04)         10           1
test_hamlib_hamiltonians_transpile[ham_enc_gray_dvalues_4-4-4-4-4-4-4]                                                   107.4681 (25.43)       114.4460 (21.89)       110.3877 (24.68)     2.1128 (inf)         109.9076 (24.73)     2.5805 (inf)           3;0    9.0590 (0.04)          9           1
test_hamlib_hamiltonians_transpile[ham_reg-5_n-10_rinst-07]                                                              111.1966 (26.31)       117.7782 (22.52)       112.7439 (25.20)     2.0866 (inf)         111.7475 (25.14)     1.4949 (inf)           1;1    8.8697 (0.04)          9           1
test_hamlib_hamiltonians_transpile[ham_bh_graph-1D-grid-pbc-qubitnodes_Lx-4_U-40_enc-gray_d-8]                           123.1044 (29.13)       164.2954 (31.42)       130.2185 (29.11)    13.8838 (inf)         125.3536 (28.21)     3.8412 (inf)           1;1    7.6794 (0.03)          8           1
test_hamlib_hamiltonians_transpile[ham_bh_graph-1D-grid-pbc-qubitnodes_Lx-46_U-2_enc-gray_d-4]                           152.8147 (36.16)       158.8887 (30.39)       155.3830 (34.74)     1.9295 (inf)         155.4251 (34.97)     1.9429 (inf)           2;0    6.4357 (0.03)          7           1
test_hamlib_hamiltonians_transpile[ham_will199gpia,n-60,rinst-8]                                                         155.7905 (36.87)       161.0433 (30.80)       158.1752 (35.36)     2.0010 (inf)         158.8827 (35.75)     3.3700 (inf)           3;0    6.3221 (0.03)          7           1
test_hamlib_hamiltonians_transpile[ham_ham_BK12]                                                                         159.1420 (37.66)       166.9539 (31.93)       163.0211 (36.44)     2.4156 (inf)         163.0663 (36.69)     2.3303 (inf)           2;0    6.1342 (0.03)          7           1
test_hamlib_hamiltonians_transpile[ham_bh_graph-1D-grid-nonpbc-qubitnodes_Lx-12_U-40_enc-unary_d-4]                      165.4594 (39.16)       169.6306 (32.44)       166.9977 (37.33)     1.6286 (inf)         166.2896 (37.42)     2.3890 (inf)           1;0    5.9881 (0.03)          6           1
test_hamlib_hamiltonians_transpile[ham_bh_graph-3D-grid-nonpbc-qubitnodes_Lx-2_Ly-2_Lz-2_U-20_enc-unary_d-4]             166.8082 (39.48)       173.2862 (33.14)       170.6513 (38.15)     2.4818 (inf)         170.5682 (38.38)     3.8446 (inf)           3;0    5.8599 (0.03)          6           1
test_hamlib_hamiltonians_transpile[ham_ham_parity12]                                                                     195.9783 (46.38)       201.8699 (38.60)       199.2526 (44.54)     2.1086 (inf)         199.4884 (44.89)     1.7511 (inf)           2;0    5.0188 (0.02)          5           1
test_hamlib_hamiltonians_transpile[ham_bh_graph-1D-grid-pbc-qubitnodes_Lx-60_U-10_enc-stdbinary_d-4]                     205.5664 (48.65)       248.3795 (47.50)       215.5904 (48.20)    18.4010 (inf)         208.5040 (46.91)    13.2246 (inf)           1;1    4.6384 (0.02)          5           1
test_hamlib_hamiltonians_transpile[ham_ham_JW12]                                                                         205.9123 (48.73)       211.1250 (40.37)       208.6484 (46.64)     1.9749 (inf)         208.9112 (47.01)     2.7698 (inf)           2;0    4.7928 (0.02)          5           1
test_hamlib_hamiltonians_transpile[ham_graph-1D-grid-pbc-qubitnodes_Lx-26_h-6]                                           210.3866 (49.79)       215.6251 (41.24)       213.2557 (47.67)     2.4602 (inf)         214.7062 (48.31)     4.2736 (inf)           1;0    4.6892 (0.02)          5           1
test_hamlib_hamiltonians_transpile[ham_ham_parity-14]                                                                    215.5967 (51.02)       223.9492 (42.83)       219.1668 (49.00)     3.5104 (inf)         218.8082 (49.23)     5.9389 (inf)           2;0    4.5627 (0.02)          5           1
test_hamlib_hamiltonians_transpile[ham_gnp-k_5_n-60_rinst-19]                                                            242.4825 (57.38)       286.0093 (54.70)       254.4853 (56.89)    17.7891 (inf)         247.7440 (55.74)    11.8703 (inf)           1;1    3.9295 (0.02)          5           1
test_hamlib_hamiltonians_transpile[ham_ham_JW14]                                                                         254.2026 (60.16)       263.1375 (50.32)       257.2504 (57.51)     4.2057 (inf)         255.8307 (57.56)     6.0618 (inf)           1;0    3.8873 (0.02)          4           1
test_hamlib_hamiltonians_transpile[ham_enc_unary_dvalues_4-4-4]                                                          303.9517 (71.93)       309.9884 (59.28)       307.2444 (68.69)     2.8676 (inf)         307.5187 (69.19)     4.7715 (inf)           1;0    3.2547 (0.01)          4           1
test_hamlib_hamiltonians_transpile[ham_bh_graph-2D-grid-nonpbc-qubitnodes_Lx-7_Ly-7_U-70_enc-gray_d-4]                   323.3486 (76.52)       374.3131 (71.58)       340.8916 (76.21)    28.9558 (inf)         325.0131 (73.13)    38.2234 (inf)           1;0    2.9335 (0.01)          3           1
test_hamlib_hamiltonians_transpile[ham_gnp-k_5_n-90_rinst-02]                                                            405.6099 (95.99)       461.4775 (88.25)       427.7874 (95.63)    29.6598 (inf)         416.2749 (93.66)    41.9007 (inf)           1;0    2.3376 (0.01)          3           1
test_hamlib_hamiltonians_transpile[ham_ham_BK-14]                                                                        405.6117 (95.99)       416.6360 (79.68)       409.4066 (91.52)     6.2634 (inf)         405.9722 (91.35)     8.2682 (inf)           1;0    2.4426 (0.01)          3           1
test_hamlib_hamiltonians_transpile[ham_tsp_prob-fl417_Ncity-16_enc-stdbinary]                                            419.6661 (99.31)       465.8336 (89.08)       438.0331 (97.92)    24.4868 (inf)         428.5996 (96.44)    34.6256 (inf)           1;0    2.2829 (0.01)          3           1
test_hamlib_hamiltonians_transpile[ham_tsp_prob-kroD100_Ncity-16_enc-stdbinary]                                          425.4275 (100.68)      440.0990 (84.16)       433.6646 (96.95)     7.5001 (inf)         435.4675 (97.98)    11.0036 (inf)           1;0    2.3059 (0.01)          3           1
test_hamlib_hamiltonians_transpile[ham_ham_JW-14]                                                                        461.8109 (109.29)      481.4285 (92.07)       471.1088 (105.32)    9.8486 (inf)         470.0869 (105.77)   14.7132 (inf)           1;0    2.1227 (0.01)          3           1
test_hamlib_hamiltonians_transpile[ham_enc_gray_dvalues_8-8-8]                                                           551.3399 (130.47)      555.6010 (106.25)      553.4704 (123.73)    3.0131 (inf)         553.4704 (124.53)    4.2611 (inf)           0;0    1.8068 (0.01)          2           1
test_hamlib_hamiltonians_transpile[ham_bh_graph-2D-triag-pbc-qubitnodes_Lx-10_Ly-10_U-30_enc-stdbinary_d-4]              580.1027 (137.28)      621.9824 (118.95)      601.0426 (134.37)   29.6134 (inf)         601.0426 (135.24)   41.8797 (inf)           0;0    1.6638 (0.01)          2           1
test_hamlib_hamiltonians_transpile[ham_bh_graph-2D-triag-pbc-qubitnodes_Lx-5_Ly-5_U-30_enc-unary_d-4]                    624.8865 (147.88)      641.9196 (122.76)      633.4030 (141.60)   12.0442 (inf)         633.4030 (142.52)   17.0331 (inf)           0;0    1.5788 (0.01)          2           1
test_hamlib_hamiltonians_transpile[ham_bh_graph-1D-grid-pbc-qubitnodes_Lx-10_U-30_enc-unary_d-8]                         768.2244 (181.80)      770.1058 (147.27)      769.1651 (171.95)    1.3303 (inf)         769.1651 (173.06)    1.8814 (inf)           0;0    1.3001 (0.01)          2           1
test_hamlib_hamiltonians_transpile[ham_bh_graph-2D-triag-pbc-qubitnodes_Lx-3_Ly-22_U-70_enc-unary_d-4]                 1,505.2461 (356.22)    1,505.2461 (287.86)    1,505.2461 (336.50)    0.0000 (1.0)       1,505.2461 (338.69)    0.0000 (1.0)           0;0    0.6643 (0.00)          1           1
test_hamlib_hamiltonians_transpile[ham_ham_JW-18]                                                                      1,549.2171 (366.62)    1,549.2171 (296.27)    1,549.2171 (346.33)    0.0000 (1.0)       1,549.2171 (348.58)    0.0000 (1.0)           0;0    0.6455 (0.00)          1           1
test_hamlib_hamiltonians_transpile[ham_ham_BK22]                                                                       4,686.9843 (>1000.0)   4,686.9843 (896.32)    4,686.9843 (>1000.0)   0.0000 (1.0)       4,686.9843 (>1000.0)   0.0000 (1.0)           0;0    0.2134 (0.00)          1           1
test_hamlib_hamiltonians_transpile[ham_ham_JW-22]                                                                      5,461.6643 (>1000.0)   5,461.6643 (>1000.0)   5,461.6643 (>1000.0)   0.0000 (1.0)       5,461.6643 (>1000.0)   0.0000 (1.0)           0;0    0.1831 (0.00)          1           1
test_hamlib_hamiltonians_transpile[ham_ham_JW24]                                                                      10,751.3414 (>1000.0)  10,751.3414 (>1000.0)  10,751.3414 (>1000.0)   0.0000 (1.0)      10,751.3414 (>1000.0)   0.0000 (1.0)           0;0    0.0930 (0.00)          1           1
--------------------------------------------------------------------------------------------------------------------------------------------------------------------------------------------------------------------------------------------------------------------------------------------------------

Legend:
  Outliers: 1 Standard Deviation from Mean; 1.5 IQR (InterQuartile Range) from 1st Quartile and 3rd Quartile.
  OPS: Operations Per Second, computed as 1 / Mean
=========================== short test summary info ============================
SKIPPED [19] benchpress/qiskit_gym/device_transpile/test_hamiltonians.py:49: Circuit too large for given backend.
================== 81 passed, 19 skipped in 199.04s (0:03:19) ==================
