============================= test session starts ==============================
platform linux -- Python 3.11.11, pytest-9.0.2, pluggy-1.6.0
benchmark: 4.0.0 (defaults: timer=time.perf_counter disable_gc=False min_rounds=1 min_time=0.000005 max_time=1.0 calibration_precision=10 warmup=False warmup_iterations=100000)
qiskit: 2.5.0.dev0+5e07775
qiskit_ibm_runtime: 0.46.1
timeout_skip_list: 0
rootdir: /mnt/data/benchpress/benchpress
configfile: pytest.ini
plugins: anyio-4.12.1, benchmark-4.0.0, memray-1.8.0, timeout-2.4.0
collected 100 items

benchpress/qiskit_gym/device_transpile/test_hamiltonians.py::TestWorkoutDeviceHamlibHamiltonians::test_hamlib_hamiltonians_transpile[ham_enc_stdbinary_dvalues_d-level-4] PASSED [  1%]
benchpress/qiskit_gym/device_transpile/test_hamiltonians.py::TestWorkoutDeviceHamlibHamiltonians::test_hamlib_hamiltonians_transpile[ham_mu_y_prime_enc_stdbinary_dvalues_8-8-4-4] PASSED [  2%]
benchpress/qiskit_gym/device_transpile/test_hamiltonians.py::TestWorkoutDeviceHamlibHamiltonians::test_hamlib_hamiltonians_transpile[ham_mu_y_prime_enc_unary_dvalues_4-4-4] PASSED [  3%]
benchpress/qiskit_gym/device_transpile/test_hamiltonians.py::TestWorkoutDeviceHamlibHamiltonians::test_hamlib_hamiltonians_transpile[ham_mu_z_prime_enc_gray_dvalues_4-4-4-4] PASSED [  4%]
benchpress/qiskit_gym/device_transpile/test_hamiltonians.py::TestWorkoutDeviceHamlibHamiltonians::test_hamlib_hamiltonians_transpile[ham_gnp-k_2_n-4_rinst-05] PASSED [  5%]
benchpress/qiskit_gym/device_transpile/test_hamiltonians.py::TestWorkoutDeviceHamlibHamiltonians::test_hamlib_hamiltonians_transpile[ham_ham_parity-4] PASSED [  6%]
benchpress/qiskit_gym/device_transpile/test_hamiltonians.py::TestWorkoutDeviceHamlibHamiltonians::test_hamlib_hamiltonians_transpile[ham_mu_y_prime_enc_stdbinary_dvalues_16-16-16-16-8-8-8] PASSED [  7%]
benchpress/qiskit_gym/device_transpile/test_hamiltonians.py::TestWorkoutDeviceHamlibHamiltonians::test_hamlib_hamiltonians_transpile[ham_mu_y_prime_enc_gray_dvalues_16-16-16] PASSED [  8%]
benchpress/qiskit_gym/device_transpile/test_hamiltonians.py::TestWorkoutDeviceHamlibHamiltonians::test_hamlib_hamiltonians_transpile[ham_enc_gray_dvalues_d-level-16] PASSED [  9%]
benchpress/qiskit_gym/device_transpile/test_hamiltonians.py::TestWorkoutDeviceHamlibHamiltonians::test_hamlib_hamiltonians_transpile[ham_mu_y_prime_enc_stdbinary_dvalues_8-8-8-8-8-8] PASSED [ 10%]
benchpress/qiskit_gym/device_transpile/test_hamiltonians.py::TestWorkoutDeviceHamlibHamiltonians::test_hamlib_hamiltonians_transpile[ham_gnp-k_4_n-6_rinst-15] PASSED [ 11%]
benchpress/qiskit_gym/device_transpile/test_hamiltonians.py::TestWorkoutDeviceHamlibHamiltonians::test_hamlib_hamiltonians_transpile[ham_ham_JW-6] PASSED [ 12%]
benchpress/qiskit_gym/device_transpile/test_hamiltonians.py::TestWorkoutDeviceHamlibHamiltonians::test_hamlib_hamiltonians_transpile[ham_mu_y_prime_enc_unary_dvalues_8-8-8-8-8-8-8] PASSED [ 13%]
benchpress/qiskit_gym/device_transpile/test_hamiltonians.py::TestWorkoutDeviceHamlibHamiltonians::test_hamlib_hamiltonians_transpile[ham_7-uf20-0384.cnf-8-res] PASSED [ 14%]
benchpress/qiskit_gym/device_transpile/test_hamiltonians.py::TestWorkoutDeviceHamlibHamiltonians::test_hamlib_hamiltonians_transpile[ham_tsp_rand-002_Ncity-4_enc-stdbinary] PASSED [ 15%]
benchpress/qiskit_gym/device_transpile/test_hamiltonians.py::TestWorkoutDeviceHamlibHamiltonians::test_hamlib_hamiltonians_transpile[ham_ham_JW-8] PASSED [ 16%]
benchpress/qiskit_gym/device_transpile/test_hamiltonians.py::TestWorkoutDeviceHamlibHamiltonians::test_hamlib_hamiltonians_transpile[ham_enc_gray_dvalues_8-8-8] PASSED [ 17%]
benchpress/qiskit_gym/device_transpile/test_hamiltonians.py::TestWorkoutDeviceHamlibHamiltonians::test_hamlib_hamiltonians_transpile[ham_complbipart-n-10_a-5_b-5] PASSED [ 18%]
benchpress/qiskit_gym/device_transpile/test_hamiltonians.py::TestWorkoutDeviceHamlibHamiltonians::test_hamlib_hamiltonians_transpile[ham_ham_JW10] PASSED [ 19%]
benchpress/qiskit_gym/device_transpile/test_hamiltonians.py::TestWorkoutDeviceHamlibHamiltonians::test_hamlib_hamiltonians_transpile[ham_ham_parity10] PASSED [ 20%]
benchpress/qiskit_gym/device_transpile/test_hamiltonians.py::TestWorkoutDeviceHamlibHamiltonians::test_hamlib_hamiltonians_transpile[ham_ham_JW-10] PASSED [ 21%]
benchpress/qiskit_gym/device_transpile/test_hamiltonians.py::TestWorkoutDeviceHamlibHamiltonians::test_hamlib_hamiltonians_transpile[ham_mu_x_prime_enc_stdbinary_dvalues_8-8-8-8-8-8-8-8-8-4-4-4-4-4-4] PASSED [ 22%]
benchpress/qiskit_gym/device_transpile/test_hamiltonians.py::TestWorkoutDeviceHamlibHamiltonians::test_hamlib_hamiltonians_transpile[ham_mu_x_prime_enc_unary_dvalues_4-4-4] PASSED [ 23%]
benchpress/qiskit_gym/device_transpile/test_hamiltonians.py::TestWorkoutDeviceHamlibHamiltonians::test_hamlib_hamiltonians_transpile[ham_ham_parity12] PASSED [ 24%]
benchpress/qiskit_gym/device_transpile/test_hamiltonians.py::TestWorkoutDeviceHamlibHamiltonians::test_hamlib_hamiltonians_transpile[ham_ham_BK12] PASSED [ 25%]
benchpress/qiskit_gym/device_transpile/test_hamiltonians.py::TestWorkoutDeviceHamlibHamiltonians::test_hamlib_hamiltonians_transpile[ham_ham_JW12] PASSED [ 26%]
benchpress/qiskit_gym/device_transpile/test_hamiltonians.py::TestWorkoutDeviceHamlibHamiltonians::test_hamlib_hamiltonians_transpile[ham_bh_graph-1D-grid-pbc-qubitnodes_Lx-4_U-40_enc-gray_d-8] PASSED [ 27%]
benchpress/qiskit_gym/device_transpile/test_hamiltonians.py::TestWorkoutDeviceHamlibHamiltonians::test_hamlib_hamiltonians_transpile[ham_enc_unary_dvalues_4-4-4] PASSED [ 28%]
benchpress/qiskit_gym/device_transpile/test_hamiltonians.py::TestWorkoutDeviceHamlibHamiltonians::test_hamlib_hamiltonians_transpile[ham_ham_parity-14] PASSED [ 29%]
benchpress/qiskit_gym/device_transpile/test_hamiltonians.py::TestWorkoutDeviceHamlibHamiltonians::test_hamlib_hamiltonians_transpile[ham_ham_JW14] PASSED [ 30%]
benchpress/qiskit_gym/device_transpile/test_hamiltonians.py::TestWorkoutDeviceHamlibHamiltonians::test_hamlib_hamiltonians_transpile[ham_enc_gray_dvalues_4-4-4-4-4-4-4] PASSED [ 31%]
benchpress/qiskit_gym/device_transpile/test_hamiltonians.py::TestWorkoutDeviceHamlibHamiltonians::test_hamlib_hamiltonians_transpile[ham_ham_BK-14] PASSED [ 32%]
benchpress/qiskit_gym/device_transpile/test_hamiltonians.py::TestWorkoutDeviceHamlibHamiltonians::test_hamlib_hamiltonians_transpile[ham_ham_JW-14] PASSED [ 33%]
benchpress/qiskit_gym/device_transpile/test_hamiltonians.py::TestWorkoutDeviceHamlibHamiltonians::test_hamlib_hamiltonians_transpile[ham_mu_z_prime_enc_unary_dvalues_16-16-16-16-16-16-16] PASSED [ 34%]
benchpress/qiskit_gym/device_transpile/test_hamiltonians.py::TestWorkoutDeviceHamlibHamiltonians::test_hamlib_hamiltonians_transpile[ham_graph-1D-grid-pbc-qubitnodes_Lx-16_h-2] PASSED [ 35%]
benchpress/qiskit_gym/device_transpile/test_hamiltonians.py::TestWorkoutDeviceHamlibHamiltonians::test_hamlib_hamiltonians_transpile[ham_ham_JW-18] PASSED [ 36%]
benchpress/qiskit_gym/device_transpile/test_hamiltonians.py::TestWorkoutDeviceHamlibHamiltonians::test_hamlib_hamiltonians_transpile[ham_ham_JW-22] PASSED [ 37%]
benchpress/qiskit_gym/device_transpile/test_hamiltonians.py::TestWorkoutDeviceHamlibHamiltonians::test_hamlib_hamiltonians_transpile[ham_ham_BK22] PASSED [ 38%]
benchpress/qiskit_gym/device_transpile/test_hamiltonians.py::TestWorkoutDeviceHamlibHamiltonians::test_hamlib_hamiltonians_transpile[ham_mu_y_prime_enc_stdbinary_dvalues_4-4-4-4-4-4-4-4-4-4-4-4-4-4-4-4-4-4] PASSED [ 39%]
benchpress/qiskit_gym/device_transpile/test_hamiltonians.py::TestWorkoutDeviceHamlibHamiltonians::test_hamlib_hamiltonians_transpile[ham_gnp-k_5_n-24_rinst-04] PASSED [ 40%]
benchpress/qiskit_gym/device_transpile/test_hamiltonians.py::TestWorkoutDeviceHamlibHamiltonians::test_hamlib_hamiltonians_transpile[ham_tsp_prob-ulysses22_Ncity-8_enc-stdbinary] PASSED [ 41%]
benchpress/qiskit_gym/device_transpile/test_hamiltonians.py::TestWorkoutDeviceHamlibHamiltonians::test_hamlib_hamiltonians_transpile[ham_ham_JW24] PASSED [ 42%]
benchpress/qiskit_gym/device_transpile/test_hamiltonians.py::TestWorkoutDeviceHamlibHamiltonians::test_hamlib_hamiltonians_transpile[ham_tsp_prob-ts225_Ncity-5_enc-unary] PASSED [ 43%]
benchpress/qiskit_gym/device_transpile/test_hamiltonians.py::TestWorkoutDeviceHamlibHamiltonians::test_hamlib_hamiltonians_transpile[ham_graph-1D-grid-pbc-qubitnodes_Lx-26_h-6] PASSED [ 44%]
benchpress/qiskit_gym/device_transpile/test_hamiltonians.py::TestWorkoutDeviceHamlibHamiltonians::test_hamlib_hamiltonians_transpile[ham_bh_graph-1D-grid-pbc-qubitnodes_Lx-14_U-10_enc-stdbinary_d-4] PASSED [ 45%]
benchpress/qiskit_gym/device_transpile/test_hamiltonians.py::TestWorkoutDeviceHamlibHamiltonians::test_hamlib_hamiltonians_transpile[ham_bh_graph-2D-triag-nonpbc-qubitnodes_Lx-3_Ly-5_U-30_enc-gray_d-4] PASSED [ 46%]
benchpress/qiskit_gym/device_transpile/test_hamiltonians.py::TestWorkoutDeviceHamlibHamiltonians::test_hamlib_hamiltonians_transpile[ham_reg-5_n-10_rinst-07] PASSED [ 47%]
benchpress/qiskit_gym/device_transpile/test_hamiltonians.py::TestWorkoutDeviceHamlibHamiltonians::test_hamlib_hamiltonians_transpile[ham_mu_y_prime_enc_unary_dvalues_16-16-16-16-16-16] PASSED [ 48%]
benchpress/qiskit_gym/device_transpile/test_hamiltonians.py::TestWorkoutDeviceHamlibHamiltonians::test_hamlib_hamiltonians_transpile[ham_bh_graph-3D-grid-nonpbc-qubitnodes_Lx-2_Ly-2_Lz-2_U-20_enc-unary_d-4] PASSED [ 49%]
benchpress/qiskit_gym/device_transpile/test_hamiltonians.py::TestWorkoutDeviceHamlibHamiltonians::test_hamlib_hamiltonians_transpile[ham_0-uuf100-0810.cnf-40-res] PASSED [ 50%]
benchpress/qiskit_gym/device_transpile/test_hamiltonians.py::TestWorkoutDeviceHamlibHamiltonians::test_hamlib_hamiltonians_transpile[ham_8-uuf100-0509.cnf-40-cc] PASSED [ 51%]
benchpress/qiskit_gym/device_transpile/test_hamiltonians.py::TestWorkoutDeviceHamlibHamiltonians::test_hamlib_hamiltonians_transpile[ham_gnp-k_4_n-40_rinst-07] PASSED [ 52%]
benchpress/qiskit_gym/device_transpile/test_hamiltonians.py::TestWorkoutDeviceHamlibHamiltonians::test_hamlib_hamiltonians_transpile[ham_2-uf100-0396.cnf-46-res] PASSED [ 53%]
benchpress/qiskit_gym/device_transpile/test_hamiltonians.py::TestWorkoutDeviceHamlibHamiltonians::test_hamlib_hamiltonians_transpile[ham_2-uf100-0601.cnf-46-res] PASSED [ 54%]
benchpress/qiskit_gym/device_transpile/test_hamiltonians.py::TestWorkoutDeviceHamlibHamiltonians::test_hamlib_hamiltonians_transpile[ham_bh_graph-1D-grid-nonpbc-qubitnodes_Lx-12_U-40_enc-unary_d-4] PASSED [ 55%]
benchpress/qiskit_gym/device_transpile/test_hamiltonians.py::TestWorkoutDeviceHamlibHamiltonians::test_hamlib_hamiltonians_transpile[ham_bh_graph-1D-grid-pbc-qubitnodes_Lx-24_U-20_enc-stdbinary_d-4] PASSED [ 56%]
benchpress/qiskit_gym/device_transpile/test_hamiltonians.py::TestWorkoutDeviceHamlibHamiltonians::test_hamlib_hamiltonians_transpile[ham_tsp_prob-lin105_Ncity-7_enc-unary] PASSED [ 57%]
benchpress/qiskit_gym/device_transpile/test_hamiltonians.py::TestWorkoutDeviceHamlibHamiltonians::test_hamlib_hamiltonians_transpile[ham_gnp-k_5_n-60_rinst-19] PASSED [ 58%]
benchpress/qiskit_gym/device_transpile/test_hamiltonians.py::TestWorkoutDeviceHamlibHamiltonians::test_hamlib_hamiltonians_transpile[ham_bh_graph-2D-triag-pbc-qubitnodes_Lx-5_Ly-5_U-30_enc-unary_d-4] PASSED [ 59%]
benchpress/qiskit_gym/device_transpile/test_hamiltonians.py::TestWorkoutDeviceHamlibHamiltonians::test_hamlib_hamiltonians_transpile[ham_mu_x_prime_enc_unary_dvalues_16-16-16-16-16-16-16-16-16-16-16-16-16-16-16] PASSED [ 60%]
benchpress/qiskit_gym/device_transpile/test_hamiltonians.py::TestWorkoutDeviceHamlibHamiltonians::test_hamlib_hamiltonians_transpile[ham_tsp_prob-d198_Ncity-8_enc-unary] PASSED [ 61%]
benchpress/qiskit_gym/device_transpile/test_hamiltonians.py::TestWorkoutDeviceHamlibHamiltonians::test_hamlib_hamiltonians_transpile[ham_tsp_prob-kroD100_Ncity-16_enc-stdbinary] PASSED [ 62%]
benchpress/qiskit_gym/device_transpile/test_hamiltonians.py::TestWorkoutDeviceHamlibHamiltonians::test_hamlib_hamiltonians_transpile[ham_tsp_prob-fl417_Ncity-16_enc-stdbinary] PASSED [ 63%]
benchpress/qiskit_gym/device_transpile/test_hamiltonians.py::TestWorkoutDeviceHamlibHamiltonians::test_hamlib_hamiltonians_transpile[ham_4-uf100-0246.cnf-70-res] PASSED [ 64%]
benchpress/qiskit_gym/device_transpile/test_hamiltonians.py::TestWorkoutDeviceHamlibHamiltonians::test_hamlib_hamiltonians_transpile[ham_dsjc1000.1,n-36,rinst-4] PASSED [ 65%]
benchpress/qiskit_gym/device_transpile/test_hamiltonians.py::TestWorkoutDeviceHamlibHamiltonians::test_hamlib_hamiltonians_transpile[ham_graph-2D-grid-nonpbc-qubitnodes_Lx-5_Ly-15_h-3] PASSED [ 66%]
benchpress/qiskit_gym/device_transpile/test_hamiltonians.py::TestWorkoutDeviceHamlibHamiltonians::test_hamlib_hamiltonians_transpile[ham_bh_graph-1D-grid-pbc-qubitnodes_Lx-10_U-30_enc-unary_d-8] PASSED [ 67%]
benchpress/qiskit_gym/device_transpile/test_hamiltonians.py::TestWorkoutDeviceHamlibHamiltonians::test_hamlib_hamiltonians_transpile[ham_4-flat100-7.cnf-90-cc] PASSED [ 68%]
benchpress/qiskit_gym/device_transpile/test_hamiltonians.py::TestWorkoutDeviceHamlibHamiltonians::test_hamlib_hamiltonians_transpile[ham_reg-4_n-90_rinst-07] PASSED [ 69%]
benchpress/qiskit_gym/device_transpile/test_hamiltonians.py::TestWorkoutDeviceHamlibHamiltonians::test_hamlib_hamiltonians_transpile[ham_gnp-k_5_n-90_rinst-02] PASSED [ 70%]
benchpress/qiskit_gym/device_transpile/test_hamiltonians.py::TestWorkoutDeviceHamlibHamiltonians::test_hamlib_hamiltonians_transpile[ham_graph-2D-triag-pbc-qubitnodes_Lx-13_Ly-13_h-0.1] PASSED [ 71%]
benchpress/qiskit_gym/device_transpile/test_hamiltonians.py::TestWorkoutDeviceHamlibHamiltonians::test_hamlib_hamiltonians_transpile[ham_bh_graph-1D-grid-pbc-qubitnodes_Lx-46_U-2_enc-gray_d-4] PASSED [ 72%]
benchpress/qiskit_gym/device_transpile/test_hamiltonians.py::TestWorkoutDeviceHamlibHamiltonians::test_hamlib_hamiltonians_transpile[ham_bh_graph-2D-grid-nonpbc-qubitnodes_Lx-7_Ly-7_U-70_enc-gray_d-4] PASSED [ 73%]
benchpress/qiskit_gym/device_transpile/test_hamiltonians.py::TestWorkoutDeviceHamlibHamiltonians::test_hamlib_hamiltonians_transpile[ham_fh-graph-1D-grid-pbc-qubitnodes_Lx-50_U-2_enc-jw] PASSED [ 74%]
benchpress/qiskit_gym/device_transpile/test_hamiltonians.py::TestWorkoutDeviceHamlibHamiltonians::test_hamlib_hamiltonians_transpile[ham_tsp_prob-st70_Ncity-10_enc-unary] PASSED [ 75%]
benchpress/qiskit_gym/device_transpile/test_hamiltonians.py::TestWorkoutDeviceHamlibHamiltonians::test_hamlib_hamiltonians_transpile[ham_tsp_prob-pr76_Ncity-10_enc-unary] PASSED [ 76%]
benchpress/qiskit_gym/device_transpile/test_hamiltonians.py::TestWorkoutDeviceHamlibHamiltonians::test_hamlib_hamiltonians_transpile[ham_bh_graph-2D-triag-pbc-qubitnodes_Lx-10_Ly-10_U-30_enc-stdbinary_d-4] PASSED [ 77%]
benchpress/qiskit_gym/device_transpile/test_hamiltonians.py::TestWorkoutDeviceHamlibHamiltonians::test_hamlib_hamiltonians_transpile[ham_queen13_13,n-28,rinst-0] PASSED [ 78%]
benchpress/qiskit_gym/device_transpile/test_hamiltonians.py::TestWorkoutDeviceHamlibHamiltonians::test_hamlib_hamiltonians_transpile[ham_will199gpia,n-60,rinst-8] PASSED [ 79%]
benchpress/qiskit_gym/device_transpile/test_hamiltonians.py::TestWorkoutDeviceHamlibHamiltonians::test_hamlib_hamiltonians_transpile[ham_bh_graph-1D-grid-pbc-qubitnodes_Lx-60_U-10_enc-stdbinary_d-4] PASSED [ 80%]
benchpress/qiskit_gym/device_transpile/test_hamiltonians.py::TestWorkoutDeviceHamlibHamiltonians::test_hamlib_hamiltonians_transpile[ham_bh_graph-2D-triag-pbc-qubitnodes_Lx-3_Ly-22_U-70_enc-unary_d-4] PASSED [ 81%]
benchpress/qiskit_gym/device_transpile/test_hamiltonians.py::TestWorkoutDeviceHamlibHamiltonians::test_hamlib_hamiltonians_transpile[ham_1-fullins_5,n-48,rinst-7] SKIPPED [ 82%]
benchpress/qiskit_gym/device_transpile/test_hamiltonians.py::TestWorkoutDeviceHamlibHamiltonians::test_hamlib_hamiltonians_transpile[ham_bh_graph-2D-triag-nonpbc-qubitnodes_Lx-11_Ly-11_U-100_enc-gray_d-4] SKIPPED [ 83%]
benchpress/qiskit_gym/device_transpile/test_hamiltonians.py::TestWorkoutDeviceHamlibHamiltonians::test_hamlib_hamiltonians_transpile[ham_fh-graph-1D-grid-nonpbc-qubitnodes_Lx-90_U-2_enc-jw] SKIPPED [ 84%]
benchpress/qiskit_gym/device_transpile/test_hamiltonians.py::TestWorkoutDeviceHamlibHamiltonians::test_hamlib_hamiltonians_transpile[ham_graph-2D-triag-pbc-qubitnodes_Lx-19_Ly-19_h-0.5] SKIPPED [ 85%]
benchpress/qiskit_gym/device_transpile/test_hamiltonians.py::TestWorkoutDeviceHamlibHamiltonians::test_hamlib_hamiltonians_transpile[ham_graph-2D-grid-nonpbc-qubitnodes_Lx-5_Ly-58_h-2] SKIPPED [ 86%]
benchpress/qiskit_gym/device_transpile/test_hamiltonians.py::TestWorkoutDeviceHamlibHamiltonians::test_hamlib_hamiltonians_transpile[ham_fh-graph-2D-triag-nonpbc-qubitnodes_Lx-16_Ly-16_U-4_enc-bk] SKIPPED [ 87%]
benchpress/qiskit_gym/device_transpile/test_hamiltonians.py::TestWorkoutDeviceHamlibHamiltonians::test_hamlib_hamiltonians_transpile[ham_fh-graph-1D-grid-pbc-qubitnodes_Lx-160_U-12_enc-parity] SKIPPED [ 88%]
benchpress/qiskit_gym/device_transpile/test_hamiltonians.py::TestWorkoutDeviceHamlibHamiltonians::test_hamlib_hamiltonians_transpile[ham_graph-2D-triag-nonpbc-qubitnodes_Lx-3_Ly-160_h-0.1] SKIPPED [ 89%]
benchpress/qiskit_gym/device_transpile/test_hamiltonians.py::TestWorkoutDeviceHamlibHamiltonians::test_hamlib_hamiltonians_transpile[ham_graph-2D-grid-nonpbc-qubitnodes_Lx-19_Ly-19_h-5] SKIPPED [ 90%]
benchpress/qiskit_gym/device_transpile/test_hamiltonians.py::TestWorkoutDeviceHamlibHamiltonians::test_hamlib_hamiltonians_transpile[ham_graph-2D-grid-pbc-qubitnodes_Lx-2_Ly-185_h-0.5] SKIPPED [ 91%]
benchpress/qiskit_gym/device_transpile/test_hamiltonians.py::TestWorkoutDeviceHamlibHamiltonians::test_hamlib_hamiltonians_transpile[ham_fh-graph-2D-grid-pbc-qubitnodes_Lx-2_Ly-105_U-8_enc-bk] SKIPPED [ 92%]
benchpress/qiskit_gym/device_transpile/test_hamiltonians.py::TestWorkoutDeviceHamlibHamiltonians::test_hamlib_hamiltonians_transpile[ham_ash608gpia,n-160,rinst-1] SKIPPED [ 93%]
benchpress/qiskit_gym/device_transpile/test_hamiltonians.py::TestWorkoutDeviceHamlibHamiltonians::test_hamlib_hamiltonians_transpile[ham_graph-2D-grid-nonpbc-qubitnodes_Lx-4_Ly-133_h-0.1] SKIPPED [ 94%]
benchpress/qiskit_gym/device_transpile/test_hamiltonians.py::TestWorkoutDeviceHamlibHamiltonians::test_hamlib_hamiltonians_transpile[ham_graph-2D-grid-pbc-qubitnodes_Lx-4_Ly-148_h-6] SKIPPED [ 95%]
benchpress/qiskit_gym/device_transpile/test_hamiltonians.py::TestWorkoutDeviceHamlibHamiltonians::test_hamlib_hamiltonians_transpile[ham_fh-graph-2D-grid-pbc-qubitnodes_Lx-5_Ly-72_U-0_enc-parity] SKIPPED [ 96%]
benchpress/qiskit_gym/device_transpile/test_hamiltonians.py::TestWorkoutDeviceHamlibHamiltonians::test_hamlib_hamiltonians_transpile[ham_graph-2D-grid-pbc-qubitnodes_Lx-4_Ly-190_h-0] SKIPPED [ 97%]
benchpress/qiskit_gym/device_transpile/test_hamiltonians.py::TestWorkoutDeviceHamlibHamiltonians::test_hamlib_hamiltonians_transpile[ham_graph-2D-triag-nonpbc-qubitnodes_Lx-40_Ly-40_h-0.1] SKIPPED [ 98%]
benchpress/qiskit_gym/device_transpile/test_hamiltonians.py::TestWorkoutDeviceHamlibHamiltonians::test_hamlib_hamiltonians_transpile[ham_graph-2D-grid-nonpbc-qubitnodes_Lx-5_Ly-186_h-0.5] SKIPPED [ 99%]
benchpress/qiskit_gym/device_transpile/test_hamiltonians.py::TestWorkoutDeviceHamlibHamiltonians::test_hamlib_hamiltonians_transpile[ham_graph-2D-grid-pbc-qubitnodes_Lx-5_Ly-186_h-3] SKIPPED [100%]
Wrote benchmark data in: <_io.BufferedWriter name='/mnt/data/pr16157_evidence/device_hamiltonians/pr.json'>



----------------------------------------------------------------------------------------------------------------------------- benchmark 'Transpile - Device': 81 tests -----------------------------------------------------------------------------------------------------------------------------
Name (time in ms)                                                                                                            Min                   Max                  Mean             StdDev                Median                IQR            Outliers       OPS            Rounds  Iterations
----------------------------------------------------------------------------------------------------------------------------------------------------------------------------------------------------------------------------------------------------------------------------------------------------
test_hamlib_hamiltonians_transpile[ham_mu_y_prime_enc_unary_dvalues_4-4-4]                                                4.0608 (1.0)          5.1341 (1.0)          4.4272 (1.0)       0.1426 (inf)          4.3989 (1.0)       0.1296 (inf)         42;17  225.8742 (1.0)         233           1
test_hamlib_hamiltonians_transpile[ham_mu_z_prime_enc_gray_dvalues_4-4-4-4]                                               5.0949 (1.25)         6.5803 (1.28)         5.5723 (1.26)      0.1778 (inf)          5.5438 (1.26)      0.1514 (inf)         29;12  179.4581 (0.79)        186           1
test_hamlib_hamiltonians_transpile[ham_mu_y_prime_enc_unary_dvalues_8-8-8-8-8-8-8]                                        5.2120 (1.28)         6.0394 (1.18)         5.3971 (1.22)      0.1332 (inf)          5.3731 (1.22)      0.1211 (inf)         35;12  185.2833 (0.82)        196           1
test_hamlib_hamiltonians_transpile[ham_gnp-k_2_n-4_rinst-05]                                                              6.6008 (1.63)         7.5037 (1.46)         6.8718 (1.55)      0.1575 (inf)          6.8394 (1.55)      0.1481 (inf)         27;11  145.5233 (0.64)        137           1
test_hamlib_hamiltonians_transpile[ham_mu_y_prime_enc_stdbinary_dvalues_8-8-4-4]                                          7.1160 (1.75)         8.9206 (1.74)         7.4581 (1.68)      0.2995 (inf)          7.3786 (1.68)      0.2714 (inf)          15;5  134.0816 (0.59)         80           1
test_hamlib_hamiltonians_transpile[ham_7-uf20-0384.cnf-8-res]                                                             7.5151 (1.85)         8.8119 (1.72)         7.7898 (1.76)      0.1929 (inf)          7.7502 (1.76)      0.1439 (inf)         19;10  128.3736 (0.57)        128           1
test_hamlib_hamiltonians_transpile[ham_ham_parity-4]                                                                      8.2101 (2.02)        10.1815 (1.98)         8.5624 (1.93)      0.2833 (inf)          8.4794 (1.93)      0.1567 (inf)         12;10  116.7899 (0.52)        100           1
test_hamlib_hamiltonians_transpile[ham_mu_y_prime_enc_gray_dvalues_16-16-16]                                              8.2570 (2.03)         9.2454 (1.80)         8.5389 (1.93)      0.1968 (inf)          8.4962 (1.93)      0.1814 (inf)          18;8  117.1108 (0.52)        119           1
test_hamlib_hamiltonians_transpile[ham_gnp-k_4_n-6_rinst-15]                                                              8.7255 (2.15)         9.4336 (1.84)         8.9900 (2.03)      0.1446 (inf)          8.9631 (2.04)      0.1599 (inf)          30;6  111.2345 (0.49)        105           1
test_hamlib_hamiltonians_transpile[ham_mu_z_prime_enc_unary_dvalues_16-16-16-16-16-16-16]                                 8.7761 (2.16)         9.9842 (1.94)         9.0841 (2.05)      0.1715 (inf)          9.0488 (2.06)      0.1862 (inf)          22;3  110.0827 (0.49)        103           1
test_hamlib_hamiltonians_transpile[ham_mu_y_prime_enc_stdbinary_dvalues_16-16-16-16-8-8-8]                                8.8015 (2.17)         9.7034 (1.89)         9.1620 (2.07)      0.1680 (inf)          9.1249 (2.07)      0.1533 (inf)         19;10  109.1459 (0.48)        108           1
test_hamlib_hamiltonians_transpile[ham_tsp_rand-002_Ncity-4_enc-stdbinary]                                                8.8765 (2.19)         9.8223 (1.91)         9.1208 (2.06)      0.1644 (inf)          9.0939 (2.07)      0.1453 (inf)          19;5  109.6392 (0.49)        109           1
test_hamlib_hamiltonians_transpile[ham_mu_x_prime_enc_unary_dvalues_4-4-4]                                                9.1982 (2.27)        10.7530 (2.09)         9.5368 (2.15)      0.2006 (inf)          9.5042 (2.16)      0.2134 (inf)          19;4  104.8571 (0.46)        115           1
test_hamlib_hamiltonians_transpile[ham_mu_y_prime_enc_stdbinary_dvalues_4-4-4-4-4-4-4-4-4-4-4-4-4-4-4-4-4-4]             10.3429 (2.55)        14.8412 (2.89)        10.6497 (2.41)      0.4982 (inf)         10.5568 (2.40)      0.1881 (inf)           4;7   93.8997 (0.42)         87           1
test_hamlib_hamiltonians_transpile[ham_enc_stdbinary_dvalues_d-level-4]                                                  11.1596 (2.75)        13.1231 (2.56)        11.7634 (2.66)      0.3589 (inf)         11.6957 (2.66)      0.3795 (inf)          12;2   85.0094 (0.38)         49           1
test_hamlib_hamiltonians_transpile[ham_complbipart-n-10_a-5_b-5]                                                         11.5337 (2.84)        15.4817 (3.02)        11.9418 (2.70)      0.4715 (inf)         11.8371 (2.69)      0.2724 (inf)           4;4   83.7392 (0.37)         75           1
test_hamlib_hamiltonians_transpile[ham_mu_y_prime_enc_unary_dvalues_16-16-16-16-16-16]                                   11.6621 (2.87)        13.4584 (2.62)        11.9986 (2.71)      0.2952 (inf)         11.9621 (2.72)      0.2143 (inf)          11;5   83.3427 (0.37)         80           1
test_hamlib_hamiltonians_transpile[ham_mu_y_prime_enc_stdbinary_dvalues_8-8-8-8-8-8]                                     12.5705 (3.10)        13.8373 (2.70)        12.8162 (2.89)      0.2409 (inf)         12.7470 (2.90)      0.2357 (inf)          11;6   78.0264 (0.35)         80           1
test_hamlib_hamiltonians_transpile[ham_enc_gray_dvalues_d-level-16]                                                      12.7829 (3.15)        14.4057 (2.81)        13.1819 (2.98)      0.3409 (inf)         13.0987 (2.98)      0.3657 (inf)          16;4   75.8615 (0.34)         78           1
test_hamlib_hamiltonians_transpile[ham_mu_x_prime_enc_unary_dvalues_16-16-16-16-16-16-16-16-16-16-16-16-16-16-16]        15.1493 (3.73)        16.3387 (3.18)        15.5756 (3.52)      0.2509 (inf)         15.5434 (3.53)      0.3658 (inf)          13;1   64.2029 (0.28)         62           1
test_hamlib_hamiltonians_transpile[ham_ham_JW-6]                                                                         15.4149 (3.80)        16.7475 (3.26)        15.8113 (3.57)      0.2547 (inf)         15.7359 (3.58)      0.2510 (inf)           9;3   63.2459 (0.28)         48           1
test_hamlib_hamiltonians_transpile[ham_tsp_prob-ts225_Ncity-5_enc-unary]                                                 17.5306 (4.32)        24.5593 (4.78)        18.1371 (4.10)      0.9510 (inf)         17.9129 (4.07)      0.3993 (inf)           1;2   55.1356 (0.24)         52           1
test_hamlib_hamiltonians_transpile[ham_gnp-k_5_n-24_rinst-04]                                                            22.4118 (5.52)        28.8212 (5.61)        23.1737 (5.23)      1.0316 (inf)         22.9774 (5.22)      0.7610 (inf)           2;2   43.1523 (0.19)         42           1
test_hamlib_hamiltonians_transpile[ham_graph-1D-grid-pbc-qubitnodes_Lx-16_h-2]                                           23.6423 (5.82)        28.8702 (5.62)        24.1804 (5.46)      0.8128 (inf)         23.9544 (5.45)      0.4556 (inf)           3;4   41.3558 (0.18)         44           1
test_hamlib_hamiltonians_transpile[ham_mu_x_prime_enc_stdbinary_dvalues_8-8-8-8-8-8-8-8-8-4-4-4-4-4-4]                   26.6981 (6.57)        30.6158 (5.96)        27.5202 (6.22)      0.7438 (inf)         27.3061 (6.21)      0.8820 (inf)           6;1   36.3370 (0.16)         36           1
test_hamlib_hamiltonians_transpile[ham_8-uuf100-0509.cnf-40-cc]                                                          29.2746 (7.21)        32.5057 (6.33)        30.5919 (6.91)      0.6982 (inf)         30.5318 (6.94)      0.8323 (inf)           9;1   32.6884 (0.14)         34           1
test_hamlib_hamiltonians_transpile[ham_0-uuf100-0810.cnf-40-res]                                                         31.3812 (7.73)        36.2405 (7.06)        32.4276 (7.32)      1.0038 (inf)         32.1801 (7.32)      0.7437 (inf)           4;3   30.8380 (0.14)         31           1
test_hamlib_hamiltonians_transpile[ham_tsp_prob-lin105_Ncity-7_enc-unary]                                                36.7457 (9.05)        41.6816 (8.12)        37.7700 (8.53)      0.9868 (inf)         37.6075 (8.55)      0.7183 (inf)           3;2   26.4760 (0.12)         28           1
test_hamlib_hamiltonians_transpile[ham_ham_JW-8]                                                                         37.6124 (9.26)        40.5758 (7.90)        38.8654 (8.78)      0.8126 (inf)         38.6547 (8.79)      1.4089 (inf)           8;0   25.7298 (0.11)         26           1
test_hamlib_hamiltonians_transpile[ham_4-flat100-7.cnf-90-cc]                                                            38.3496 (9.44)        79.4546 (15.48)       42.0115 (9.49)      8.3741 (inf)         39.6790 (9.02)      1.5265 (inf)           2;3   23.8030 (0.11)         25           1
test_hamlib_hamiltonians_transpile[ham_2-uf100-0396.cnf-46-res]                                                          39.0084 (9.61)        42.2348 (8.23)        40.1305 (9.06)      0.8621 (inf)         40.1435 (9.13)      1.1409 (inf)           7;2   24.9187 (0.11)         24           1
test_hamlib_hamiltonians_transpile[ham_tsp_prob-ulysses22_Ncity-8_enc-stdbinary]                                         40.2482 (9.91)        84.1337 (16.39)       43.0482 (9.72)      8.7770 (inf)         41.2160 (9.37)      0.8271 (inf)           1;1   23.2298 (0.10)         24           1
test_hamlib_hamiltonians_transpile[ham_graph-2D-grid-nonpbc-qubitnodes_Lx-5_Ly-15_h-3]                                   40.5347 (9.98)        42.5384 (8.29)        41.4578 (9.36)      0.6444 (inf)         41.4160 (9.42)      1.1615 (inf)           8;0   24.1209 (0.11)         24           1
test_hamlib_hamiltonians_transpile[ham_2-uf100-0601.cnf-46-res]                                                          41.9727 (10.34)       45.0381 (8.77)        43.2680 (9.77)      0.7623 (inf)         43.2702 (9.84)      0.9457 (inf)           7;1   23.1118 (0.10)         24           1
test_hamlib_hamiltonians_transpile[ham_graph-2D-triag-pbc-qubitnodes_Lx-13_Ly-13_h-0.1]                                  45.3364 (11.16)       48.7454 (9.49)        46.4451 (10.49)     1.0535 (inf)         46.0383 (10.47)     1.2165 (inf)           5;1   21.5308 (0.10)         22           1
test_hamlib_hamiltonians_transpile[ham_tsp_prob-d198_Ncity-8_enc-unary]                                                  53.8597 (13.26)       60.7680 (11.84)       55.3326 (12.50)     1.8908 (inf)         54.6602 (12.43)     1.6933 (inf)           2;2   18.0725 (0.08)         19           1
test_hamlib_hamiltonians_transpile[ham_fh-graph-1D-grid-pbc-qubitnodes_Lx-50_U-2_enc-jw]                                 58.3228 (14.36)       65.5182 (12.76)       59.8906 (13.53)     1.7803 (inf)         59.3301 (13.49)     1.4726 (inf)           2;1   16.6971 (0.07)         17           1
test_hamlib_hamiltonians_transpile[ham_bh_graph-1D-grid-pbc-qubitnodes_Lx-14_U-10_enc-stdbinary_d-4]                     58.5751 (14.42)       61.3459 (11.95)       59.5752 (13.46)     0.6876 (inf)         59.4018 (13.50)     0.5360 (inf)           5;1   16.7855 (0.07)         17           1
test_hamlib_hamiltonians_transpile[ham_queen13_13,n-28,rinst-0]                                                          61.6450 (15.18)       68.5298 (13.35)       63.3197 (14.30)     1.7681 (inf)         62.8558 (14.29)     1.5258 (inf)           3;1   15.7929 (0.07)         16           1
test_hamlib_hamiltonians_transpile[ham_dsjc1000.1,n-36,rinst-4]                                                          65.2610 (16.07)      109.6124 (21.35)       68.9397 (15.57)    10.8814 (inf)         66.0347 (15.01)     1.3879 (inf)           1;1   14.5054 (0.06)         16           1
test_hamlib_hamiltonians_transpile[ham_reg-4_n-90_rinst-07]                                                              70.8909 (17.46)       74.7069 (14.55)       72.8753 (16.46)     1.1103 (inf)         72.9731 (16.59)     1.6929 (inf)           4;0   13.7221 (0.06)         14           1
test_hamlib_hamiltonians_transpile[ham_ham_JW-10]                                                                        71.0364 (17.49)       73.6312 (14.34)       72.2358 (16.32)     0.7476 (inf)         72.2362 (16.42)     1.0963 (inf)           5;0   13.8435 (0.06)         15           1
test_hamlib_hamiltonians_transpile[ham_ham_JW10]                                                                         71.3556 (17.57)       76.0115 (14.81)       73.1785 (16.53)     1.3215 (inf)         73.0574 (16.61)     1.4223 (inf)           4;1   13.6652 (0.06)         14           1
test_hamlib_hamiltonians_transpile[ham_ham_parity10]                                                                     75.2017 (18.52)       78.1600 (15.22)       76.8807 (17.37)     0.8671 (inf)         77.0653 (17.52)     0.9358 (inf)           4;0   13.0072 (0.06)         13           1
test_hamlib_hamiltonians_transpile[ham_gnp-k_4_n-40_rinst-07]                                                            76.0653 (18.73)       84.1170 (16.38)       79.0889 (17.86)     2.4753 (inf)         79.1425 (17.99)     3.4578 (inf)           5;0   12.6440 (0.06)         13           1
test_hamlib_hamiltonians_transpile[ham_bh_graph-2D-triag-nonpbc-qubitnodes_Lx-3_Ly-5_U-30_enc-gray_d-4]                  82.5989 (20.34)       86.0156 (16.75)       84.3211 (19.05)     1.0919 (inf)         84.4663 (19.20)     1.6506 (inf)           4;0   11.8594 (0.05)         12           1
test_hamlib_hamiltonians_transpile[ham_bh_graph-1D-grid-pbc-qubitnodes_Lx-24_U-20_enc-stdbinary_d-4]                     96.4864 (23.76)      100.6349 (19.60)       98.7959 (22.32)     1.1885 (inf)         98.6542 (22.43)     1.3259 (inf)           3;0   10.1219 (0.04)         11           1
test_hamlib_hamiltonians_transpile[ham_4-uf100-0246.cnf-70-res]                                                          97.1855 (23.93)      112.7409 (21.96)      100.7812 (22.76)     4.4493 (inf)         99.5821 (22.64)     2.8889 (inf)           1;1    9.9225 (0.04)         10           1
test_hamlib_hamiltonians_transpile[ham_tsp_prob-pr76_Ncity-10_enc-unary]                                                 99.5563 (24.52)      103.7659 (20.21)      101.0211 (22.82)     1.2922 (inf)        100.5675 (22.86)     1.3171 (inf)           3;1    9.8989 (0.04)         11           1
test_hamlib_hamiltonians_transpile[ham_tsp_prob-st70_Ncity-10_enc-unary]                                                100.2178 (24.68)      142.2901 (27.71)      106.5758 (24.07)    12.7619 (inf)        102.0706 (23.20)     4.9142 (inf)           1;1    9.3830 (0.04)         10           1
test_hamlib_hamiltonians_transpile[ham_enc_gray_dvalues_4-4-4-4-4-4-4]                                                  102.0920 (25.14)      106.9387 (20.83)      103.9460 (23.48)     1.4660 (inf)        103.7181 (23.58)     1.7084 (inf)           3;0    9.6204 (0.04)         10           1
test_hamlib_hamiltonians_transpile[ham_reg-5_n-10_rinst-07]                                                             104.8750 (25.83)      112.5269 (21.92)      107.9428 (24.38)     1.9954 (inf)        107.3946 (24.41)     1.6942 (inf)           2;1    9.2642 (0.04)         10           1
test_hamlib_hamiltonians_transpile[ham_bh_graph-1D-grid-pbc-qubitnodes_Lx-4_U-40_enc-gray_d-8]                          115.4303 (28.43)      122.4312 (23.85)      119.0158 (26.88)     2.2024 (inf)        119.6984 (27.21)     3.2002 (inf)           2;0    8.4022 (0.04)          9           1
test_hamlib_hamiltonians_transpile[ham_will199gpia,n-60,rinst-8]                                                        146.0081 (35.96)      152.5203 (29.71)      149.1784 (33.70)     2.0817 (inf)        149.7688 (34.05)     2.2212 (inf)           2;0    6.7034 (0.03)          7           1
test_hamlib_hamiltonians_transpile[ham_bh_graph-1D-grid-pbc-qubitnodes_Lx-46_U-2_enc-gray_d-4]                          147.1152 (36.23)      193.3518 (37.66)      155.9246 (35.22)    16.6216 (inf)        149.9878 (34.10)     4.1545 (inf)           1;1    6.4134 (0.03)          7           1
test_hamlib_hamiltonians_transpile[ham_ham_BK12]                                                                        147.3618 (36.29)      195.6873 (38.12)      155.5909 (35.14)    17.7117 (inf)        149.5011 (33.99)     1.9763 (inf)           1;1    6.4271 (0.03)          7           1
test_hamlib_hamiltonians_transpile[ham_bh_graph-1D-grid-nonpbc-qubitnodes_Lx-12_U-40_enc-unary_d-4]                     148.1654 (36.49)      151.0382 (29.42)      149.5256 (33.77)     1.3876 (inf)        149.2084 (33.92)     2.7607 (inf)           2;0    6.6878 (0.03)          7           1
test_hamlib_hamiltonians_transpile[ham_bh_graph-3D-grid-nonpbc-qubitnodes_Lx-2_Ly-2_Lz-2_U-20_enc-unary_d-4]            149.8529 (36.90)      155.3497 (30.26)      151.9651 (34.32)     2.0333 (inf)        151.1388 (34.36)     3.0369 (inf)           2;0    6.5805 (0.03)          7           1
test_hamlib_hamiltonians_transpile[ham_ham_JW12]                                                                        174.5619 (42.99)      183.1413 (35.67)      177.7284 (40.14)     3.1376 (inf)        177.8206 (40.42)     3.7110 (inf)           2;0    5.6266 (0.02)          6           1
test_hamlib_hamiltonians_transpile[ham_ham_parity12]                                                                    175.9655 (43.33)      183.7932 (35.80)      179.1918 (40.47)     2.7100 (inf)        178.7457 (40.63)     2.9777 (inf)           2;0    5.5806 (0.02)          6           1
test_hamlib_hamiltonians_transpile[ham_bh_graph-1D-grid-pbc-qubitnodes_Lx-60_U-10_enc-stdbinary_d-4]                    188.5927 (46.44)      233.6886 (45.52)      197.3867 (44.58)    17.8480 (inf)        190.0573 (43.21)     3.8971 (inf)           1;1    5.0662 (0.02)          6           1
test_hamlib_hamiltonians_transpile[ham_gnp-k_5_n-60_rinst-19]                                                           189.3322 (46.62)      242.4651 (47.23)      204.1198 (46.11)    21.6781 (inf)        196.9836 (44.78)    15.6464 (inf)           1;1    4.8991 (0.02)          5           1
test_hamlib_hamiltonians_transpile[ham_ham_parity-14]                                                                   194.9769 (48.01)      203.6284 (39.66)      198.6197 (44.86)     3.2639 (inf)        198.5141 (45.13)     4.1333 (inf)           2;0    5.0347 (0.02)          5           1
test_hamlib_hamiltonians_transpile[ham_graph-1D-grid-pbc-qubitnodes_Lx-26_h-6]                                          210.9860 (51.96)      217.0552 (42.28)      213.2667 (48.17)     2.5078 (inf)        212.7745 (48.37)     3.8517 (inf)           1;0    4.6890 (0.02)          5           1
test_hamlib_hamiltonians_transpile[ham_ham_JW14]                                                                        226.4145 (55.76)      232.1272 (45.21)      230.2126 (52.00)     2.2289 (inf)        230.9826 (52.51)     2.2272 (inf)           1;0    4.3438 (0.02)          5           1
test_hamlib_hamiltonians_transpile[ham_bh_graph-2D-grid-nonpbc-qubitnodes_Lx-7_Ly-7_U-70_enc-gray_d-4]                  271.1790 (66.78)      280.4525 (54.63)      276.6758 (62.49)     4.0186 (inf)        277.5359 (63.09)     5.7524 (inf)           1;0    3.6143 (0.02)          4           1
test_hamlib_hamiltonians_transpile[ham_enc_unary_dvalues_4-4-4]                                                         285.7491 (70.37)      303.3026 (59.08)      294.5478 (66.53)     8.6281 (inf)        294.5697 (66.96)    14.6617 (inf)           2;0    3.3950 (0.02)          4           1
test_hamlib_hamiltonians_transpile[ham_gnp-k_5_n-90_rinst-02]                                                           321.2665 (79.11)      333.3793 (64.93)      325.8074 (73.59)     6.6008 (inf)        322.7764 (73.38)     9.0846 (inf)           1;0    3.0693 (0.01)          3           1
test_hamlib_hamiltonians_transpile[ham_tsp_prob-fl417_Ncity-16_enc-stdbinary]                                           349.5261 (86.07)      392.0176 (76.36)      366.6549 (82.82)    22.4105 (inf)        358.4209 (81.48)    31.8686 (inf)           1;0    2.7274 (0.01)          3           1
test_hamlib_hamiltonians_transpile[ham_tsp_prob-kroD100_Ncity-16_enc-stdbinary]                                         351.9818 (86.68)      363.1235 (70.73)      356.5830 (80.54)     5.8185 (inf)        354.6435 (80.62)     8.3563 (inf)           1;0    2.8044 (0.01)          3           1
test_hamlib_hamiltonians_transpile[ham_ham_BK-14]                                                                       354.5234 (87.30)      371.1325 (72.29)      362.3122 (81.84)     8.3525 (inf)        361.2807 (82.13)    12.4569 (inf)           1;0    2.7601 (0.01)          3           1
test_hamlib_hamiltonians_transpile[ham_ham_JW-14]                                                                       406.5902 (100.13)     453.4999 (88.33)      423.0733 (95.56)    26.3807 (inf)        409.1299 (93.01)    35.1823 (inf)           1;0    2.3637 (0.01)          3           1
test_hamlib_hamiltonians_transpile[ham_bh_graph-2D-triag-pbc-qubitnodes_Lx-10_Ly-10_U-30_enc-stdbinary_d-4]             505.0714 (124.38)     510.7244 (99.48)      507.8979 (114.72)    3.9972 (inf)        507.8979 (115.46)    5.6529 (inf)           0;0    1.9689 (0.01)          2           1
test_hamlib_hamiltonians_transpile[ham_enc_gray_dvalues_8-8-8]                                                          508.6947 (125.27)     520.3920 (101.36)     514.5433 (116.22)    8.2712 (inf)        514.5433 (116.97)   11.6972 (inf)           0;0    1.9435 (0.01)          2           1
test_hamlib_hamiltonians_transpile[ham_bh_graph-2D-triag-pbc-qubitnodes_Lx-5_Ly-5_U-30_enc-unary_d-4]                   540.4455 (133.09)     563.6122 (109.78)     552.0289 (124.69)   16.3813 (inf)        552.0289 (125.49)   23.1666 (inf)           0;0    1.8115 (0.01)          2           1
test_hamlib_hamiltonians_transpile[ham_bh_graph-1D-grid-pbc-qubitnodes_Lx-10_U-30_enc-unary_d-8]                        673.3127 (165.81)     682.1230 (132.86)     677.7178 (153.08)    6.2298 (inf)        677.7178 (154.06)    8.8103 (inf)           0;0    1.4755 (0.01)          2           1
test_hamlib_hamiltonians_transpile[ham_ham_JW-18]                                                                     1,247.7941 (307.28)   1,247.7941 (243.04)   1,247.7941 (281.84)    0.0000 (1.0)      1,247.7941 (283.66)    0.0000 (1.0)           0;0    0.8014 (0.00)          1           1
test_hamlib_hamiltonians_transpile[ham_bh_graph-2D-triag-pbc-qubitnodes_Lx-3_Ly-22_U-70_enc-unary_d-4]                1,308.7942 (322.30)   1,308.7942 (254.92)   1,308.7942 (295.62)    0.0000 (1.0)      1,308.7942 (297.53)    0.0000 (1.0)           0;0    0.7641 (0.00)          1           1
test_hamlib_hamiltonians_transpile[ham_ham_BK22]                                                                      3,720.3905 (916.17)   3,720.3905 (724.64)   3,720.3905 (840.34)    0.0000 (1.0)      3,720.3905 (845.75)    0.0000 (1.0)           0;0    0.2688 (0.00)          1           1
test_hamlib_hamiltonians_transpile[ham_ham_JW-22]                                                                     4,374.2162 (>1000.0)  4,374.2162 (851.99)   4,374.2162 (988.02)    0.0000 (1.0)      4,374.2162 (994.38)    0.0000 (1.0)           0;0    0.2286 (0.00)          1           1
test_hamlib_hamiltonians_transpile[ham_ham_JW24]                                                                      8,422.6108 (>1000.0)  8,422.6108 (>1000.0)  8,422.6108 (>1000.0)   0.0000 (1.0)      8,422.6108 (>1000.0)   0.0000 (1.0)           0;0    0.1187 (0.00)          1           1
----------------------------------------------------------------------------------------------------------------------------------------------------------------------------------------------------------------------------------------------------------------------------------------------------

Legend:
  Outliers: 1 Standard Deviation from Mean; 1.5 IQR (InterQuartile Range) from 1st Quartile and 3rd Quartile.
  OPS: Operations Per Second, computed as 1 / Mean
=========================== short test summary info ============================
SKIPPED [19] benchpress/qiskit_gym/device_transpile/test_hamiltonians.py:49: Circuit too large for given backend.
================== 81 passed, 19 skipped in 182.31s (0:03:02) ==================
