============================= test session starts ==============================
platform linux -- Python 3.11.11, pytest-9.1.1, pluggy-1.6.0
benchmark: 4.0.0 (defaults: timer=time.perf_counter disable_gc=False min_rounds=1 min_time=0.000005 max_time=1.0 calibration_precision=10 warmup=False warmup_iterations=100000)
qiskit: 2.6.0.dev0
qiskit_ibm_runtime: 0.47.0
timeout_skip_list: 0
rootdir: /mnt/data/spotter-val/benchpress/benchpress
configfile: pytest.ini
plugins: benchmark-4.0.0, memray-1.8.0
collected 100 items

benchpress/qiskit_gym/device_transpile/test_hamiltonians.py::TestWorkoutDeviceHamlibHamiltonians::test_hamlib_hamiltonians_transpile[ham_enc_stdbinary_dvalues_d-level-4] PASSED [  1%]
benchpress/qiskit_gym/device_transpile/test_hamiltonians.py::TestWorkoutDeviceHamlibHamiltonians::test_hamlib_hamiltonians_transpile[ham_mu_y_prime_enc_stdbinary_dvalues_8-8-4-4] PASSED [  2%]
benchpress/qiskit_gym/device_transpile/test_hamiltonians.py::TestWorkoutDeviceHamlibHamiltonians::test_hamlib_hamiltonians_transpile[ham_mu_y_prime_enc_unary_dvalues_4-4-4] PASSED [  3%]
benchpress/qiskit_gym/device_transpile/test_hamiltonians.py::TestWorkoutDeviceHamlibHamiltonians::test_hamlib_hamiltonians_transpile[ham_mu_z_prime_enc_gray_dvalues_4-4-4-4] PASSED [  4%]
benchpress/qiskit_gym/device_transpile/test_hamiltonians.py::TestWorkoutDeviceHamlibHamiltonians::test_hamlib_hamiltonians_transpile[ham_gnp-k_2_n-4_rinst-05] PASSED [  5%]
benchpress/qiskit_gym/device_transpile/test_hamiltonians.py::TestWorkoutDeviceHamlibHamiltonians::test_hamlib_hamiltonians_transpile[ham_ham_parity-4] PASSED [  6%]
benchpress/qiskit_gym/device_transpile/test_hamiltonians.py::TestWorkoutDeviceHamlibHamiltonians::test_hamlib_hamiltonians_transpile[ham_mu_y_prime_enc_stdbinary_dvalues_16-16-16-16-8-8-8] PASSED [  7%]
benchpress/qiskit_gym/device_transpile/test_hamiltonians.py::TestWorkoutDeviceHamlibHamiltonians::test_hamlib_hamiltonians_transpile[ham_mu_y_prime_enc_gray_dvalues_16-16-16] PASSED [  8%]
benchpress/qiskit_gym/device_transpile/test_hamiltonians.py::TestWorkoutDeviceHamlibHamiltonians::test_hamlib_hamiltonians_transpile[ham_enc_gray_dvalues_d-level-16] PASSED [  9%]
benchpress/qiskit_gym/device_transpile/test_hamiltonians.py::TestWorkoutDeviceHamlibHamiltonians::test_hamlib_hamiltonians_transpile[ham_mu_y_prime_enc_stdbinary_dvalues_8-8-8-8-8-8] PASSED [ 10%]
benchpress/qiskit_gym/device_transpile/test_hamiltonians.py::TestWorkoutDeviceHamlibHamiltonians::test_hamlib_hamiltonians_transpile[ham_gnp-k_4_n-6_rinst-15] PASSED [ 11%]
benchpress/qiskit_gym/device_transpile/test_hamiltonians.py::TestWorkoutDeviceHamlibHamiltonians::test_hamlib_hamiltonians_transpile[ham_ham_JW-6] PASSED [ 12%]
benchpress/qiskit_gym/device_transpile/test_hamiltonians.py::TestWorkoutDeviceHamlibHamiltonians::test_hamlib_hamiltonians_transpile[ham_mu_y_prime_enc_unary_dvalues_8-8-8-8-8-8-8] PASSED [ 13%]
benchpress/qiskit_gym/device_transpile/test_hamiltonians.py::TestWorkoutDeviceHamlibHamiltonians::test_hamlib_hamiltonians_transpile[ham_7-uf20-0384.cnf-8-res] PASSED [ 14%]
benchpress/qiskit_gym/device_transpile/test_hamiltonians.py::TestWorkoutDeviceHamlibHamiltonians::test_hamlib_hamiltonians_transpile[ham_tsp_rand-002_Ncity-4_enc-stdbinary] PASSED [ 15%]
benchpress/qiskit_gym/device_transpile/test_hamiltonians.py::TestWorkoutDeviceHamlibHamiltonians::test_hamlib_hamiltonians_transpile[ham_ham_JW-8] PASSED [ 16%]
benchpress/qiskit_gym/device_transpile/test_hamiltonians.py::TestWorkoutDeviceHamlibHamiltonians::test_hamlib_hamiltonians_transpile[ham_enc_gray_dvalues_8-8-8] PASSED [ 17%]
benchpress/qiskit_gym/device_transpile/test_hamiltonians.py::TestWorkoutDeviceHamlibHamiltonians::test_hamlib_hamiltonians_transpile[ham_complbipart-n-10_a-5_b-5] PASSED [ 18%]
benchpress/qiskit_gym/device_transpile/test_hamiltonians.py::TestWorkoutDeviceHamlibHamiltonians::test_hamlib_hamiltonians_transpile[ham_ham_JW10] PASSED [ 19%]
benchpress/qiskit_gym/device_transpile/test_hamiltonians.py::TestWorkoutDeviceHamlibHamiltonians::test_hamlib_hamiltonians_transpile[ham_ham_parity10] PASSED [ 20%]
benchpress/qiskit_gym/device_transpile/test_hamiltonians.py::TestWorkoutDeviceHamlibHamiltonians::test_hamlib_hamiltonians_transpile[ham_ham_JW-10] PASSED [ 21%]
benchpress/qiskit_gym/device_transpile/test_hamiltonians.py::TestWorkoutDeviceHamlibHamiltonians::test_hamlib_hamiltonians_transpile[ham_mu_x_prime_enc_stdbinary_dvalues_8-8-8-8-8-8-8-8-8-4-4-4-4-4-4] PASSED [ 22%]
benchpress/qiskit_gym/device_transpile/test_hamiltonians.py::TestWorkoutDeviceHamlibHamiltonians::test_hamlib_hamiltonians_transpile[ham_mu_x_prime_enc_unary_dvalues_4-4-4] PASSED [ 23%]
benchpress/qiskit_gym/device_transpile/test_hamiltonians.py::TestWorkoutDeviceHamlibHamiltonians::test_hamlib_hamiltonians_transpile[ham_ham_parity12] PASSED [ 24%]
benchpress/qiskit_gym/device_transpile/test_hamiltonians.py::TestWorkoutDeviceHamlibHamiltonians::test_hamlib_hamiltonians_transpile[ham_ham_BK12] PASSED [ 25%]
benchpress/qiskit_gym/device_transpile/test_hamiltonians.py::TestWorkoutDeviceHamlibHamiltonians::test_hamlib_hamiltonians_transpile[ham_ham_JW12] PASSED [ 26%]
benchpress/qiskit_gym/device_transpile/test_hamiltonians.py::TestWorkoutDeviceHamlibHamiltonians::test_hamlib_hamiltonians_transpile[ham_bh_graph-1D-grid-pbc-qubitnodes_Lx-4_U-40_enc-gray_d-8] PASSED [ 27%]
benchpress/qiskit_gym/device_transpile/test_hamiltonians.py::TestWorkoutDeviceHamlibHamiltonians::test_hamlib_hamiltonians_transpile[ham_enc_unary_dvalues_4-4-4] PASSED [ 28%]
benchpress/qiskit_gym/device_transpile/test_hamiltonians.py::TestWorkoutDeviceHamlibHamiltonians::test_hamlib_hamiltonians_transpile[ham_ham_parity-14] PASSED [ 29%]
benchpress/qiskit_gym/device_transpile/test_hamiltonians.py::TestWorkoutDeviceHamlibHamiltonians::test_hamlib_hamiltonians_transpile[ham_ham_JW14] PASSED [ 30%]
benchpress/qiskit_gym/device_transpile/test_hamiltonians.py::TestWorkoutDeviceHamlibHamiltonians::test_hamlib_hamiltonians_transpile[ham_enc_gray_dvalues_4-4-4-4-4-4-4] PASSED [ 31%]
benchpress/qiskit_gym/device_transpile/test_hamiltonians.py::TestWorkoutDeviceHamlibHamiltonians::test_hamlib_hamiltonians_transpile[ham_ham_BK-14] PASSED [ 32%]
benchpress/qiskit_gym/device_transpile/test_hamiltonians.py::TestWorkoutDeviceHamlibHamiltonians::test_hamlib_hamiltonians_transpile[ham_ham_JW-14] PASSED [ 33%]
benchpress/qiskit_gym/device_transpile/test_hamiltonians.py::TestWorkoutDeviceHamlibHamiltonians::test_hamlib_hamiltonians_transpile[ham_mu_z_prime_enc_unary_dvalues_16-16-16-16-16-16-16] PASSED [ 34%]
benchpress/qiskit_gym/device_transpile/test_hamiltonians.py::TestWorkoutDeviceHamlibHamiltonians::test_hamlib_hamiltonians_transpile[ham_graph-1D-grid-pbc-qubitnodes_Lx-16_h-2] PASSED [ 35%]
benchpress/qiskit_gym/device_transpile/test_hamiltonians.py::TestWorkoutDeviceHamlibHamiltonians::test_hamlib_hamiltonians_transpile[ham_ham_JW-18] PASSED [ 36%]
benchpress/qiskit_gym/device_transpile/test_hamiltonians.py::TestWorkoutDeviceHamlibHamiltonians::test_hamlib_hamiltonians_transpile[ham_ham_JW-22] PASSED [ 37%]
benchpress/qiskit_gym/device_transpile/test_hamiltonians.py::TestWorkoutDeviceHamlibHamiltonians::test_hamlib_hamiltonians_transpile[ham_ham_BK22] PASSED [ 38%]
benchpress/qiskit_gym/device_transpile/test_hamiltonians.py::TestWorkoutDeviceHamlibHamiltonians::test_hamlib_hamiltonians_transpile[ham_mu_y_prime_enc_stdbinary_dvalues_4-4-4-4-4-4-4-4-4-4-4-4-4-4-4-4-4-4] PASSED [ 39%]
benchpress/qiskit_gym/device_transpile/test_hamiltonians.py::TestWorkoutDeviceHamlibHamiltonians::test_hamlib_hamiltonians_transpile[ham_gnp-k_5_n-24_rinst-04] PASSED [ 40%]
benchpress/qiskit_gym/device_transpile/test_hamiltonians.py::TestWorkoutDeviceHamlibHamiltonians::test_hamlib_hamiltonians_transpile[ham_tsp_prob-ulysses22_Ncity-8_enc-stdbinary] PASSED [ 41%]
benchpress/qiskit_gym/device_transpile/test_hamiltonians.py::TestWorkoutDeviceHamlibHamiltonians::test_hamlib_hamiltonians_transpile[ham_ham_JW24] PASSED [ 42%]
benchpress/qiskit_gym/device_transpile/test_hamiltonians.py::TestWorkoutDeviceHamlibHamiltonians::test_hamlib_hamiltonians_transpile[ham_tsp_prob-ts225_Ncity-5_enc-unary] PASSED [ 43%]
benchpress/qiskit_gym/device_transpile/test_hamiltonians.py::TestWorkoutDeviceHamlibHamiltonians::test_hamlib_hamiltonians_transpile[ham_graph-1D-grid-pbc-qubitnodes_Lx-26_h-6] PASSED [ 44%]
benchpress/qiskit_gym/device_transpile/test_hamiltonians.py::TestWorkoutDeviceHamlibHamiltonians::test_hamlib_hamiltonians_transpile[ham_bh_graph-1D-grid-pbc-qubitnodes_Lx-14_U-10_enc-stdbinary_d-4] PASSED [ 45%]
benchpress/qiskit_gym/device_transpile/test_hamiltonians.py::TestWorkoutDeviceHamlibHamiltonians::test_hamlib_hamiltonians_transpile[ham_bh_graph-2D-triag-nonpbc-qubitnodes_Lx-3_Ly-5_U-30_enc-gray_d-4] PASSED [ 46%]
benchpress/qiskit_gym/device_transpile/test_hamiltonians.py::TestWorkoutDeviceHamlibHamiltonians::test_hamlib_hamiltonians_transpile[ham_reg-5_n-10_rinst-07] PASSED [ 47%]
benchpress/qiskit_gym/device_transpile/test_hamiltonians.py::TestWorkoutDeviceHamlibHamiltonians::test_hamlib_hamiltonians_transpile[ham_mu_y_prime_enc_unary_dvalues_16-16-16-16-16-16] PASSED [ 48%]
benchpress/qiskit_gym/device_transpile/test_hamiltonians.py::TestWorkoutDeviceHamlibHamiltonians::test_hamlib_hamiltonians_transpile[ham_bh_graph-3D-grid-nonpbc-qubitnodes_Lx-2_Ly-2_Lz-2_U-20_enc-unary_d-4] PASSED [ 49%]
benchpress/qiskit_gym/device_transpile/test_hamiltonians.py::TestWorkoutDeviceHamlibHamiltonians::test_hamlib_hamiltonians_transpile[ham_0-uuf100-0810.cnf-40-res] PASSED [ 50%]
benchpress/qiskit_gym/device_transpile/test_hamiltonians.py::TestWorkoutDeviceHamlibHamiltonians::test_hamlib_hamiltonians_transpile[ham_8-uuf100-0509.cnf-40-cc] PASSED [ 51%]
benchpress/qiskit_gym/device_transpile/test_hamiltonians.py::TestWorkoutDeviceHamlibHamiltonians::test_hamlib_hamiltonians_transpile[ham_gnp-k_4_n-40_rinst-07] PASSED [ 52%]
benchpress/qiskit_gym/device_transpile/test_hamiltonians.py::TestWorkoutDeviceHamlibHamiltonians::test_hamlib_hamiltonians_transpile[ham_2-uf100-0396.cnf-46-res] PASSED [ 53%]
benchpress/qiskit_gym/device_transpile/test_hamiltonians.py::TestWorkoutDeviceHamlibHamiltonians::test_hamlib_hamiltonians_transpile[ham_2-uf100-0601.cnf-46-res] PASSED [ 54%]
benchpress/qiskit_gym/device_transpile/test_hamiltonians.py::TestWorkoutDeviceHamlibHamiltonians::test_hamlib_hamiltonians_transpile[ham_bh_graph-1D-grid-nonpbc-qubitnodes_Lx-12_U-40_enc-unary_d-4] PASSED [ 55%]
benchpress/qiskit_gym/device_transpile/test_hamiltonians.py::TestWorkoutDeviceHamlibHamiltonians::test_hamlib_hamiltonians_transpile[ham_bh_graph-1D-grid-pbc-qubitnodes_Lx-24_U-20_enc-stdbinary_d-4] PASSED [ 56%]
benchpress/qiskit_gym/device_transpile/test_hamiltonians.py::TestWorkoutDeviceHamlibHamiltonians::test_hamlib_hamiltonians_transpile[ham_tsp_prob-lin105_Ncity-7_enc-unary] PASSED [ 57%]
benchpress/qiskit_gym/device_transpile/test_hamiltonians.py::TestWorkoutDeviceHamlibHamiltonians::test_hamlib_hamiltonians_transpile[ham_gnp-k_5_n-60_rinst-19] PASSED [ 58%]
benchpress/qiskit_gym/device_transpile/test_hamiltonians.py::TestWorkoutDeviceHamlibHamiltonians::test_hamlib_hamiltonians_transpile[ham_bh_graph-2D-triag-pbc-qubitnodes_Lx-5_Ly-5_U-30_enc-unary_d-4] PASSED [ 59%]
benchpress/qiskit_gym/device_transpile/test_hamiltonians.py::TestWorkoutDeviceHamlibHamiltonians::test_hamlib_hamiltonians_transpile[ham_mu_x_prime_enc_unary_dvalues_16-16-16-16-16-16-16-16-16-16-16-16-16-16-16] PASSED [ 60%]
benchpress/qiskit_gym/device_transpile/test_hamiltonians.py::TestWorkoutDeviceHamlibHamiltonians::test_hamlib_hamiltonians_transpile[ham_tsp_prob-d198_Ncity-8_enc-unary] PASSED [ 61%]
benchpress/qiskit_gym/device_transpile/test_hamiltonians.py::TestWorkoutDeviceHamlibHamiltonians::test_hamlib_hamiltonians_transpile[ham_tsp_prob-kroD100_Ncity-16_enc-stdbinary] PASSED [ 62%]
benchpress/qiskit_gym/device_transpile/test_hamiltonians.py::TestWorkoutDeviceHamlibHamiltonians::test_hamlib_hamiltonians_transpile[ham_tsp_prob-fl417_Ncity-16_enc-stdbinary] PASSED [ 63%]
benchpress/qiskit_gym/device_transpile/test_hamiltonians.py::TestWorkoutDeviceHamlibHamiltonians::test_hamlib_hamiltonians_transpile[ham_4-uf100-0246.cnf-70-res] PASSED [ 64%]
benchpress/qiskit_gym/device_transpile/test_hamiltonians.py::TestWorkoutDeviceHamlibHamiltonians::test_hamlib_hamiltonians_transpile[ham_dsjc1000.1,n-36,rinst-4] PASSED [ 65%]
benchpress/qiskit_gym/device_transpile/test_hamiltonians.py::TestWorkoutDeviceHamlibHamiltonians::test_hamlib_hamiltonians_transpile[ham_graph-2D-grid-nonpbc-qubitnodes_Lx-5_Ly-15_h-3] PASSED [ 66%]
benchpress/qiskit_gym/device_transpile/test_hamiltonians.py::TestWorkoutDeviceHamlibHamiltonians::test_hamlib_hamiltonians_transpile[ham_bh_graph-1D-grid-pbc-qubitnodes_Lx-10_U-30_enc-unary_d-8] PASSED [ 67%]
benchpress/qiskit_gym/device_transpile/test_hamiltonians.py::TestWorkoutDeviceHamlibHamiltonians::test_hamlib_hamiltonians_transpile[ham_4-flat100-7.cnf-90-cc] PASSED [ 68%]
benchpress/qiskit_gym/device_transpile/test_hamiltonians.py::TestWorkoutDeviceHamlibHamiltonians::test_hamlib_hamiltonians_transpile[ham_reg-4_n-90_rinst-07] PASSED [ 69%]
benchpress/qiskit_gym/device_transpile/test_hamiltonians.py::TestWorkoutDeviceHamlibHamiltonians::test_hamlib_hamiltonians_transpile[ham_gnp-k_5_n-90_rinst-02] PASSED [ 70%]
benchpress/qiskit_gym/device_transpile/test_hamiltonians.py::TestWorkoutDeviceHamlibHamiltonians::test_hamlib_hamiltonians_transpile[ham_graph-2D-triag-pbc-qubitnodes_Lx-13_Ly-13_h-0.1] PASSED [ 71%]
benchpress/qiskit_gym/device_transpile/test_hamiltonians.py::TestWorkoutDeviceHamlibHamiltonians::test_hamlib_hamiltonians_transpile[ham_bh_graph-1D-grid-pbc-qubitnodes_Lx-46_U-2_enc-gray_d-4] PASSED [ 72%]
benchpress/qiskit_gym/device_transpile/test_hamiltonians.py::TestWorkoutDeviceHamlibHamiltonians::test_hamlib_hamiltonians_transpile[ham_bh_graph-2D-grid-nonpbc-qubitnodes_Lx-7_Ly-7_U-70_enc-gray_d-4] PASSED [ 73%]
benchpress/qiskit_gym/device_transpile/test_hamiltonians.py::TestWorkoutDeviceHamlibHamiltonians::test_hamlib_hamiltonians_transpile[ham_fh-graph-1D-grid-pbc-qubitnodes_Lx-50_U-2_enc-jw] PASSED [ 74%]
benchpress/qiskit_gym/device_transpile/test_hamiltonians.py::TestWorkoutDeviceHamlibHamiltonians::test_hamlib_hamiltonians_transpile[ham_tsp_prob-st70_Ncity-10_enc-unary] PASSED [ 75%]
benchpress/qiskit_gym/device_transpile/test_hamiltonians.py::TestWorkoutDeviceHamlibHamiltonians::test_hamlib_hamiltonians_transpile[ham_tsp_prob-pr76_Ncity-10_enc-unary] PASSED [ 76%]
benchpress/qiskit_gym/device_transpile/test_hamiltonians.py::TestWorkoutDeviceHamlibHamiltonians::test_hamlib_hamiltonians_transpile[ham_bh_graph-2D-triag-pbc-qubitnodes_Lx-10_Ly-10_U-30_enc-stdbinary_d-4] PASSED [ 77%]
benchpress/qiskit_gym/device_transpile/test_hamiltonians.py::TestWorkoutDeviceHamlibHamiltonians::test_hamlib_hamiltonians_transpile[ham_queen13_13,n-28,rinst-0] PASSED [ 78%]
benchpress/qiskit_gym/device_transpile/test_hamiltonians.py::TestWorkoutDeviceHamlibHamiltonians::test_hamlib_hamiltonians_transpile[ham_will199gpia,n-60,rinst-8] PASSED [ 79%]
benchpress/qiskit_gym/device_transpile/test_hamiltonians.py::TestWorkoutDeviceHamlibHamiltonians::test_hamlib_hamiltonians_transpile[ham_bh_graph-1D-grid-pbc-qubitnodes_Lx-60_U-10_enc-stdbinary_d-4] PASSED [ 80%]
benchpress/qiskit_gym/device_transpile/test_hamiltonians.py::TestWorkoutDeviceHamlibHamiltonians::test_hamlib_hamiltonians_transpile[ham_bh_graph-2D-triag-pbc-qubitnodes_Lx-3_Ly-22_U-70_enc-unary_d-4] PASSED [ 81%]
benchpress/qiskit_gym/device_transpile/test_hamiltonians.py::TestWorkoutDeviceHamlibHamiltonians::test_hamlib_hamiltonians_transpile[ham_1-fullins_5,n-48,rinst-7] SKIPPED [ 82%]
benchpress/qiskit_gym/device_transpile/test_hamiltonians.py::TestWorkoutDeviceHamlibHamiltonians::test_hamlib_hamiltonians_transpile[ham_bh_graph-2D-triag-nonpbc-qubitnodes_Lx-11_Ly-11_U-100_enc-gray_d-4] SKIPPED [ 83%]
benchpress/qiskit_gym/device_transpile/test_hamiltonians.py::TestWorkoutDeviceHamlibHamiltonians::test_hamlib_hamiltonians_transpile[ham_fh-graph-1D-grid-nonpbc-qubitnodes_Lx-90_U-2_enc-jw] SKIPPED [ 84%]
benchpress/qiskit_gym/device_transpile/test_hamiltonians.py::TestWorkoutDeviceHamlibHamiltonians::test_hamlib_hamiltonians_transpile[ham_graph-2D-triag-pbc-qubitnodes_Lx-19_Ly-19_h-0.5] SKIPPED [ 85%]
benchpress/qiskit_gym/device_transpile/test_hamiltonians.py::TestWorkoutDeviceHamlibHamiltonians::test_hamlib_hamiltonians_transpile[ham_graph-2D-grid-nonpbc-qubitnodes_Lx-5_Ly-58_h-2] SKIPPED [ 86%]
benchpress/qiskit_gym/device_transpile/test_hamiltonians.py::TestWorkoutDeviceHamlibHamiltonians::test_hamlib_hamiltonians_transpile[ham_fh-graph-2D-triag-nonpbc-qubitnodes_Lx-16_Ly-16_U-4_enc-bk] SKIPPED [ 87%]
benchpress/qiskit_gym/device_transpile/test_hamiltonians.py::TestWorkoutDeviceHamlibHamiltonians::test_hamlib_hamiltonians_transpile[ham_fh-graph-1D-grid-pbc-qubitnodes_Lx-160_U-12_enc-parity] SKIPPED [ 88%]
benchpress/qiskit_gym/device_transpile/test_hamiltonians.py::TestWorkoutDeviceHamlibHamiltonians::test_hamlib_hamiltonians_transpile[ham_graph-2D-triag-nonpbc-qubitnodes_Lx-3_Ly-160_h-0.1] SKIPPED [ 89%]
benchpress/qiskit_gym/device_transpile/test_hamiltonians.py::TestWorkoutDeviceHamlibHamiltonians::test_hamlib_hamiltonians_transpile[ham_graph-2D-grid-nonpbc-qubitnodes_Lx-19_Ly-19_h-5] SKIPPED [ 90%]
benchpress/qiskit_gym/device_transpile/test_hamiltonians.py::TestWorkoutDeviceHamlibHamiltonians::test_hamlib_hamiltonians_transpile[ham_graph-2D-grid-pbc-qubitnodes_Lx-2_Ly-185_h-0.5] SKIPPED [ 91%]
benchpress/qiskit_gym/device_transpile/test_hamiltonians.py::TestWorkoutDeviceHamlibHamiltonians::test_hamlib_hamiltonians_transpile[ham_fh-graph-2D-grid-pbc-qubitnodes_Lx-2_Ly-105_U-8_enc-bk] SKIPPED [ 92%]
benchpress/qiskit_gym/device_transpile/test_hamiltonians.py::TestWorkoutDeviceHamlibHamiltonians::test_hamlib_hamiltonians_transpile[ham_ash608gpia,n-160,rinst-1] SKIPPED [ 93%]
benchpress/qiskit_gym/device_transpile/test_hamiltonians.py::TestWorkoutDeviceHamlibHamiltonians::test_hamlib_hamiltonians_transpile[ham_graph-2D-grid-nonpbc-qubitnodes_Lx-4_Ly-133_h-0.1] SKIPPED [ 94%]
benchpress/qiskit_gym/device_transpile/test_hamiltonians.py::TestWorkoutDeviceHamlibHamiltonians::test_hamlib_hamiltonians_transpile[ham_graph-2D-grid-pbc-qubitnodes_Lx-4_Ly-148_h-6] SKIPPED [ 95%]
benchpress/qiskit_gym/device_transpile/test_hamiltonians.py::TestWorkoutDeviceHamlibHamiltonians::test_hamlib_hamiltonians_transpile[ham_fh-graph-2D-grid-pbc-qubitnodes_Lx-5_Ly-72_U-0_enc-parity] SKIPPED [ 96%]
benchpress/qiskit_gym/device_transpile/test_hamiltonians.py::TestWorkoutDeviceHamlibHamiltonians::test_hamlib_hamiltonians_transpile[ham_graph-2D-grid-pbc-qubitnodes_Lx-4_Ly-190_h-0] SKIPPED [ 97%]
benchpress/qiskit_gym/device_transpile/test_hamiltonians.py::TestWorkoutDeviceHamlibHamiltonians::test_hamlib_hamiltonians_transpile[ham_graph-2D-triag-nonpbc-qubitnodes_Lx-40_Ly-40_h-0.1] SKIPPED [ 98%]
benchpress/qiskit_gym/device_transpile/test_hamiltonians.py::TestWorkoutDeviceHamlibHamiltonians::test_hamlib_hamiltonians_transpile[ham_graph-2D-grid-nonpbc-qubitnodes_Lx-5_Ly-186_h-0.5] SKIPPED [ 99%]
benchpress/qiskit_gym/device_transpile/test_hamiltonians.py::TestWorkoutDeviceHamlibHamiltonians::test_hamlib_hamiltonians_transpile[ham_graph-2D-grid-pbc-qubitnodes_Lx-5_Ly-186_h-3] SKIPPED [100%]
Wrote benchmark data in: <_io.BufferedWriter name='/mnt/data/spotter-val/fullsuite_evidence/device_hamiltonians/main.json'>



----------------------------------------------------------------------------------------------------------------------------- benchmark 'Transpile - Device': 81 tests -----------------------------------------------------------------------------------------------------------------------------
Name (time in ms)                                                                                                            Min                   Max                  Mean             StdDev                Median                IQR            Outliers       OPS            Rounds  Iterations
----------------------------------------------------------------------------------------------------------------------------------------------------------------------------------------------------------------------------------------------------------------------------------------------------
test_hamlib_hamiltonians_transpile[ham_mu_y_prime_enc_unary_dvalues_4-4-4]                                                4.3808 (1.0)          5.3606 (1.0)          4.6863 (1.0)       0.1478 (inf)          4.6582 (1.0)       0.1535 (inf)         39;11  213.3879 (1.0)         213           1
test_hamlib_hamiltonians_transpile[ham_mu_z_prime_enc_gray_dvalues_4-4-4-4]                                               5.4440 (1.24)         6.3212 (1.18)         5.7533 (1.23)      0.1475 (inf)          5.7261 (1.23)      0.1524 (inf)          37;9  173.8129 (0.81)        184           1
test_hamlib_hamiltonians_transpile[ham_mu_y_prime_enc_unary_dvalues_8-8-8-8-8-8-8]                                        5.7995 (1.32)         7.1006 (1.32)         6.1657 (1.32)      0.1856 (inf)          6.1336 (1.32)      0.2083 (inf)          38;6  162.1874 (0.76)        152           1
test_hamlib_hamiltonians_transpile[ham_mu_y_prime_enc_stdbinary_dvalues_8-8-4-4]                                          7.6869 (1.75)         9.5551 (1.78)         8.1336 (1.74)      0.2751 (inf)          8.1082 (1.74)      0.2646 (inf)          18;4  122.9472 (0.58)         81           1
test_hamlib_hamiltonians_transpile[ham_7-uf20-0384.cnf-8-res]                                                             8.1049 (1.85)        10.3581 (1.93)         8.5905 (1.83)      0.3155 (inf)          8.5350 (1.83)      0.3173 (inf)          25;6  116.4076 (0.55)        114           1
test_hamlib_hamiltonians_transpile[ham_gnp-k_2_n-4_rinst-05]                                                              8.3330 (1.90)        10.6426 (1.99)         8.8163 (1.88)      0.3030 (inf)          8.7779 (1.88)      0.3167 (inf)          20;2  113.4262 (0.53)        107           1
test_hamlib_hamiltonians_transpile[ham_ham_parity-4]                                                                      8.6373 (1.97)        10.4793 (1.95)         9.1696 (1.96)      0.2954 (inf)          9.1374 (1.96)      0.3085 (inf)          21;4  109.0555 (0.51)         89           1
test_hamlib_hamiltonians_transpile[ham_mu_y_prime_enc_stdbinary_dvalues_16-16-16-16-8-8-8]                                9.0587 (2.07)        10.2708 (1.92)         9.4444 (2.02)      0.2476 (inf)          9.4134 (2.02)      0.3100 (inf)          32;1  105.8828 (0.50)         94           1
test_hamlib_hamiltonians_transpile[ham_mu_z_prime_enc_unary_dvalues_16-16-16-16-16-16-16]                                 9.1931 (2.10)        12.3117 (2.30)         9.7480 (2.08)      0.4020 (inf)          9.7043 (2.08)      0.3655 (inf)          16;4  102.5851 (0.48)         89           1
test_hamlib_hamiltonians_transpile[ham_mu_y_prime_enc_gray_dvalues_16-16-16]                                              9.6458 (2.20)        50.1668 (9.36)        10.5793 (2.26)      4.1114 (inf)         10.1322 (2.18)      0.3406 (inf)           1;3   94.5239 (0.44)         95           1
test_hamlib_hamiltonians_transpile[ham_tsp_rand-002_Ncity-4_enc-stdbinary]                                                9.6622 (2.21)        10.8516 (2.02)        10.2091 (2.18)      0.2390 (inf)         10.1741 (2.18)      0.2632 (inf)          22;7   97.9518 (0.46)         84           1
test_hamlib_hamiltonians_transpile[ham_mu_x_prime_enc_unary_dvalues_4-4-4]                                                9.6689 (2.21)        10.7036 (2.00)        10.2368 (2.18)      0.2342 (inf)         10.2077 (2.19)      0.3239 (inf)          36;0   97.6867 (0.46)        105           1
test_hamlib_hamiltonians_transpile[ham_gnp-k_4_n-6_rinst-15]                                                             10.5386 (2.41)        11.8754 (2.22)        10.8999 (2.33)      0.2578 (inf)         10.8494 (2.33)      0.2292 (inf)          25;8   91.7437 (0.43)         96           1
test_hamlib_hamiltonians_transpile[ham_mu_y_prime_enc_stdbinary_dvalues_4-4-4-4-4-4-4-4-4-4-4-4-4-4-4-4-4-4]             11.4568 (2.62)        13.5015 (2.52)        12.0461 (2.57)      0.3950 (inf)         11.9866 (2.57)      0.5500 (inf)          18;1   83.0144 (0.39)         74           1
test_hamlib_hamiltonians_transpile[ham_enc_stdbinary_dvalues_d-level-4]                                                  11.5769 (2.64)        13.4153 (2.50)        12.0364 (2.57)      0.3861 (inf)         11.9634 (2.57)      0.2719 (inf)           8;5   83.0811 (0.39)         32           1
test_hamlib_hamiltonians_transpile[ham_mu_y_prime_enc_unary_dvalues_16-16-16-16-16-16]                                   11.8419 (2.70)        14.1228 (2.63)        12.3485 (2.64)      0.3790 (inf)         12.2720 (2.63)      0.4343 (inf)          18;3   80.9816 (0.38)         74           1
test_hamlib_hamiltonians_transpile[ham_enc_gray_dvalues_d-level-16]                                                      13.1545 (3.00)        14.8555 (2.77)        13.6649 (2.92)      0.4313 (inf)         13.5381 (2.91)      0.4865 (inf)          21;3   73.1800 (0.34)         71           1
test_hamlib_hamiltonians_transpile[ham_complbipart-n-10_a-5_b-5]                                                         13.5009 (3.08)        16.9923 (3.17)        14.2870 (3.05)      0.4743 (inf)         14.1958 (3.05)      0.4587 (inf)          10;3   69.9936 (0.33)         68           1
test_hamlib_hamiltonians_transpile[ham_mu_y_prime_enc_stdbinary_dvalues_8-8-8-8-8-8]                                     13.6118 (3.11)        15.0980 (2.82)        14.2893 (3.05)      0.3192 (inf)         14.2804 (3.07)      0.3534 (inf)          23;1   69.9824 (0.33)         65           1
test_hamlib_hamiltonians_transpile[ham_ham_JW-6]                                                                         14.7142 (3.36)        16.6160 (3.10)        15.5474 (3.32)      0.3441 (inf)         15.5398 (3.34)      0.4412 (inf)          18;1   64.3195 (0.30)         63           1
test_hamlib_hamiltonians_transpile[ham_mu_x_prime_enc_unary_dvalues_16-16-16-16-16-16-16-16-16-16-16-16-16-16-16]        15.5643 (3.55)        16.8116 (3.14)        15.9802 (3.41)      0.2742 (inf)         15.9227 (3.42)      0.3217 (inf)          20;2   62.5775 (0.29)         59           1
test_hamlib_hamiltonians_transpile[ham_tsp_prob-ts225_Ncity-5_enc-unary]                                                 16.4733 (3.76)        20.1535 (3.76)        17.2025 (3.67)      0.5241 (inf)         17.1212 (3.68)      0.4748 (inf)           4;2   58.1310 (0.27)         53           1
test_hamlib_hamiltonians_transpile[ham_gnp-k_5_n-24_rinst-04]                                                            21.8565 (4.99)        26.8165 (5.00)        22.4969 (4.80)      0.7795 (inf)         22.2985 (4.79)      0.5807 (inf)           3;2   44.4506 (0.21)         43           1
test_hamlib_hamiltonians_transpile[ham_graph-1D-grid-pbc-qubitnodes_Lx-16_h-2]                                           24.3651 (5.56)        27.9408 (5.21)        25.1833 (5.37)      0.5952 (inf)         25.0999 (5.39)      0.4867 (inf)           5;2   39.7088 (0.19)         44           1
test_hamlib_hamiltonians_transpile[ham_mu_x_prime_enc_stdbinary_dvalues_8-8-8-8-8-8-8-8-8-4-4-4-4-4-4]                   27.2354 (6.22)        32.2182 (6.01)        28.1676 (6.01)      0.8588 (inf)         28.0251 (6.02)      0.3695 (inf)           5;6   35.5018 (0.17)         37           1
test_hamlib_hamiltonians_transpile[ham_0-uuf100-0810.cnf-40-res]                                                         29.0881 (6.64)        33.7275 (6.29)        29.8710 (6.37)      0.8657 (inf)         29.5717 (6.35)      0.6243 (inf)           4;2   33.4773 (0.16)         33           1
test_hamlib_hamiltonians_transpile[ham_8-uuf100-0509.cnf-40-cc]                                                          30.3906 (6.94)        36.0620 (6.73)        31.1133 (6.64)      1.0806 (inf)         30.7142 (6.59)      0.6149 (inf)           4;4   32.1406 (0.15)         33           1
test_hamlib_hamiltonians_transpile[ham_4-flat100-7.cnf-90-cc]                                                            31.3900 (7.17)        39.7071 (7.41)        33.0184 (7.05)      1.5028 (inf)         32.4981 (6.98)      1.2043 (inf)           3;1   30.2861 (0.14)         30           1
test_hamlib_hamiltonians_transpile[ham_ham_JW-8]                                                                         31.8529 (7.27)        36.0509 (6.73)        33.0087 (7.04)      0.8871 (inf)         32.7860 (7.04)      1.0342 (inf)           9;1   30.2950 (0.14)         29           1
test_hamlib_hamiltonians_transpile[ham_tsp_prob-lin105_Ncity-7_enc-unary]                                                32.4037 (7.40)        36.8214 (6.87)        33.4448 (7.14)      0.7690 (inf)         33.3401 (7.16)      0.4905 (inf)           4;3   29.9000 (0.14)         31           1
test_hamlib_hamiltonians_transpile[ham_2-uf100-0396.cnf-46-res]                                                          33.6299 (7.68)        39.6676 (7.40)        34.7421 (7.41)      1.0177 (inf)         34.5764 (7.42)      0.5570 (inf)           2;1   28.7835 (0.13)         29           1
test_hamlib_hamiltonians_transpile[ham_2-uf100-0601.cnf-46-res]                                                          36.2160 (8.27)        39.2873 (7.33)        37.1599 (7.93)      0.6692 (inf)         37.1264 (7.97)      0.7060 (inf)           7;1   26.9107 (0.13)         28           1
test_hamlib_hamiltonians_transpile[ham_tsp_prob-ulysses22_Ncity-8_enc-stdbinary]                                         36.4707 (8.33)        41.1783 (7.68)        37.7795 (8.06)      1.1115 (inf)         37.4548 (8.04)      1.2535 (inf)           5;1   26.4694 (0.12)         24           1
test_hamlib_hamiltonians_transpile[ham_graph-2D-triag-pbc-qubitnodes_Lx-13_Ly-13_h-0.1]                                  39.6832 (9.06)        47.4675 (8.85)        41.0562 (8.76)      1.5514 (inf)         40.8102 (8.76)      0.9398 (inf)           2;2   24.3569 (0.11)         25           1
test_hamlib_hamiltonians_transpile[ham_graph-2D-grid-nonpbc-qubitnodes_Lx-5_Ly-15_h-3]                                   41.9298 (9.57)        47.7542 (8.91)        43.0156 (9.18)      1.3549 (inf)         42.6616 (9.16)      0.8331 (inf)           2;2   23.2474 (0.11)         24           1
test_hamlib_hamiltonians_transpile[ham_bh_graph-1D-grid-pbc-qubitnodes_Lx-14_U-10_enc-stdbinary_d-4]                     42.4462 (9.69)        45.9659 (8.57)        43.9129 (9.37)      0.8478 (inf)         43.9049 (9.43)      1.2316 (inf)           6;0   22.7724 (0.11)         22           1
test_hamlib_hamiltonians_transpile[ham_tsp_prob-d198_Ncity-8_enc-unary]                                                  45.9547 (10.49)       54.9434 (10.25)       47.7345 (10.19)     1.8409 (inf)         47.1436 (10.12)     1.3859 (inf)           1;1   20.9492 (0.10)         22           1
test_hamlib_hamiltonians_transpile[ham_fh-graph-1D-grid-pbc-qubitnodes_Lx-50_U-2_enc-jw]                                 50.9240 (11.62)       58.1621 (10.85)       52.9895 (11.31)     1.5478 (inf)         52.7715 (11.33)     1.5679 (inf)           4;1   18.8717 (0.09)         19           1
test_hamlib_hamiltonians_transpile[ham_queen13_13,n-28,rinst-0]                                                          54.7741 (12.50)       62.9617 (11.75)       56.7035 (12.10)     1.9211 (inf)         56.2348 (12.07)     1.2457 (inf)           3;2   17.6356 (0.08)         18           1
test_hamlib_hamiltonians_transpile[ham_dsjc1000.1,n-36,rinst-4]                                                          60.3269 (13.77)      104.7820 (19.55)       65.1905 (13.91)    10.7637 (inf)         62.4003 (13.40)     1.7442 (inf)           1;2   15.3397 (0.07)         16           1
test_hamlib_hamiltonians_transpile[ham_ham_parity10]                                                                     67.5136 (15.41)       76.7727 (14.32)       70.2942 (15.00)     2.1886 (inf)         70.0199 (15.03)     2.0357 (inf)           3;1   14.2259 (0.07)         15           1
test_hamlib_hamiltonians_transpile[ham_reg-4_n-90_rinst-07]                                                              68.6291 (15.67)       76.2434 (14.22)       70.3564 (15.01)     2.0671 (inf)         69.7068 (14.96)     1.6669 (inf)           2;1   14.2133 (0.07)         14           1
test_hamlib_hamiltonians_transpile[ham_ham_JW-10]                                                                        69.7800 (15.93)       75.1871 (14.03)       72.4220 (15.45)     1.5034 (inf)         72.2933 (15.52)     2.5646 (inf)           3;0   13.8080 (0.06)         14           1
test_hamlib_hamiltonians_transpile[ham_ham_JW10]                                                                         70.8217 (16.17)       77.0906 (14.38)       73.4908 (15.68)     1.9520 (inf)         73.3733 (15.75)     2.9119 (inf)           4;0   13.6072 (0.06)         14           1
test_hamlib_hamiltonians_transpile[ham_bh_graph-1D-grid-pbc-qubitnodes_Lx-24_U-20_enc-stdbinary_d-4]                     72.7203 (16.60)      123.7805 (23.09)       78.7875 (16.81)    13.7432 (inf)         74.6694 (16.03)     2.3796 (inf)           1;2   12.6924 (0.06)         13           1
test_hamlib_hamiltonians_transpile[ham_bh_graph-2D-triag-nonpbc-qubitnodes_Lx-3_Ly-5_U-30_enc-gray_d-4]                  75.4027 (17.21)       82.1993 (15.33)       78.2184 (16.69)     1.8110 (inf)         77.7393 (16.69)     2.0642 (inf)           3;0   12.7847 (0.06)         13           1
test_hamlib_hamiltonians_transpile[ham_gnp-k_4_n-40_rinst-07]                                                            79.6292 (18.18)       86.2723 (16.09)       83.2479 (17.76)     1.9278 (inf)         82.8048 (17.78)     2.2384 (inf)           4;0   12.0123 (0.06)         12           1
test_hamlib_hamiltonians_transpile[ham_enc_gray_dvalues_4-4-4-4-4-4-4]                                                   80.0001 (18.26)       86.9701 (16.22)       82.3299 (17.57)     2.1818 (inf)         81.7457 (17.55)     1.5573 (inf)           3;2   12.1463 (0.06)         12           1
test_hamlib_hamiltonians_transpile[ham_tsp_prob-pr76_Ncity-10_enc-unary]                                                 81.4910 (18.60)       87.9612 (16.41)       83.7125 (17.86)     1.7517 (inf)         83.1086 (17.84)     1.6718 (inf)           4;1   11.9457 (0.06)         12           1
test_hamlib_hamiltonians_transpile[ham_tsp_prob-st70_Ncity-10_enc-unary]                                                 81.6686 (18.64)       89.7611 (16.74)       83.5552 (17.83)     2.0650 (inf)         83.3445 (17.89)     1.3195 (inf)           1;1   11.9681 (0.06)         13           1
test_hamlib_hamiltonians_transpile[ham_4-uf100-0246.cnf-70-res]                                                          84.1727 (19.21)       95.3721 (17.79)       87.1193 (18.59)     2.8501 (inf)         86.5374 (18.58)     1.9324 (inf)           2;1   11.4785 (0.05)         12           1
test_hamlib_hamiltonians_transpile[ham_reg-5_n-10_rinst-07]                                                              89.0590 (20.33)       94.0816 (17.55)       91.4691 (19.52)     1.7111 (inf)         91.1058 (19.56)     3.1040 (inf)           4;0   10.9326 (0.05)         11           1
test_hamlib_hamiltonians_transpile[ham_bh_graph-1D-grid-pbc-qubitnodes_Lx-4_U-40_enc-gray_d-8]                           95.2042 (21.73)      102.1018 (19.05)       98.4285 (21.00)     1.7875 (inf)         98.1646 (21.07)     1.8401 (inf)           2;1   10.1597 (0.05)         11           1
test_hamlib_hamiltonians_transpile[ham_bh_graph-1D-grid-nonpbc-qubitnodes_Lx-12_U-40_enc-unary_d-4]                      95.5174 (21.80)      100.2665 (18.70)       98.2811 (20.97)     1.3333 (inf)         98.6826 (21.18)     1.7903 (inf)           3;0   10.1749 (0.05)         11           1
test_hamlib_hamiltonians_transpile[ham_bh_graph-3D-grid-nonpbc-qubitnodes_Lx-2_Ly-2_Lz-2_U-20_enc-unary_d-4]             98.6565 (22.52)      104.2145 (19.44)      100.6431 (21.48)     1.6988 (inf)        100.3668 (21.55)     2.4633 (inf)           3;0    9.9361 (0.05)         10           1
test_hamlib_hamiltonians_transpile[ham_will199gpia,n-60,rinst-8]                                                        116.3581 (26.56)      130.2306 (24.29)      120.1236 (25.63)     4.3217 (inf)        119.1692 (25.58)     2.7156 (inf)           1;1    8.3248 (0.04)          8           1
test_hamlib_hamiltonians_transpile[ham_bh_graph-1D-grid-pbc-qubitnodes_Lx-46_U-2_enc-gray_d-4]                          123.9238 (28.29)      130.6612 (24.37)      125.9345 (26.87)     2.0213 (inf)        125.5485 (26.95)     0.9301 (inf)           1;1    7.9406 (0.04)          8           1
test_hamlib_hamiltonians_transpile[ham_bh_graph-1D-grid-pbc-qubitnodes_Lx-60_U-10_enc-stdbinary_d-4]                    124.8222 (28.49)      168.2332 (31.38)      132.0890 (28.19)    14.7992 (inf)        126.1282 (27.08)     5.0582 (inf)           1;1    7.5707 (0.04)          8           1
test_hamlib_hamiltonians_transpile[ham_ham_BK12]                                                                        127.3633 (29.07)      135.8921 (25.35)      130.4242 (27.83)     2.7913 (inf)        129.5616 (27.81)     3.2696 (inf)           2;0    7.6673 (0.04)          8           1
test_hamlib_hamiltonians_transpile[ham_ham_parity12]                                                                    161.6140 (36.89)      206.4692 (38.52)      171.4728 (36.59)    17.2120 (inf)        165.1293 (35.45)     1.6156 (inf)           1;2    5.8318 (0.03)          6           1
test_hamlib_hamiltonians_transpile[ham_ham_JW12]                                                                        165.3547 (37.75)      170.9804 (31.90)      167.6787 (35.78)     1.9890 (inf)        167.0941 (35.87)     2.3144 (inf)           2;0    5.9638 (0.03)          6           1
test_hamlib_hamiltonians_transpile[ham_ham_parity-14]                                                                   178.2963 (40.70)      186.9308 (34.87)      181.2057 (38.67)     3.1189 (inf)        180.9378 (38.84)     2.8690 (inf)           1;1    5.5186 (0.03)          6           1
test_hamlib_hamiltonians_transpile[ham_gnp-k_5_n-60_rinst-19]                                                           182.8919 (41.75)      195.5113 (36.47)      191.1372 (40.79)     4.7892 (inf)        192.5118 (41.33)     6.7897 (inf)           1;0    5.2318 (0.02)          6           1
test_hamlib_hamiltonians_transpile[ham_ham_JW14]                                                                        208.5778 (47.61)      214.4121 (40.00)      211.5286 (45.14)     2.3456 (inf)        211.3787 (45.38)     3.8157 (inf)           2;0    4.7275 (0.02)          5           1
test_hamlib_hamiltonians_transpile[ham_graph-1D-grid-pbc-qubitnodes_Lx-26_h-6]                                          214.6647 (49.00)      218.8469 (40.82)      216.3474 (46.17)     1.8414 (inf)        215.8071 (46.33)     3.2073 (inf)           1;0    4.6222 (0.02)          5           1
test_hamlib_hamiltonians_transpile[ham_bh_graph-2D-grid-nonpbc-qubitnodes_Lx-7_Ly-7_U-70_enc-gray_d-4]                  215.3831 (49.17)      267.3410 (49.87)      226.8366 (48.40)    22.6724 (inf)        216.7784 (46.54)    14.7741 (inf)           1;1    4.4085 (0.02)          5           1
test_hamlib_hamiltonians_transpile[ham_enc_unary_dvalues_4-4-4]                                                         218.1461 (49.80)      225.8644 (42.13)      221.4872 (47.26)     3.1123 (inf)        220.0504 (47.24)     4.5875 (inf)           2;0    4.5149 (0.02)          5           1
test_hamlib_hamiltonians_transpile[ham_bh_graph-2D-triag-pbc-qubitnodes_Lx-10_Ly-10_U-30_enc-stdbinary_d-4]             307.8496 (70.27)      323.1438 (60.28)      312.9893 (66.79)     8.7943 (inf)        307.9744 (66.11)    11.4706 (inf)           1;0    3.1950 (0.01)          3           1
test_hamlib_hamiltonians_transpile[ham_tsp_prob-kroD100_Ncity-16_enc-stdbinary]                                         308.4627 (70.41)      352.8855 (65.83)      326.2109 (69.61)    21.6192 (inf)        321.7478 (69.07)    35.1689 (inf)           1;0    3.0655 (0.01)          4           1
test_hamlib_hamiltonians_transpile[ham_gnp-k_5_n-90_rinst-02]                                                           308.8694 (70.51)      323.4823 (60.34)      313.6983 (66.94)     6.6289 (inf)        311.2207 (66.81)     7.8084 (inf)           1;0    3.1878 (0.01)          4           1
test_hamlib_hamiltonians_transpile[ham_tsp_prob-fl417_Ncity-16_enc-stdbinary]                                           314.9530 (71.89)      325.2865 (60.68)      319.8339 (68.25)     5.1905 (inf)        319.2621 (68.54)     7.7502 (inf)           1;0    3.1266 (0.01)          3           1
test_hamlib_hamiltonians_transpile[ham_ham_BK-14]                                                                       316.1846 (72.18)      328.6283 (61.30)      322.8143 (68.88)     5.1857 (inf)        323.2222 (69.39)     7.3589 (inf)           2;0    3.0978 (0.01)          4           1
test_hamlib_hamiltonians_transpile[ham_bh_graph-2D-triag-pbc-qubitnodes_Lx-5_Ly-5_U-30_enc-unary_d-4]                   332.3142 (75.86)      337.6676 (62.99)      334.6400 (71.41)     2.7449 (inf)        333.9380 (71.69)     4.0150 (inf)           1;0    2.9883 (0.01)          3           1
test_hamlib_hamiltonians_transpile[ham_ham_JW-14]                                                                       344.3498 (78.60)      366.5483 (68.38)      354.5782 (75.66)    11.2013 (inf)        352.8365 (75.74)    16.6489 (inf)           1;0    2.8203 (0.01)          3           1
test_hamlib_hamiltonians_transpile[ham_bh_graph-1D-grid-pbc-qubitnodes_Lx-10_U-30_enc-unary_d-8]                        379.1936 (86.56)      390.4693 (72.84)      386.0190 (82.37)     6.0013 (inf)        388.3939 (83.38)     8.4568 (inf)           1;0    2.5905 (0.01)          3           1
test_hamlib_hamiltonians_transpile[ham_enc_gray_dvalues_8-8-8]                                                          419.9547 (95.86)      437.9993 (81.71)      429.6268 (91.68)     9.0922 (inf)        430.9265 (92.51)    13.5334 (inf)           1;0    2.3276 (0.01)          3           1
test_hamlib_hamiltonians_transpile[ham_bh_graph-2D-triag-pbc-qubitnodes_Lx-3_Ly-22_U-70_enc-unary_d-4]                  763.9888 (174.40)     822.9995 (153.53)     793.4941 (169.32)   41.7268 (inf)        793.4941 (170.34)   59.0107 (inf)           0;0    1.2602 (0.01)          2           1
test_hamlib_hamiltonians_transpile[ham_ham_JW-18]                                                                       953.4810 (217.65)     953.4810 (177.87)     953.4810 (203.46)    0.0000 (1.0)        953.4810 (204.69)    0.0000 (1.0)           0;0    1.0488 (0.00)          1           1
test_hamlib_hamiltonians_transpile[ham_ham_BK22]                                                                      3,501.3050 (799.24)   3,501.3050 (653.15)   3,501.3050 (747.14)    0.0000 (1.0)      3,501.3050 (751.64)    0.0000 (1.0)           0;0    0.2856 (0.00)          1           1
test_hamlib_hamiltonians_transpile[ham_ham_JW-22]                                                                     4,144.5885 (946.09)   4,144.5885 (773.15)   4,144.5885 (884.41)    0.0000 (1.0)      4,144.5885 (889.73)    0.0000 (1.0)           0;0    0.2413 (0.00)          1           1
test_hamlib_hamiltonians_transpile[ham_ham_JW24]                                                                      9,539.6595 (>1000.0)  9,539.6595 (>1000.0)  9,539.6595 (>1000.0)   0.0000 (1.0)      9,539.6595 (>1000.0)   0.0000 (1.0)           0;0    0.1048 (0.00)          1           1
----------------------------------------------------------------------------------------------------------------------------------------------------------------------------------------------------------------------------------------------------------------------------------------------------

Legend:
  Outliers: 1 Standard Deviation from Mean; 1.5 IQR (InterQuartile Range) from 1st Quartile and 3rd Quartile.
  OPS: Operations Per Second, computed as 1 / Mean
=========================== short test summary info ============================
SKIPPED [19] benchpress/qiskit_gym/device_transpile/test_hamiltonians.py:49: Circuit too large for given backend.
================== 81 passed, 19 skipped in 174.96s (0:02:54) ==================
