============================= test session starts ==============================
platform linux -- Python 3.11.11, pytest-9.1.1, pluggy-1.6.0
benchmark: 4.0.0 (defaults: timer=time.perf_counter disable_gc=False min_rounds=1 min_time=0.000005 max_time=1.0 calibration_precision=10 warmup=False warmup_iterations=100000)
qiskit: 2.6.0.dev0
qiskit_ibm_runtime: 0.47.0
timeout_skip_list: 0
rootdir: /mnt/data/spotter-val/benchpress/benchpress
configfile: pytest.ini
plugins: benchmark-4.0.0, memray-1.8.0
collected 100 items

benchpress/qiskit_gym/device_transpile/test_hamiltonians.py::TestWorkoutDeviceHamlibHamiltonians::test_hamlib_hamiltonians_transpile[ham_enc_stdbinary_dvalues_d-level-4] PASSED [  1%]
benchpress/qiskit_gym/device_transpile/test_hamiltonians.py::TestWorkoutDeviceHamlibHamiltonians::test_hamlib_hamiltonians_transpile[ham_mu_y_prime_enc_stdbinary_dvalues_8-8-4-4] PASSED [  2%]
benchpress/qiskit_gym/device_transpile/test_hamiltonians.py::TestWorkoutDeviceHamlibHamiltonians::test_hamlib_hamiltonians_transpile[ham_mu_y_prime_enc_unary_dvalues_4-4-4] PASSED [  3%]
benchpress/qiskit_gym/device_transpile/test_hamiltonians.py::TestWorkoutDeviceHamlibHamiltonians::test_hamlib_hamiltonians_transpile[ham_mu_z_prime_enc_gray_dvalues_4-4-4-4] PASSED [  4%]
benchpress/qiskit_gym/device_transpile/test_hamiltonians.py::TestWorkoutDeviceHamlibHamiltonians::test_hamlib_hamiltonians_transpile[ham_gnp-k_2_n-4_rinst-05] PASSED [  5%]
benchpress/qiskit_gym/device_transpile/test_hamiltonians.py::TestWorkoutDeviceHamlibHamiltonians::test_hamlib_hamiltonians_transpile[ham_ham_parity-4] PASSED [  6%]
benchpress/qiskit_gym/device_transpile/test_hamiltonians.py::TestWorkoutDeviceHamlibHamiltonians::test_hamlib_hamiltonians_transpile[ham_mu_y_prime_enc_stdbinary_dvalues_16-16-16-16-8-8-8] PASSED [  7%]
benchpress/qiskit_gym/device_transpile/test_hamiltonians.py::TestWorkoutDeviceHamlibHamiltonians::test_hamlib_hamiltonians_transpile[ham_mu_y_prime_enc_gray_dvalues_16-16-16] PASSED [  8%]
benchpress/qiskit_gym/device_transpile/test_hamiltonians.py::TestWorkoutDeviceHamlibHamiltonians::test_hamlib_hamiltonians_transpile[ham_enc_gray_dvalues_d-level-16] PASSED [  9%]
benchpress/qiskit_gym/device_transpile/test_hamiltonians.py::TestWorkoutDeviceHamlibHamiltonians::test_hamlib_hamiltonians_transpile[ham_mu_y_prime_enc_stdbinary_dvalues_8-8-8-8-8-8] PASSED [ 10%]
benchpress/qiskit_gym/device_transpile/test_hamiltonians.py::TestWorkoutDeviceHamlibHamiltonians::test_hamlib_hamiltonians_transpile[ham_gnp-k_4_n-6_rinst-15] PASSED [ 11%]
benchpress/qiskit_gym/device_transpile/test_hamiltonians.py::TestWorkoutDeviceHamlibHamiltonians::test_hamlib_hamiltonians_transpile[ham_ham_JW-6] PASSED [ 12%]
benchpress/qiskit_gym/device_transpile/test_hamiltonians.py::TestWorkoutDeviceHamlibHamiltonians::test_hamlib_hamiltonians_transpile[ham_mu_y_prime_enc_unary_dvalues_8-8-8-8-8-8-8] PASSED [ 13%]
benchpress/qiskit_gym/device_transpile/test_hamiltonians.py::TestWorkoutDeviceHamlibHamiltonians::test_hamlib_hamiltonians_transpile[ham_7-uf20-0384.cnf-8-res] PASSED [ 14%]
benchpress/qiskit_gym/device_transpile/test_hamiltonians.py::TestWorkoutDeviceHamlibHamiltonians::test_hamlib_hamiltonians_transpile[ham_tsp_rand-002_Ncity-4_enc-stdbinary] PASSED [ 15%]
benchpress/qiskit_gym/device_transpile/test_hamiltonians.py::TestWorkoutDeviceHamlibHamiltonians::test_hamlib_hamiltonians_transpile[ham_ham_JW-8] PASSED [ 16%]
benchpress/qiskit_gym/device_transpile/test_hamiltonians.py::TestWorkoutDeviceHamlibHamiltonians::test_hamlib_hamiltonians_transpile[ham_enc_gray_dvalues_8-8-8] PASSED [ 17%]
benchpress/qiskit_gym/device_transpile/test_hamiltonians.py::TestWorkoutDeviceHamlibHamiltonians::test_hamlib_hamiltonians_transpile[ham_complbipart-n-10_a-5_b-5] PASSED [ 18%]
benchpress/qiskit_gym/device_transpile/test_hamiltonians.py::TestWorkoutDeviceHamlibHamiltonians::test_hamlib_hamiltonians_transpile[ham_ham_JW10] PASSED [ 19%]
benchpress/qiskit_gym/device_transpile/test_hamiltonians.py::TestWorkoutDeviceHamlibHamiltonians::test_hamlib_hamiltonians_transpile[ham_ham_parity10] PASSED [ 20%]
benchpress/qiskit_gym/device_transpile/test_hamiltonians.py::TestWorkoutDeviceHamlibHamiltonians::test_hamlib_hamiltonians_transpile[ham_ham_JW-10] PASSED [ 21%]
benchpress/qiskit_gym/device_transpile/test_hamiltonians.py::TestWorkoutDeviceHamlibHamiltonians::test_hamlib_hamiltonians_transpile[ham_mu_x_prime_enc_stdbinary_dvalues_8-8-8-8-8-8-8-8-8-4-4-4-4-4-4] PASSED [ 22%]
benchpress/qiskit_gym/device_transpile/test_hamiltonians.py::TestWorkoutDeviceHamlibHamiltonians::test_hamlib_hamiltonians_transpile[ham_mu_x_prime_enc_unary_dvalues_4-4-4] PASSED [ 23%]
benchpress/qiskit_gym/device_transpile/test_hamiltonians.py::TestWorkoutDeviceHamlibHamiltonians::test_hamlib_hamiltonians_transpile[ham_ham_parity12] PASSED [ 24%]
benchpress/qiskit_gym/device_transpile/test_hamiltonians.py::TestWorkoutDeviceHamlibHamiltonians::test_hamlib_hamiltonians_transpile[ham_ham_BK12] PASSED [ 25%]
benchpress/qiskit_gym/device_transpile/test_hamiltonians.py::TestWorkoutDeviceHamlibHamiltonians::test_hamlib_hamiltonians_transpile[ham_ham_JW12] PASSED [ 26%]
benchpress/qiskit_gym/device_transpile/test_hamiltonians.py::TestWorkoutDeviceHamlibHamiltonians::test_hamlib_hamiltonians_transpile[ham_bh_graph-1D-grid-pbc-qubitnodes_Lx-4_U-40_enc-gray_d-8] PASSED [ 27%]
benchpress/qiskit_gym/device_transpile/test_hamiltonians.py::TestWorkoutDeviceHamlibHamiltonians::test_hamlib_hamiltonians_transpile[ham_enc_unary_dvalues_4-4-4] PASSED [ 28%]
benchpress/qiskit_gym/device_transpile/test_hamiltonians.py::TestWorkoutDeviceHamlibHamiltonians::test_hamlib_hamiltonians_transpile[ham_ham_parity-14] PASSED [ 29%]
benchpress/qiskit_gym/device_transpile/test_hamiltonians.py::TestWorkoutDeviceHamlibHamiltonians::test_hamlib_hamiltonians_transpile[ham_ham_JW14] PASSED [ 30%]
benchpress/qiskit_gym/device_transpile/test_hamiltonians.py::TestWorkoutDeviceHamlibHamiltonians::test_hamlib_hamiltonians_transpile[ham_enc_gray_dvalues_4-4-4-4-4-4-4] PASSED [ 31%]
benchpress/qiskit_gym/device_transpile/test_hamiltonians.py::TestWorkoutDeviceHamlibHamiltonians::test_hamlib_hamiltonians_transpile[ham_ham_BK-14] PASSED [ 32%]
benchpress/qiskit_gym/device_transpile/test_hamiltonians.py::TestWorkoutDeviceHamlibHamiltonians::test_hamlib_hamiltonians_transpile[ham_ham_JW-14] PASSED [ 33%]
benchpress/qiskit_gym/device_transpile/test_hamiltonians.py::TestWorkoutDeviceHamlibHamiltonians::test_hamlib_hamiltonians_transpile[ham_mu_z_prime_enc_unary_dvalues_16-16-16-16-16-16-16] PASSED [ 34%]
benchpress/qiskit_gym/device_transpile/test_hamiltonians.py::TestWorkoutDeviceHamlibHamiltonians::test_hamlib_hamiltonians_transpile[ham_graph-1D-grid-pbc-qubitnodes_Lx-16_h-2] PASSED [ 35%]
benchpress/qiskit_gym/device_transpile/test_hamiltonians.py::TestWorkoutDeviceHamlibHamiltonians::test_hamlib_hamiltonians_transpile[ham_ham_JW-18] PASSED [ 36%]
benchpress/qiskit_gym/device_transpile/test_hamiltonians.py::TestWorkoutDeviceHamlibHamiltonians::test_hamlib_hamiltonians_transpile[ham_ham_JW-22] PASSED [ 37%]
benchpress/qiskit_gym/device_transpile/test_hamiltonians.py::TestWorkoutDeviceHamlibHamiltonians::test_hamlib_hamiltonians_transpile[ham_ham_BK22] PASSED [ 38%]
benchpress/qiskit_gym/device_transpile/test_hamiltonians.py::TestWorkoutDeviceHamlibHamiltonians::test_hamlib_hamiltonians_transpile[ham_mu_y_prime_enc_stdbinary_dvalues_4-4-4-4-4-4-4-4-4-4-4-4-4-4-4-4-4-4] PASSED [ 39%]
benchpress/qiskit_gym/device_transpile/test_hamiltonians.py::TestWorkoutDeviceHamlibHamiltonians::test_hamlib_hamiltonians_transpile[ham_gnp-k_5_n-24_rinst-04] PASSED [ 40%]
benchpress/qiskit_gym/device_transpile/test_hamiltonians.py::TestWorkoutDeviceHamlibHamiltonians::test_hamlib_hamiltonians_transpile[ham_tsp_prob-ulysses22_Ncity-8_enc-stdbinary] PASSED [ 41%]
benchpress/qiskit_gym/device_transpile/test_hamiltonians.py::TestWorkoutDeviceHamlibHamiltonians::test_hamlib_hamiltonians_transpile[ham_ham_JW24] PASSED [ 42%]
benchpress/qiskit_gym/device_transpile/test_hamiltonians.py::TestWorkoutDeviceHamlibHamiltonians::test_hamlib_hamiltonians_transpile[ham_tsp_prob-ts225_Ncity-5_enc-unary] PASSED [ 43%]
benchpress/qiskit_gym/device_transpile/test_hamiltonians.py::TestWorkoutDeviceHamlibHamiltonians::test_hamlib_hamiltonians_transpile[ham_graph-1D-grid-pbc-qubitnodes_Lx-26_h-6] PASSED [ 44%]
benchpress/qiskit_gym/device_transpile/test_hamiltonians.py::TestWorkoutDeviceHamlibHamiltonians::test_hamlib_hamiltonians_transpile[ham_bh_graph-1D-grid-pbc-qubitnodes_Lx-14_U-10_enc-stdbinary_d-4] PASSED [ 45%]
benchpress/qiskit_gym/device_transpile/test_hamiltonians.py::TestWorkoutDeviceHamlibHamiltonians::test_hamlib_hamiltonians_transpile[ham_bh_graph-2D-triag-nonpbc-qubitnodes_Lx-3_Ly-5_U-30_enc-gray_d-4] PASSED [ 46%]
benchpress/qiskit_gym/device_transpile/test_hamiltonians.py::TestWorkoutDeviceHamlibHamiltonians::test_hamlib_hamiltonians_transpile[ham_reg-5_n-10_rinst-07] PASSED [ 47%]
benchpress/qiskit_gym/device_transpile/test_hamiltonians.py::TestWorkoutDeviceHamlibHamiltonians::test_hamlib_hamiltonians_transpile[ham_mu_y_prime_enc_unary_dvalues_16-16-16-16-16-16] PASSED [ 48%]
benchpress/qiskit_gym/device_transpile/test_hamiltonians.py::TestWorkoutDeviceHamlibHamiltonians::test_hamlib_hamiltonians_transpile[ham_bh_graph-3D-grid-nonpbc-qubitnodes_Lx-2_Ly-2_Lz-2_U-20_enc-unary_d-4] PASSED [ 49%]
benchpress/qiskit_gym/device_transpile/test_hamiltonians.py::TestWorkoutDeviceHamlibHamiltonians::test_hamlib_hamiltonians_transpile[ham_0-uuf100-0810.cnf-40-res] PASSED [ 50%]
benchpress/qiskit_gym/device_transpile/test_hamiltonians.py::TestWorkoutDeviceHamlibHamiltonians::test_hamlib_hamiltonians_transpile[ham_8-uuf100-0509.cnf-40-cc] PASSED [ 51%]
benchpress/qiskit_gym/device_transpile/test_hamiltonians.py::TestWorkoutDeviceHamlibHamiltonians::test_hamlib_hamiltonians_transpile[ham_gnp-k_4_n-40_rinst-07] PASSED [ 52%]
benchpress/qiskit_gym/device_transpile/test_hamiltonians.py::TestWorkoutDeviceHamlibHamiltonians::test_hamlib_hamiltonians_transpile[ham_2-uf100-0396.cnf-46-res] PASSED [ 53%]
benchpress/qiskit_gym/device_transpile/test_hamiltonians.py::TestWorkoutDeviceHamlibHamiltonians::test_hamlib_hamiltonians_transpile[ham_2-uf100-0601.cnf-46-res] PASSED [ 54%]
benchpress/qiskit_gym/device_transpile/test_hamiltonians.py::TestWorkoutDeviceHamlibHamiltonians::test_hamlib_hamiltonians_transpile[ham_bh_graph-1D-grid-nonpbc-qubitnodes_Lx-12_U-40_enc-unary_d-4] PASSED [ 55%]
benchpress/qiskit_gym/device_transpile/test_hamiltonians.py::TestWorkoutDeviceHamlibHamiltonians::test_hamlib_hamiltonians_transpile[ham_bh_graph-1D-grid-pbc-qubitnodes_Lx-24_U-20_enc-stdbinary_d-4] PASSED [ 56%]
benchpress/qiskit_gym/device_transpile/test_hamiltonians.py::TestWorkoutDeviceHamlibHamiltonians::test_hamlib_hamiltonians_transpile[ham_tsp_prob-lin105_Ncity-7_enc-unary] PASSED [ 57%]
benchpress/qiskit_gym/device_transpile/test_hamiltonians.py::TestWorkoutDeviceHamlibHamiltonians::test_hamlib_hamiltonians_transpile[ham_gnp-k_5_n-60_rinst-19] PASSED [ 58%]
benchpress/qiskit_gym/device_transpile/test_hamiltonians.py::TestWorkoutDeviceHamlibHamiltonians::test_hamlib_hamiltonians_transpile[ham_bh_graph-2D-triag-pbc-qubitnodes_Lx-5_Ly-5_U-30_enc-unary_d-4] PASSED [ 59%]
benchpress/qiskit_gym/device_transpile/test_hamiltonians.py::TestWorkoutDeviceHamlibHamiltonians::test_hamlib_hamiltonians_transpile[ham_mu_x_prime_enc_unary_dvalues_16-16-16-16-16-16-16-16-16-16-16-16-16-16-16] PASSED [ 60%]
benchpress/qiskit_gym/device_transpile/test_hamiltonians.py::TestWorkoutDeviceHamlibHamiltonians::test_hamlib_hamiltonians_transpile[ham_tsp_prob-d198_Ncity-8_enc-unary] PASSED [ 61%]
benchpress/qiskit_gym/device_transpile/test_hamiltonians.py::TestWorkoutDeviceHamlibHamiltonians::test_hamlib_hamiltonians_transpile[ham_tsp_prob-kroD100_Ncity-16_enc-stdbinary] PASSED [ 62%]
benchpress/qiskit_gym/device_transpile/test_hamiltonians.py::TestWorkoutDeviceHamlibHamiltonians::test_hamlib_hamiltonians_transpile[ham_tsp_prob-fl417_Ncity-16_enc-stdbinary] PASSED [ 63%]
benchpress/qiskit_gym/device_transpile/test_hamiltonians.py::TestWorkoutDeviceHamlibHamiltonians::test_hamlib_hamiltonians_transpile[ham_4-uf100-0246.cnf-70-res] PASSED [ 64%]
benchpress/qiskit_gym/device_transpile/test_hamiltonians.py::TestWorkoutDeviceHamlibHamiltonians::test_hamlib_hamiltonians_transpile[ham_dsjc1000.1,n-36,rinst-4] PASSED [ 65%]
benchpress/qiskit_gym/device_transpile/test_hamiltonians.py::TestWorkoutDeviceHamlibHamiltonians::test_hamlib_hamiltonians_transpile[ham_graph-2D-grid-nonpbc-qubitnodes_Lx-5_Ly-15_h-3] PASSED [ 66%]
benchpress/qiskit_gym/device_transpile/test_hamiltonians.py::TestWorkoutDeviceHamlibHamiltonians::test_hamlib_hamiltonians_transpile[ham_bh_graph-1D-grid-pbc-qubitnodes_Lx-10_U-30_enc-unary_d-8] PASSED [ 67%]
benchpress/qiskit_gym/device_transpile/test_hamiltonians.py::TestWorkoutDeviceHamlibHamiltonians::test_hamlib_hamiltonians_transpile[ham_4-flat100-7.cnf-90-cc] PASSED [ 68%]
benchpress/qiskit_gym/device_transpile/test_hamiltonians.py::TestWorkoutDeviceHamlibHamiltonians::test_hamlib_hamiltonians_transpile[ham_reg-4_n-90_rinst-07] PASSED [ 69%]
benchpress/qiskit_gym/device_transpile/test_hamiltonians.py::TestWorkoutDeviceHamlibHamiltonians::test_hamlib_hamiltonians_transpile[ham_gnp-k_5_n-90_rinst-02] PASSED [ 70%]
benchpress/qiskit_gym/device_transpile/test_hamiltonians.py::TestWorkoutDeviceHamlibHamiltonians::test_hamlib_hamiltonians_transpile[ham_graph-2D-triag-pbc-qubitnodes_Lx-13_Ly-13_h-0.1] PASSED [ 71%]
benchpress/qiskit_gym/device_transpile/test_hamiltonians.py::TestWorkoutDeviceHamlibHamiltonians::test_hamlib_hamiltonians_transpile[ham_bh_graph-1D-grid-pbc-qubitnodes_Lx-46_U-2_enc-gray_d-4] PASSED [ 72%]
benchpress/qiskit_gym/device_transpile/test_hamiltonians.py::TestWorkoutDeviceHamlibHamiltonians::test_hamlib_hamiltonians_transpile[ham_bh_graph-2D-grid-nonpbc-qubitnodes_Lx-7_Ly-7_U-70_enc-gray_d-4] PASSED [ 73%]
benchpress/qiskit_gym/device_transpile/test_hamiltonians.py::TestWorkoutDeviceHamlibHamiltonians::test_hamlib_hamiltonians_transpile[ham_fh-graph-1D-grid-pbc-qubitnodes_Lx-50_U-2_enc-jw] PASSED [ 74%]
benchpress/qiskit_gym/device_transpile/test_hamiltonians.py::TestWorkoutDeviceHamlibHamiltonians::test_hamlib_hamiltonians_transpile[ham_tsp_prob-st70_Ncity-10_enc-unary] PASSED [ 75%]
benchpress/qiskit_gym/device_transpile/test_hamiltonians.py::TestWorkoutDeviceHamlibHamiltonians::test_hamlib_hamiltonians_transpile[ham_tsp_prob-pr76_Ncity-10_enc-unary] PASSED [ 76%]
benchpress/qiskit_gym/device_transpile/test_hamiltonians.py::TestWorkoutDeviceHamlibHamiltonians::test_hamlib_hamiltonians_transpile[ham_bh_graph-2D-triag-pbc-qubitnodes_Lx-10_Ly-10_U-30_enc-stdbinary_d-4] PASSED [ 77%]
benchpress/qiskit_gym/device_transpile/test_hamiltonians.py::TestWorkoutDeviceHamlibHamiltonians::test_hamlib_hamiltonians_transpile[ham_queen13_13,n-28,rinst-0] PASSED [ 78%]
benchpress/qiskit_gym/device_transpile/test_hamiltonians.py::TestWorkoutDeviceHamlibHamiltonians::test_hamlib_hamiltonians_transpile[ham_will199gpia,n-60,rinst-8] PASSED [ 79%]
benchpress/qiskit_gym/device_transpile/test_hamiltonians.py::TestWorkoutDeviceHamlibHamiltonians::test_hamlib_hamiltonians_transpile[ham_bh_graph-1D-grid-pbc-qubitnodes_Lx-60_U-10_enc-stdbinary_d-4] PASSED [ 80%]
benchpress/qiskit_gym/device_transpile/test_hamiltonians.py::TestWorkoutDeviceHamlibHamiltonians::test_hamlib_hamiltonians_transpile[ham_bh_graph-2D-triag-pbc-qubitnodes_Lx-3_Ly-22_U-70_enc-unary_d-4] PASSED [ 81%]
benchpress/qiskit_gym/device_transpile/test_hamiltonians.py::TestWorkoutDeviceHamlibHamiltonians::test_hamlib_hamiltonians_transpile[ham_1-fullins_5,n-48,rinst-7] SKIPPED [ 82%]
benchpress/qiskit_gym/device_transpile/test_hamiltonians.py::TestWorkoutDeviceHamlibHamiltonians::test_hamlib_hamiltonians_transpile[ham_bh_graph-2D-triag-nonpbc-qubitnodes_Lx-11_Ly-11_U-100_enc-gray_d-4] SKIPPED [ 83%]
benchpress/qiskit_gym/device_transpile/test_hamiltonians.py::TestWorkoutDeviceHamlibHamiltonians::test_hamlib_hamiltonians_transpile[ham_fh-graph-1D-grid-nonpbc-qubitnodes_Lx-90_U-2_enc-jw] SKIPPED [ 84%]
benchpress/qiskit_gym/device_transpile/test_hamiltonians.py::TestWorkoutDeviceHamlibHamiltonians::test_hamlib_hamiltonians_transpile[ham_graph-2D-triag-pbc-qubitnodes_Lx-19_Ly-19_h-0.5] SKIPPED [ 85%]
benchpress/qiskit_gym/device_transpile/test_hamiltonians.py::TestWorkoutDeviceHamlibHamiltonians::test_hamlib_hamiltonians_transpile[ham_graph-2D-grid-nonpbc-qubitnodes_Lx-5_Ly-58_h-2] SKIPPED [ 86%]
benchpress/qiskit_gym/device_transpile/test_hamiltonians.py::TestWorkoutDeviceHamlibHamiltonians::test_hamlib_hamiltonians_transpile[ham_fh-graph-2D-triag-nonpbc-qubitnodes_Lx-16_Ly-16_U-4_enc-bk] SKIPPED [ 87%]
benchpress/qiskit_gym/device_transpile/test_hamiltonians.py::TestWorkoutDeviceHamlibHamiltonians::test_hamlib_hamiltonians_transpile[ham_fh-graph-1D-grid-pbc-qubitnodes_Lx-160_U-12_enc-parity] SKIPPED [ 88%]
benchpress/qiskit_gym/device_transpile/test_hamiltonians.py::TestWorkoutDeviceHamlibHamiltonians::test_hamlib_hamiltonians_transpile[ham_graph-2D-triag-nonpbc-qubitnodes_Lx-3_Ly-160_h-0.1] SKIPPED [ 89%]
benchpress/qiskit_gym/device_transpile/test_hamiltonians.py::TestWorkoutDeviceHamlibHamiltonians::test_hamlib_hamiltonians_transpile[ham_graph-2D-grid-nonpbc-qubitnodes_Lx-19_Ly-19_h-5] SKIPPED [ 90%]
benchpress/qiskit_gym/device_transpile/test_hamiltonians.py::TestWorkoutDeviceHamlibHamiltonians::test_hamlib_hamiltonians_transpile[ham_graph-2D-grid-pbc-qubitnodes_Lx-2_Ly-185_h-0.5] SKIPPED [ 91%]
benchpress/qiskit_gym/device_transpile/test_hamiltonians.py::TestWorkoutDeviceHamlibHamiltonians::test_hamlib_hamiltonians_transpile[ham_fh-graph-2D-grid-pbc-qubitnodes_Lx-2_Ly-105_U-8_enc-bk] SKIPPED [ 92%]
benchpress/qiskit_gym/device_transpile/test_hamiltonians.py::TestWorkoutDeviceHamlibHamiltonians::test_hamlib_hamiltonians_transpile[ham_ash608gpia,n-160,rinst-1] SKIPPED [ 93%]
benchpress/qiskit_gym/device_transpile/test_hamiltonians.py::TestWorkoutDeviceHamlibHamiltonians::test_hamlib_hamiltonians_transpile[ham_graph-2D-grid-nonpbc-qubitnodes_Lx-4_Ly-133_h-0.1] SKIPPED [ 94%]
benchpress/qiskit_gym/device_transpile/test_hamiltonians.py::TestWorkoutDeviceHamlibHamiltonians::test_hamlib_hamiltonians_transpile[ham_graph-2D-grid-pbc-qubitnodes_Lx-4_Ly-148_h-6] SKIPPED [ 95%]
benchpress/qiskit_gym/device_transpile/test_hamiltonians.py::TestWorkoutDeviceHamlibHamiltonians::test_hamlib_hamiltonians_transpile[ham_fh-graph-2D-grid-pbc-qubitnodes_Lx-5_Ly-72_U-0_enc-parity] SKIPPED [ 96%]
benchpress/qiskit_gym/device_transpile/test_hamiltonians.py::TestWorkoutDeviceHamlibHamiltonians::test_hamlib_hamiltonians_transpile[ham_graph-2D-grid-pbc-qubitnodes_Lx-4_Ly-190_h-0] SKIPPED [ 97%]
benchpress/qiskit_gym/device_transpile/test_hamiltonians.py::TestWorkoutDeviceHamlibHamiltonians::test_hamlib_hamiltonians_transpile[ham_graph-2D-triag-nonpbc-qubitnodes_Lx-40_Ly-40_h-0.1] SKIPPED [ 98%]
benchpress/qiskit_gym/device_transpile/test_hamiltonians.py::TestWorkoutDeviceHamlibHamiltonians::test_hamlib_hamiltonians_transpile[ham_graph-2D-grid-nonpbc-qubitnodes_Lx-5_Ly-186_h-0.5] SKIPPED [ 99%]
benchpress/qiskit_gym/device_transpile/test_hamiltonians.py::TestWorkoutDeviceHamlibHamiltonians::test_hamlib_hamiltonians_transpile[ham_graph-2D-grid-pbc-qubitnodes_Lx-5_Ly-186_h-3] SKIPPED [100%]
Wrote benchmark data in: <_io.BufferedWriter name='/mnt/data/spotter-val/fullsuite_evidence/device_hamiltonians/pr.json'>



----------------------------------------------------------------------------------------------------------------------------- benchmark 'Transpile - Device': 81 tests -----------------------------------------------------------------------------------------------------------------------------
Name (time in ms)                                                                                                            Min                   Max                  Mean             StdDev                Median                IQR            Outliers       OPS            Rounds  Iterations
----------------------------------------------------------------------------------------------------------------------------------------------------------------------------------------------------------------------------------------------------------------------------------------------------
test_hamlib_hamiltonians_transpile[ham_mu_y_prime_enc_unary_dvalues_4-4-4]                                                4.3812 (1.0)          5.7673 (1.0)          4.6641 (1.0)       0.1774 (inf)          4.6318 (1.0)       0.1553 (inf)         40;14  214.4034 (1.0)         199           1
test_hamlib_hamiltonians_transpile[ham_mu_z_prime_enc_gray_dvalues_4-4-4-4]                                               5.3733 (1.23)         6.3030 (1.09)         5.7022 (1.22)      0.1501 (inf)          5.6825 (1.23)      0.1532 (inf)          37;9  175.3718 (0.82)        174           1
test_hamlib_hamiltonians_transpile[ham_mu_y_prime_enc_unary_dvalues_8-8-8-8-8-8-8]                                        5.7198 (1.31)         6.8228 (1.18)         6.1255 (1.31)      0.1941 (inf)          6.0968 (1.32)      0.2394 (inf)          37;3  163.2520 (0.76)        143           1
test_hamlib_hamiltonians_transpile[ham_gnp-k_2_n-4_rinst-05]                                                              7.2364 (1.65)         8.3891 (1.45)         7.6759 (1.65)      0.2252 (inf)          7.6461 (1.65)      0.2657 (inf)          36;2  130.2775 (0.61)        121           1
test_hamlib_hamiltonians_transpile[ham_mu_y_prime_enc_stdbinary_dvalues_8-8-4-4]                                          7.5894 (1.73)         9.0985 (1.58)         8.0556 (1.73)      0.2718 (inf)          8.0215 (1.73)      0.3394 (inf)          22;2  124.1368 (0.58)         81           1
test_hamlib_hamiltonians_transpile[ham_7-uf20-0384.cnf-8-res]                                                             7.9581 (1.82)         9.4504 (1.64)         8.4469 (1.81)      0.2505 (inf)          8.4209 (1.82)      0.3092 (inf)          28;2  118.3862 (0.55)        114           1
test_hamlib_hamiltonians_transpile[ham_ham_parity-4]                                                                      8.5339 (1.95)        10.0211 (1.74)         9.1030 (1.95)      0.3081 (inf)          9.0737 (1.96)      0.3626 (inf)          30;2  109.8537 (0.51)         92           1
test_hamlib_hamiltonians_transpile[ham_mu_y_prime_enc_gray_dvalues_16-16-16]                                              8.7025 (1.99)        50.4754 (8.75)         9.5639 (2.05)      3.9795 (inf)          9.1592 (1.98)      0.2817 (inf)           1;2  104.5602 (0.49)        108           1
test_hamlib_hamiltonians_transpile[ham_mu_y_prime_enc_stdbinary_dvalues_16-16-16-16-8-8-8]                                8.9302 (2.04)        10.5000 (1.82)         9.4083 (2.02)      0.2756 (inf)          9.3691 (2.02)      0.2829 (inf)          23;5  106.2890 (0.50)        106           1
test_hamlib_hamiltonians_transpile[ham_mu_z_prime_enc_unary_dvalues_16-16-16-16-16-16-16]                                 9.1334 (2.08)        10.5627 (1.83)         9.5942 (2.06)      0.2627 (inf)          9.5918 (2.07)      0.3456 (inf)          30;2  104.2300 (0.49)         96           1
test_hamlib_hamiltonians_transpile[ham_gnp-k_4_n-6_rinst-15]                                                              9.3117 (2.13)        10.6563 (1.85)         9.6834 (2.08)      0.2163 (inf)          9.6662 (2.09)      0.2455 (inf)          20;4  103.2691 (0.48)         99           1
test_hamlib_hamiltonians_transpile[ham_mu_x_prime_enc_unary_dvalues_4-4-4]                                                9.4805 (2.16)        49.7534 (8.63)        10.5708 (2.27)      3.9947 (inf)         10.1489 (2.19)      0.2649 (inf)           1;8   94.6001 (0.44)         99           1
test_hamlib_hamiltonians_transpile[ham_tsp_rand-002_Ncity-4_enc-stdbinary]                                                9.6461 (2.20)        11.4954 (1.99)        10.1151 (2.17)      0.2875 (inf)         10.0490 (2.17)      0.2342 (inf)          15;9   98.8616 (0.46)         96           1
test_hamlib_hamiltonians_transpile[ham_mu_y_prime_enc_stdbinary_dvalues_4-4-4-4-4-4-4-4-4-4-4-4-4-4-4-4-4-4]             10.5588 (2.41)        12.4104 (2.15)        11.0299 (2.36)      0.3055 (inf)         10.9549 (2.37)      0.3419 (inf)          17;2   90.6624 (0.42)         75           1
test_hamlib_hamiltonians_transpile[ham_enc_stdbinary_dvalues_d-level-4]                                                  11.4682 (2.62)        12.6714 (2.20)        11.9735 (2.57)      0.2958 (inf)         11.9249 (2.57)      0.4303 (inf)          11;0   83.5179 (0.39)         31           1
test_hamlib_hamiltonians_transpile[ham_mu_y_prime_enc_unary_dvalues_16-16-16-16-16-16]                                   11.6214 (2.65)        14.6688 (2.54)        12.1070 (2.60)      0.3952 (inf)         12.0283 (2.60)      0.3158 (inf)          13;4   82.5969 (0.39)         81           1
test_hamlib_hamiltonians_transpile[ham_complbipart-n-10_a-5_b-5]                                                         11.9675 (2.73)        14.6725 (2.54)        12.5522 (2.69)      0.3881 (inf)         12.4820 (2.69)      0.3922 (inf)           8;3   79.6675 (0.37)         71           1
test_hamlib_hamiltonians_transpile[ham_mu_y_prime_enc_stdbinary_dvalues_8-8-8-8-8-8]                                     12.7459 (2.91)        14.0662 (2.44)        13.1908 (2.83)      0.2466 (inf)         13.1827 (2.85)      0.3372 (inf)          19;1   75.8102 (0.35)         74           1
test_hamlib_hamiltonians_transpile[ham_enc_gray_dvalues_d-level-16]                                                      12.9331 (2.95)        15.8966 (2.76)        13.4987 (2.89)      0.6053 (inf)         13.2882 (2.87)      0.4917 (inf)           9;7   74.0814 (0.35)         72           1
test_hamlib_hamiltonians_transpile[ham_ham_JW-6]                                                                         13.0959 (2.99)        14.8518 (2.58)        13.5948 (2.91)      0.3143 (inf)         13.5696 (2.93)      0.3070 (inf)          15;6   73.5575 (0.34)         75           1
test_hamlib_hamiltonians_transpile[ham_mu_x_prime_enc_unary_dvalues_16-16-16-16-16-16-16-16-16-16-16-16-16-16-16]        15.0796 (3.44)        18.1587 (3.15)        15.7676 (3.38)      0.4603 (inf)         15.7007 (3.39)      0.4712 (inf)           8;2   63.4213 (0.30)         58           1
test_hamlib_hamiltonians_transpile[ham_tsp_prob-ts225_Ncity-5_enc-unary]                                                 16.3821 (3.74)        20.0128 (3.47)        16.8945 (3.62)      0.5155 (inf)         16.7825 (3.62)      0.4208 (inf)           3;1   59.1910 (0.28)         54           1
test_hamlib_hamiltonians_transpile[ham_gnp-k_5_n-24_rinst-04]                                                            21.4936 (4.91)        26.3380 (4.57)        22.1636 (4.75)      0.7886 (inf)         21.9609 (4.74)      0.6162 (inf)           2;2   45.1190 (0.21)         44           1
test_hamlib_hamiltonians_transpile[ham_graph-1D-grid-pbc-qubitnodes_Lx-16_h-2]                                           24.3132 (5.55)        29.8727 (5.18)        25.1404 (5.39)      0.8820 (inf)         24.9054 (5.38)      0.6166 (inf)           3;3   39.7766 (0.19)         44           1
test_hamlib_hamiltonians_transpile[ham_mu_x_prime_enc_stdbinary_dvalues_8-8-8-8-8-8-8-8-8-4-4-4-4-4-4]                   26.9475 (6.15)        32.9277 (5.71)        28.0835 (6.02)      0.9777 (inf)         27.9943 (6.04)      0.7923 (inf)           3;1   35.6081 (0.17)         34           1
test_hamlib_hamiltonians_transpile[ham_0-uuf100-0810.cnf-40-res]                                                         28.1749 (6.43)        32.9289 (5.71)        28.7642 (6.17)      0.7749 (inf)         28.6259 (6.18)      0.3245 (inf)           1;3   34.7655 (0.16)         35           1
test_hamlib_hamiltonians_transpile[ham_8-uuf100-0509.cnf-40-cc]                                                          28.7252 (6.56)        33.4224 (5.80)        29.4769 (6.32)      0.8915 (inf)         29.2429 (6.31)      0.5429 (inf)           3;3   33.9248 (0.16)         34           1
test_hamlib_hamiltonians_transpile[ham_4-flat100-7.cnf-90-cc]                                                            30.8149 (7.03)        34.5887 (6.00)        31.9927 (6.86)      0.7455 (inf)         31.9647 (6.90)      0.8048 (inf)           5;1   31.2571 (0.15)         27           1
test_hamlib_hamiltonians_transpile[ham_ham_JW-8]                                                                         30.8969 (7.05)        33.3708 (5.79)        31.9528 (6.85)      0.6528 (inf)         31.9994 (6.91)      0.8894 (inf)          10;0   31.2961 (0.15)         31           1
test_hamlib_hamiltonians_transpile[ham_tsp_prob-lin105_Ncity-7_enc-unary]                                                31.8103 (7.26)        36.9778 (6.41)        32.9340 (7.06)      1.0066 (inf)         32.7849 (7.08)      0.7814 (inf)           5;2   30.3638 (0.14)         32           1
test_hamlib_hamiltonians_transpile[ham_2-uf100-0396.cnf-46-res]                                                          32.7675 (7.48)        34.9880 (6.07)        33.3600 (7.15)      0.4913 (inf)         33.2857 (7.19)      0.6611 (inf)           7;1   29.9760 (0.14)         28           1
test_hamlib_hamiltonians_transpile[ham_2-uf100-0601.cnf-46-res]                                                          34.5751 (7.89)        40.0128 (6.94)        35.6417 (7.64)      1.1267 (inf)         35.3689 (7.64)      1.1082 (inf)           2;2   28.0570 (0.13)         29           1
test_hamlib_hamiltonians_transpile[ham_tsp_prob-ulysses22_Ncity-8_enc-stdbinary]                                         35.2647 (8.05)        38.8841 (6.74)        36.1431 (7.75)      0.7612 (inf)         36.0096 (7.77)      0.7179 (inf)           4;2   27.6678 (0.13)         28           1
test_hamlib_hamiltonians_transpile[ham_graph-2D-triag-pbc-qubitnodes_Lx-13_Ly-13_h-0.1]                                  38.6658 (8.83)        49.0146 (8.50)        40.0191 (8.58)      1.9813 (inf)         39.7092 (8.57)      0.6825 (inf)           1;1   24.9881 (0.12)         24           1
test_hamlib_hamiltonians_transpile[ham_graph-2D-grid-nonpbc-qubitnodes_Lx-5_Ly-15_h-3]                                   40.5254 (9.25)        46.0730 (7.99)        41.5765 (8.91)      1.1015 (inf)         41.3046 (8.92)      0.4316 (inf)           2;3   24.0520 (0.11)         24           1
test_hamlib_hamiltonians_transpile[ham_bh_graph-1D-grid-pbc-qubitnodes_Lx-14_U-10_enc-stdbinary_d-4]                     40.6933 (9.29)        44.7050 (7.75)        42.1563 (9.04)      0.9444 (inf)         41.8812 (9.04)      1.5523 (inf)           4;0   23.7213 (0.11)         23           1
test_hamlib_hamiltonians_transpile[ham_fh-graph-1D-grid-pbc-qubitnodes_Lx-50_U-2_enc-jw]                                 42.9427 (9.80)        54.1004 (9.38)        45.2779 (9.71)      2.2759 (inf)         44.7898 (9.67)      1.2746 (inf)           3;2   22.0858 (0.10)         22           1
test_hamlib_hamiltonians_transpile[ham_tsp_prob-d198_Ncity-8_enc-unary]                                                  43.6763 (9.97)        53.4198 (9.26)        45.6526 (9.79)      2.0131 (inf)         45.1385 (9.75)      1.4620 (inf)           1;1   21.9046 (0.10)         22           1
test_hamlib_hamiltonians_transpile[ham_queen13_13,n-28,rinst-0]                                                          53.2349 (12.15)       61.3234 (10.63)       54.6433 (11.72)     2.2752 (inf)         54.1969 (11.70)     0.9806 (inf)           1;1   18.3005 (0.09)         11           1
test_hamlib_hamiltonians_transpile[ham_reg-4_n-90_rinst-07]                                                              57.9625 (13.23)       62.4779 (10.83)       59.7660 (12.81)     1.1789 (inf)         59.5865 (12.86)     1.2407 (inf)           5;1   16.7319 (0.08)         16           1
test_hamlib_hamiltonians_transpile[ham_dsjc1000.1,n-36,rinst-4]                                                          58.4215 (13.33)       64.7998 (11.24)       60.4095 (12.95)     1.4972 (inf)         59.9520 (12.94)     1.6048 (inf)           4;1   16.5537 (0.08)         17           1
test_hamlib_hamiltonians_transpile[ham_ham_JW-10]                                                                        61.5681 (14.05)       68.6832 (11.91)       63.2249 (13.56)     1.8708 (inf)         62.5464 (13.50)     2.2523 (inf)           2;1   15.8166 (0.07)         16           1
test_hamlib_hamiltonians_transpile[ham_ham_JW10]                                                                         61.8310 (14.11)       66.1527 (11.47)       63.7801 (13.67)     1.2382 (inf)         63.6968 (13.75)     1.9152 (inf)           5;0   15.6789 (0.07)         15           1
test_hamlib_hamiltonians_transpile[ham_ham_parity10]                                                                     63.4936 (14.49)       67.8808 (11.77)       65.4525 (14.03)     1.2579 (inf)         65.3591 (14.11)     1.8100 (inf)           6;0   15.2783 (0.07)         16           1
test_hamlib_hamiltonians_transpile[ham_gnp-k_4_n-40_rinst-07]                                                            64.2130 (14.66)       74.7417 (12.96)       66.4744 (14.25)     2.4679 (inf)         66.0380 (14.26)     1.3680 (inf)           1;1   15.0434 (0.07)         15           1
test_hamlib_hamiltonians_transpile[ham_bh_graph-2D-triag-nonpbc-qubitnodes_Lx-3_Ly-5_U-30_enc-gray_d-4]                  64.5114 (14.72)       70.1608 (12.17)       66.6244 (14.28)     1.9205 (inf)         65.7991 (14.21)     2.7526 (inf)           4;0   15.0095 (0.07)         15           1
test_hamlib_hamiltonians_transpile[ham_bh_graph-1D-grid-pbc-qubitnodes_Lx-24_U-20_enc-stdbinary_d-4]                     71.7006 (16.37)       79.4992 (13.78)       73.3292 (15.72)     1.9842 (inf)         72.5241 (15.66)     2.0967 (inf)           1;1   13.6371 (0.06)         15           1
test_hamlib_hamiltonians_transpile[ham_enc_gray_dvalues_4-4-4-4-4-4-4]                                                   77.7815 (17.75)      121.2207 (21.02)       82.7007 (17.73)    11.7286 (inf)         78.9201 (17.04)     2.7667 (inf)           1;1   12.0918 (0.06)         13           1
test_hamlib_hamiltonians_transpile[ham_tsp_prob-pr76_Ncity-10_enc-unary]                                                 78.1932 (17.85)       84.4831 (14.65)       80.1120 (17.18)     1.7418 (inf)         79.8195 (17.23)     1.9305 (inf)           3;1   12.4825 (0.06)         12           1
test_hamlib_hamiltonians_transpile[ham_tsp_prob-st70_Ncity-10_enc-unary]                                                 79.1731 (18.07)       85.3203 (14.79)       81.2453 (17.42)     1.7974 (inf)         80.5987 (17.40)     2.6533 (inf)           3;0   12.3084 (0.06)         12           1
test_hamlib_hamiltonians_transpile[ham_4-uf100-0246.cnf-70-res]                                                          80.6084 (18.40)       90.3254 (15.66)       83.1818 (17.83)     2.8214 (inf)         82.1967 (17.75)     2.7521 (inf)           2;1   12.0219 (0.06)         12           1
test_hamlib_hamiltonians_transpile[ham_bh_graph-1D-grid-nonpbc-qubitnodes_Lx-12_U-40_enc-unary_d-4]                      81.1935 (18.53)       86.8961 (15.07)       82.6209 (17.71)     1.6336 (inf)         82.0466 (17.71)     1.8387 (inf)           2;1   12.1035 (0.06)         13           1
test_hamlib_hamiltonians_transpile[ham_bh_graph-3D-grid-nonpbc-qubitnodes_Lx-2_Ly-2_Lz-2_U-20_enc-unary_d-4]             82.4414 (18.82)       89.1320 (15.45)       84.4641 (18.11)     1.8578 (inf)         83.6817 (18.07)     1.4355 (inf)           3;1   11.8393 (0.06)         12           1
test_hamlib_hamiltonians_transpile[ham_reg-5_n-10_rinst-07]                                                              83.4141 (19.04)      132.4058 (22.96)       89.9151 (19.28)    14.3178 (inf)         84.9510 (18.34)     2.0239 (inf)           1;2   11.1216 (0.05)         11           1
test_hamlib_hamiltonians_transpile[ham_bh_graph-1D-grid-pbc-qubitnodes_Lx-4_U-40_enc-gray_d-8]                           92.2770 (21.06)       96.4981 (16.73)       94.1805 (20.19)     1.4147 (inf)         94.1771 (20.33)     2.3408 (inf)           5;0   10.6179 (0.05)         11           1
test_hamlib_hamiltonians_transpile[ham_will199gpia,n-60,rinst-8]                                                        110.8320 (25.30)      123.3911 (21.39)      113.6638 (24.37)     3.8310 (inf)        112.8769 (24.37)     2.3440 (inf)           1;1    8.7979 (0.04)          9           1
test_hamlib_hamiltonians_transpile[ham_ham_BK12]                                                                        119.4865 (27.27)      126.8672 (22.00)      121.5221 (26.05)     2.2764 (inf)        120.8917 (26.10)     1.8902 (inf)           1;1    8.2290 (0.04)          9           1
test_hamlib_hamiltonians_transpile[ham_bh_graph-1D-grid-pbc-qubitnodes_Lx-46_U-2_enc-gray_d-4]                          120.5197 (27.51)      163.5663 (28.36)      128.1979 (27.49)    13.6465 (inf)        122.8188 (26.52)     6.8193 (inf)           1;1    7.8004 (0.04)          9           1
test_hamlib_hamiltonians_transpile[ham_bh_graph-1D-grid-pbc-qubitnodes_Lx-60_U-10_enc-stdbinary_d-4]                    120.6637 (27.54)      128.9156 (22.35)      123.0792 (26.39)     2.6618 (inf)        122.1419 (26.37)     2.0545 (inf)           1;1    8.1248 (0.04)          8           1
test_hamlib_hamiltonians_transpile[ham_ham_JW12]                                                                        143.0791 (32.66)      153.0632 (26.54)      146.2232 (31.35)     3.3622 (inf)        145.3631 (31.38)     3.0806 (inf)           1;1    6.8389 (0.03)          7           1
test_hamlib_hamiltonians_transpile[ham_ham_parity12]                                                                    146.1124 (33.35)      151.9227 (26.34)      149.3430 (32.02)     2.5269 (inf)        150.5744 (32.51)     4.7242 (inf)           3;0    6.6960 (0.03)          7           1
test_hamlib_hamiltonians_transpile[ham_gnp-k_5_n-60_rinst-19]                                                           147.3495 (33.63)      195.3072 (33.86)      160.1060 (34.33)    16.5205 (inf)        156.7578 (33.84)    12.8215 (inf)           1;1    6.2459 (0.03)          7           1
test_hamlib_hamiltonians_transpile[ham_ham_parity-14]                                                                   153.0420 (34.93)      155.7969 (27.01)      154.5789 (33.14)     1.0696 (inf)        154.8911 (33.44)     1.9015 (inf)           4;0    6.4692 (0.03)          7           1
test_hamlib_hamiltonians_transpile[ham_bh_graph-2D-grid-nonpbc-qubitnodes_Lx-7_Ly-7_U-70_enc-gray_d-4]                  177.4536 (40.50)      187.0999 (32.44)      181.6309 (38.94)     3.6550 (inf)        180.3568 (38.94)     5.3461 (inf)           2;0    5.5057 (0.03)          6           1
test_hamlib_hamiltonians_transpile[ham_ham_JW14]                                                                        189.5935 (43.27)      196.1032 (34.00)      192.4052 (41.25)     2.4025 (inf)        192.1497 (41.48)     2.8987 (inf)           2;0    5.1974 (0.02)          6           1
test_hamlib_hamiltonians_transpile[ham_enc_unary_dvalues_4-4-4]                                                         202.3545 (46.19)      212.5310 (36.85)      205.9295 (44.15)     3.9384 (inf)        204.7756 (44.21)     4.2546 (inf)           1;0    4.8560 (0.02)          5           1
test_hamlib_hamiltonians_transpile[ham_graph-1D-grid-pbc-qubitnodes_Lx-26_h-6]                                          211.1253 (48.19)      218.7609 (37.93)      214.6671 (46.03)     3.4978 (inf)        212.8100 (45.95)     6.0623 (inf)           2;0    4.6584 (0.02)          5           1
test_hamlib_hamiltonians_transpile[ham_gnp-k_5_n-90_rinst-02]                                                           244.6830 (55.85)      262.9059 (45.59)      250.6341 (53.74)     8.3217 (inf)        247.4738 (53.43)    10.0506 (inf)           1;0    3.9899 (0.02)          4           1
test_hamlib_hamiltonians_transpile[ham_tsp_prob-fl417_Ncity-16_enc-stdbinary]                                           260.1782 (59.38)      305.4626 (52.96)      273.9725 (58.74)    21.3986 (inf)        265.1246 (57.24)    26.8388 (inf)           1;0    3.6500 (0.02)          4           1
test_hamlib_hamiltonians_transpile[ham_tsp_prob-kroD100_Ncity-16_enc-stdbinary]                                         260.3138 (59.42)      308.6998 (53.53)      275.7453 (59.12)    22.4795 (inf)        266.9838 (57.64)    28.5702 (inf)           1;0    3.6265 (0.02)          4           1
test_hamlib_hamiltonians_transpile[ham_bh_graph-2D-triag-pbc-qubitnodes_Lx-5_Ly-5_U-30_enc-unary_d-4]                   285.9378 (65.26)      330.2435 (57.26)      301.1512 (64.57)    20.5836 (inf)        294.2118 (63.52)    29.1147 (inf)           1;0    3.3206 (0.02)          4           1
test_hamlib_hamiltonians_transpile[ham_ham_BK-14]                                                                       288.7758 (65.91)      316.4785 (54.87)      297.9690 (63.89)    12.9128 (inf)        293.3109 (63.33)    17.7056 (inf)           1;0    3.3561 (0.02)          4           1
test_hamlib_hamiltonians_transpile[ham_bh_graph-2D-triag-pbc-qubitnodes_Lx-10_Ly-10_U-30_enc-stdbinary_d-4]             295.2489 (67.39)      347.1984 (60.20)      312.6460 (67.03)    23.8090 (inf)        304.0684 (65.65)    31.3100 (inf)           1;0    3.1985 (0.01)          4           1
test_hamlib_hamiltonians_transpile[ham_ham_JW-14]                                                                       313.4679 (71.55)      329.1072 (57.06)      320.1244 (68.64)     6.5259 (inf)        318.9612 (68.86)     7.9889 (inf)           2;0    3.1238 (0.01)          4           1
test_hamlib_hamiltonians_transpile[ham_bh_graph-1D-grid-pbc-qubitnodes_Lx-10_U-30_enc-unary_d-8]                        322.6476 (73.64)      330.4305 (57.29)      326.0583 (69.91)     3.9795 (inf)        325.0969 (70.19)     5.8372 (inf)           1;0    3.0669 (0.01)          3           1
test_hamlib_hamiltonians_transpile[ham_enc_gray_dvalues_8-8-8]                                                          405.4547 (92.54)      414.1462 (71.81)      409.0762 (87.71)     4.5232 (inf)        407.6277 (88.01)     6.5186 (inf)           1;0    2.4445 (0.01)          3           1
test_hamlib_hamiltonians_transpile[ham_bh_graph-2D-triag-pbc-qubitnodes_Lx-3_Ly-22_U-70_enc-unary_d-4]                  634.6415 (144.86)     641.6783 (111.26)     638.1599 (136.82)    4.9758 (inf)        638.1599 (137.78)    7.0368 (inf)           0;0    1.5670 (0.01)          2           1
test_hamlib_hamiltonians_transpile[ham_ham_JW-18]                                                                       851.3056 (194.31)     891.0638 (154.50)     871.1847 (186.79)   28.1133 (inf)        871.1847 (188.09)   39.7582 (inf)           0;0    1.1479 (0.01)          2           1
test_hamlib_hamiltonians_transpile[ham_ham_BK22]                                                                      3,199.7826 (730.34)   3,199.7826 (554.81)   3,199.7826 (686.04)    0.0000 (1.0)      3,199.7826 (690.82)    0.0000 (1.0)           0;0    0.3125 (0.00)          1           1
test_hamlib_hamiltonians_transpile[ham_ham_JW-22]                                                                     3,696.5516 (843.73)   3,696.5516 (640.95)   3,696.5516 (792.55)    0.0000 (1.0)      3,696.5516 (798.08)    0.0000 (1.0)           0;0    0.2705 (0.00)          1           1
test_hamlib_hamiltonians_transpile[ham_ham_JW24]                                                                      7,636.9295 (>1000.0)  7,636.9295 (>1000.0)  7,636.9295 (>1000.0)   0.0000 (1.0)      7,636.9295 (>1000.0)   0.0000 (1.0)           0;0    0.1309 (0.00)          1           1
----------------------------------------------------------------------------------------------------------------------------------------------------------------------------------------------------------------------------------------------------------------------------------------------------

Legend:
  Outliers: 1 Standard Deviation from Mean; 1.5 IQR (InterQuartile Range) from 1st Quartile and 3rd Quartile.
  OPS: Operations Per Second, computed as 1 / Mean
=========================== short test summary info ============================
SKIPPED [19] benchpress/qiskit_gym/device_transpile/test_hamiltonians.py:49: Circuit too large for given backend.
================== 81 passed, 19 skipped in 165.36s (0:02:45) ==================
