============================= test session starts ==============================
platform linux -- Python 3.11.11, pytest-9.1.1, pluggy-1.6.0
benchmark: 4.0.0 (defaults: timer=time.perf_counter disable_gc=False min_rounds=1 min_time=0.000005 max_time=1.0 calibration_precision=10 warmup=False warmup_iterations=100000)
qiskit: 2.6.0.dev0
qiskit_ibm_runtime: 0.47.0
timeout_skip_list: 0
rootdir: /mnt/data/spotter-val/benchpress/benchpress
configfile: pytest.ini
plugins: benchmark-4.0.0, memray-1.8.0
collected 492 items / 400 deselected / 92 selected

benchpress/qiskit_gym/abstract_transpile/test_qasmbench.py::TestWorkoutAbstractQasmBenchMedium::test_QASMBench_medium[bigadder_n18-all-to-all] PASSED [  1%]
benchpress/qiskit_gym/abstract_transpile/test_qasmbench.py::TestWorkoutAbstractQasmBenchMedium::test_QASMBench_medium[bigadder_n18-square] PASSED [  2%]
benchpress/qiskit_gym/abstract_transpile/test_qasmbench.py::TestWorkoutAbstractQasmBenchMedium::test_QASMBench_medium[bigadder_n18-heavy-hex] PASSED [  3%]
benchpress/qiskit_gym/abstract_transpile/test_qasmbench.py::TestWorkoutAbstractQasmBenchMedium::test_QASMBench_medium[bigadder_n18-linear] PASSED [  4%]
benchpress/qiskit_gym/abstract_transpile/test_qasmbench.py::TestWorkoutAbstractQasmBenchMedium::test_QASMBench_medium[bv_n14-all-to-all] PASSED [  5%]
benchpress/qiskit_gym/abstract_transpile/test_qasmbench.py::TestWorkoutAbstractQasmBenchMedium::test_QASMBench_medium[bv_n14-square] PASSED [  6%]
benchpress/qiskit_gym/abstract_transpile/test_qasmbench.py::TestWorkoutAbstractQasmBenchMedium::test_QASMBench_medium[bv_n14-heavy-hex] PASSED [  7%]
benchpress/qiskit_gym/abstract_transpile/test_qasmbench.py::TestWorkoutAbstractQasmBenchMedium::test_QASMBench_medium[bv_n14-linear] PASSED [  8%]
benchpress/qiskit_gym/abstract_transpile/test_qasmbench.py::TestWorkoutAbstractQasmBenchMedium::test_QASMBench_medium[bv_n19-all-to-all] PASSED [  9%]
benchpress/qiskit_gym/abstract_transpile/test_qasmbench.py::TestWorkoutAbstractQasmBenchMedium::test_QASMBench_medium[bv_n19-square] PASSED [ 10%]
benchpress/qiskit_gym/abstract_transpile/test_qasmbench.py::TestWorkoutAbstractQasmBenchMedium::test_QASMBench_medium[bv_n19-heavy-hex] PASSED [ 11%]
benchpress/qiskit_gym/abstract_transpile/test_qasmbench.py::TestWorkoutAbstractQasmBenchMedium::test_QASMBench_medium[bv_n19-linear] PASSED [ 13%]
benchpress/qiskit_gym/abstract_transpile/test_qasmbench.py::TestWorkoutAbstractQasmBenchMedium::test_QASMBench_medium[bwt_n21-all-to-all] PASSED [ 14%]
benchpress/qiskit_gym/abstract_transpile/test_qasmbench.py::TestWorkoutAbstractQasmBenchMedium::test_QASMBench_medium[bwt_n21-square] PASSED [ 15%]
benchpress/qiskit_gym/abstract_transpile/test_qasmbench.py::TestWorkoutAbstractQasmBenchMedium::test_QASMBench_medium[bwt_n21-heavy-hex] PASSED [ 16%]
benchpress/qiskit_gym/abstract_transpile/test_qasmbench.py::TestWorkoutAbstractQasmBenchMedium::test_QASMBench_medium[bwt_n21-linear] PASSED [ 17%]
benchpress/qiskit_gym/abstract_transpile/test_qasmbench.py::TestWorkoutAbstractQasmBenchMedium::test_QASMBench_medium[cat_state_n22-all-to-all] PASSED [ 18%]
benchpress/qiskit_gym/abstract_transpile/test_qasmbench.py::TestWorkoutAbstractQasmBenchMedium::test_QASMBench_medium[cat_state_n22-square] PASSED [ 19%]
benchpress/qiskit_gym/abstract_transpile/test_qasmbench.py::TestWorkoutAbstractQasmBenchMedium::test_QASMBench_medium[cat_state_n22-heavy-hex] PASSED [ 20%]
benchpress/qiskit_gym/abstract_transpile/test_qasmbench.py::TestWorkoutAbstractQasmBenchMedium::test_QASMBench_medium[cat_state_n22-linear] PASSED [ 21%]
benchpress/qiskit_gym/abstract_transpile/test_qasmbench.py::TestWorkoutAbstractQasmBenchMedium::test_QASMBench_medium[cc_n12-all-to-all] PASSED [ 22%]
benchpress/qiskit_gym/abstract_transpile/test_qasmbench.py::TestWorkoutAbstractQasmBenchMedium::test_QASMBench_medium[cc_n12-square] PASSED [ 23%]
benchpress/qiskit_gym/abstract_transpile/test_qasmbench.py::TestWorkoutAbstractQasmBenchMedium::test_QASMBench_medium[cc_n12-heavy-hex] PASSED [ 25%]
benchpress/qiskit_gym/abstract_transpile/test_qasmbench.py::TestWorkoutAbstractQasmBenchMedium::test_QASMBench_medium[cc_n12-linear] PASSED [ 26%]
benchpress/qiskit_gym/abstract_transpile/test_qasmbench.py::TestWorkoutAbstractQasmBenchMedium::test_QASMBench_medium[dnn_n16-all-to-all] PASSED [ 27%]
benchpress/qiskit_gym/abstract_transpile/test_qasmbench.py::TestWorkoutAbstractQasmBenchMedium::test_QASMBench_medium[dnn_n16-square] PASSED [ 28%]
benchpress/qiskit_gym/abstract_transpile/test_qasmbench.py::TestWorkoutAbstractQasmBenchMedium::test_QASMBench_medium[dnn_n16-heavy-hex] PASSED [ 29%]
benchpress/qiskit_gym/abstract_transpile/test_qasmbench.py::TestWorkoutAbstractQasmBenchMedium::test_QASMBench_medium[dnn_n16-linear] PASSED [ 30%]
benchpress/qiskit_gym/abstract_transpile/test_qasmbench.py::TestWorkoutAbstractQasmBenchMedium::test_QASMBench_medium[factor247_n15-all-to-all] PASSED [ 31%]
benchpress/qiskit_gym/abstract_transpile/test_qasmbench.py::TestWorkoutAbstractQasmBenchMedium::test_QASMBench_medium[factor247_n15-square] PASSED [ 32%]
benchpress/qiskit_gym/abstract_transpile/test_qasmbench.py::TestWorkoutAbstractQasmBenchMedium::test_QASMBench_medium[factor247_n15-heavy-hex] PASSED [ 33%]
benchpress/qiskit_gym/abstract_transpile/test_qasmbench.py::TestWorkoutAbstractQasmBenchMedium::test_QASMBench_medium[factor247_n15-linear] PASSED [ 34%]
benchpress/qiskit_gym/abstract_transpile/test_qasmbench.py::TestWorkoutAbstractQasmBenchMedium::test_QASMBench_medium[gcm_h6-all-to-all] PASSED [ 35%]
benchpress/qiskit_gym/abstract_transpile/test_qasmbench.py::TestWorkoutAbstractQasmBenchMedium::test_QASMBench_medium[gcm_h6-square] PASSED [ 36%]
benchpress/qiskit_gym/abstract_transpile/test_qasmbench.py::TestWorkoutAbstractQasmBenchMedium::test_QASMBench_medium[gcm_h6-heavy-hex] PASSED [ 38%]
benchpress/qiskit_gym/abstract_transpile/test_qasmbench.py::TestWorkoutAbstractQasmBenchMedium::test_QASMBench_medium[gcm_h6-linear] PASSED [ 39%]
benchpress/qiskit_gym/abstract_transpile/test_qasmbench.py::TestWorkoutAbstractQasmBenchMedium::test_QASMBench_medium[ghz_state_n23-all-to-all] PASSED [ 40%]
benchpress/qiskit_gym/abstract_transpile/test_qasmbench.py::TestWorkoutAbstractQasmBenchMedium::test_QASMBench_medium[ghz_state_n23-square] PASSED [ 41%]
benchpress/qiskit_gym/abstract_transpile/test_qasmbench.py::TestWorkoutAbstractQasmBenchMedium::test_QASMBench_medium[ghz_state_n23-heavy-hex] PASSED [ 42%]
benchpress/qiskit_gym/abstract_transpile/test_qasmbench.py::TestWorkoutAbstractQasmBenchMedium::test_QASMBench_medium[ghz_state_n23-linear] PASSED [ 43%]
benchpress/qiskit_gym/abstract_transpile/test_qasmbench.py::TestWorkoutAbstractQasmBenchMedium::test_QASMBench_medium[ising_n26-all-to-all] PASSED [ 44%]
benchpress/qiskit_gym/abstract_transpile/test_qasmbench.py::TestWorkoutAbstractQasmBenchMedium::test_QASMBench_medium[ising_n26-square] PASSED [ 45%]
benchpress/qiskit_gym/abstract_transpile/test_qasmbench.py::TestWorkoutAbstractQasmBenchMedium::test_QASMBench_medium[ising_n26-heavy-hex] PASSED [ 46%]
benchpress/qiskit_gym/abstract_transpile/test_qasmbench.py::TestWorkoutAbstractQasmBenchMedium::test_QASMBench_medium[ising_n26-linear] PASSED [ 47%]
benchpress/qiskit_gym/abstract_transpile/test_qasmbench.py::TestWorkoutAbstractQasmBenchMedium::test_QASMBench_medium[knn_n25-all-to-all] PASSED [ 48%]
benchpress/qiskit_gym/abstract_transpile/test_qasmbench.py::TestWorkoutAbstractQasmBenchMedium::test_QASMBench_medium[knn_n25-square] PASSED [ 50%]
benchpress/qiskit_gym/abstract_transpile/test_qasmbench.py::TestWorkoutAbstractQasmBenchMedium::test_QASMBench_medium[knn_n25-heavy-hex] PASSED [ 51%]
benchpress/qiskit_gym/abstract_transpile/test_qasmbench.py::TestWorkoutAbstractQasmBenchMedium::test_QASMBench_medium[knn_n25-linear] PASSED [ 52%]
benchpress/qiskit_gym/abstract_transpile/test_qasmbench.py::TestWorkoutAbstractQasmBenchMedium::test_QASMBench_medium[multiplier_n15-all-to-all] PASSED [ 53%]
benchpress/qiskit_gym/abstract_transpile/test_qasmbench.py::TestWorkoutAbstractQasmBenchMedium::test_QASMBench_medium[multiplier_n15-square] PASSED [ 54%]
benchpress/qiskit_gym/abstract_transpile/test_qasmbench.py::TestWorkoutAbstractQasmBenchMedium::test_QASMBench_medium[multiplier_n15-heavy-hex] PASSED [ 55%]
benchpress/qiskit_gym/abstract_transpile/test_qasmbench.py::TestWorkoutAbstractQasmBenchMedium::test_QASMBench_medium[multiplier_n15-linear] PASSED [ 56%]
benchpress/qiskit_gym/abstract_transpile/test_qasmbench.py::TestWorkoutAbstractQasmBenchMedium::test_QASMBench_medium[multiply_n13-all-to-all] PASSED [ 57%]
benchpress/qiskit_gym/abstract_transpile/test_qasmbench.py::TestWorkoutAbstractQasmBenchMedium::test_QASMBench_medium[multiply_n13-square] PASSED [ 58%]
benchpress/qiskit_gym/abstract_transpile/test_qasmbench.py::TestWorkoutAbstractQasmBenchMedium::test_QASMBench_medium[multiply_n13-heavy-hex] PASSED [ 59%]
benchpress/qiskit_gym/abstract_transpile/test_qasmbench.py::TestWorkoutAbstractQasmBenchMedium::test_QASMBench_medium[multiply_n13-linear] PASSED [ 60%]
benchpress/qiskit_gym/abstract_transpile/test_qasmbench.py::TestWorkoutAbstractQasmBenchMedium::test_QASMBench_medium[qec9xz_n17-all-to-all] PASSED [ 61%]
benchpress/qiskit_gym/abstract_transpile/test_qasmbench.py::TestWorkoutAbstractQasmBenchMedium::test_QASMBench_medium[qec9xz_n17-square] PASSED [ 63%]
benchpress/qiskit_gym/abstract_transpile/test_qasmbench.py::TestWorkoutAbstractQasmBenchMedium::test_QASMBench_medium[qec9xz_n17-heavy-hex] PASSED [ 64%]
benchpress/qiskit_gym/abstract_transpile/test_qasmbench.py::TestWorkoutAbstractQasmBenchMedium::test_QASMBench_medium[qec9xz_n17-linear] PASSED [ 65%]
benchpress/qiskit_gym/abstract_transpile/test_qasmbench.py::TestWorkoutAbstractQasmBenchMedium::test_QASMBench_medium[qf21_n15-all-to-all] PASSED [ 66%]
benchpress/qiskit_gym/abstract_transpile/test_qasmbench.py::TestWorkoutAbstractQasmBenchMedium::test_QASMBench_medium[qf21_n15-square] PASSED [ 67%]
benchpress/qiskit_gym/abstract_transpile/test_qasmbench.py::TestWorkoutAbstractQasmBenchMedium::test_QASMBench_medium[qf21_n15-heavy-hex] PASSED [ 68%]
benchpress/qiskit_gym/abstract_transpile/test_qasmbench.py::TestWorkoutAbstractQasmBenchMedium::test_QASMBench_medium[qf21_n15-linear] PASSED [ 69%]
benchpress/qiskit_gym/abstract_transpile/test_qasmbench.py::TestWorkoutAbstractQasmBenchMedium::test_QASMBench_medium[qft_n18-all-to-all] PASSED [ 70%]
benchpress/qiskit_gym/abstract_transpile/test_qasmbench.py::TestWorkoutAbstractQasmBenchMedium::test_QASMBench_medium[qft_n18-square] PASSED [ 71%]
benchpress/qiskit_gym/abstract_transpile/test_qasmbench.py::TestWorkoutAbstractQasmBenchMedium::test_QASMBench_medium[qft_n18-heavy-hex] PASSED [ 72%]
benchpress/qiskit_gym/abstract_transpile/test_qasmbench.py::TestWorkoutAbstractQasmBenchMedium::test_QASMBench_medium[qft_n18-linear] PASSED [ 73%]
benchpress/qiskit_gym/abstract_transpile/test_qasmbench.py::TestWorkoutAbstractQasmBenchMedium::test_QASMBench_medium[qram_n20-all-to-all] PASSED [ 75%]
benchpress/qiskit_gym/abstract_transpile/test_qasmbench.py::TestWorkoutAbstractQasmBenchMedium::test_QASMBench_medium[qram_n20-square] PASSED [ 76%]
benchpress/qiskit_gym/abstract_transpile/test_qasmbench.py::TestWorkoutAbstractQasmBenchMedium::test_QASMBench_medium[qram_n20-heavy-hex] PASSED [ 77%]
benchpress/qiskit_gym/abstract_transpile/test_qasmbench.py::TestWorkoutAbstractQasmBenchMedium::test_QASMBench_medium[qram_n20-linear] PASSED [ 78%]
benchpress/qiskit_gym/abstract_transpile/test_qasmbench.py::TestWorkoutAbstractQasmBenchMedium::test_QASMBench_medium[sat_n11-all-to-all] PASSED [ 79%]
benchpress/qiskit_gym/abstract_transpile/test_qasmbench.py::TestWorkoutAbstractQasmBenchMedium::test_QASMBench_medium[sat_n11-square] PASSED [ 80%]
benchpress/qiskit_gym/abstract_transpile/test_qasmbench.py::TestWorkoutAbstractQasmBenchMedium::test_QASMBench_medium[sat_n11-heavy-hex] PASSED [ 81%]
benchpress/qiskit_gym/abstract_transpile/test_qasmbench.py::TestWorkoutAbstractQasmBenchMedium::test_QASMBench_medium[sat_n11-linear] PASSED [ 82%]
benchpress/qiskit_gym/abstract_transpile/test_qasmbench.py::TestWorkoutAbstractQasmBenchMedium::test_QASMBench_medium[seca_n11-all-to-all] PASSED [ 83%]
benchpress/qiskit_gym/abstract_transpile/test_qasmbench.py::TestWorkoutAbstractQasmBenchMedium::test_QASMBench_medium[seca_n11-square] PASSED [ 84%]
benchpress/qiskit_gym/abstract_transpile/test_qasmbench.py::TestWorkoutAbstractQasmBenchMedium::test_QASMBench_medium[seca_n11-heavy-hex] PASSED [ 85%]
benchpress/qiskit_gym/abstract_transpile/test_qasmbench.py::TestWorkoutAbstractQasmBenchMedium::test_QASMBench_medium[seca_n11-linear] PASSED [ 86%]
benchpress/qiskit_gym/abstract_transpile/test_qasmbench.py::TestWorkoutAbstractQasmBenchMedium::test_QASMBench_medium[square_root_n18-all-to-all] PASSED [ 88%]
benchpress/qiskit_gym/abstract_transpile/test_qasmbench.py::TestWorkoutAbstractQasmBenchMedium::test_QASMBench_medium[square_root_n18-square] PASSED [ 89%]
benchpress/qiskit_gym/abstract_transpile/test_qasmbench.py::TestWorkoutAbstractQasmBenchMedium::test_QASMBench_medium[square_root_n18-heavy-hex] PASSED [ 90%]
benchpress/qiskit_gym/abstract_transpile/test_qasmbench.py::TestWorkoutAbstractQasmBenchMedium::test_QASMBench_medium[square_root_n18-linear] PASSED [ 91%]
benchpress/qiskit_gym/abstract_transpile/test_qasmbench.py::TestWorkoutAbstractQasmBenchMedium::test_QASMBench_medium[swap_test_n25-all-to-all] PASSED [ 92%]
benchpress/qiskit_gym/abstract_transpile/test_qasmbench.py::TestWorkoutAbstractQasmBenchMedium::test_QASMBench_medium[swap_test_n25-square] PASSED [ 93%]
benchpress/qiskit_gym/abstract_transpile/test_qasmbench.py::TestWorkoutAbstractQasmBenchMedium::test_QASMBench_medium[swap_test_n25-heavy-hex] PASSED [ 94%]
benchpress/qiskit_gym/abstract_transpile/test_qasmbench.py::TestWorkoutAbstractQasmBenchMedium::test_QASMBench_medium[swap_test_n25-linear] PASSED [ 95%]
benchpress/qiskit_gym/abstract_transpile/test_qasmbench.py::TestWorkoutAbstractQasmBenchMedium::test_QASMBench_medium[wstate_n27-all-to-all] PASSED [ 96%]
benchpress/qiskit_gym/abstract_transpile/test_qasmbench.py::TestWorkoutAbstractQasmBenchMedium::test_QASMBench_medium[wstate_n27-square] PASSED [ 97%]
benchpress/qiskit_gym/abstract_transpile/test_qasmbench.py::TestWorkoutAbstractQasmBenchMedium::test_QASMBench_medium[wstate_n27-heavy-hex] PASSED [ 98%]
benchpress/qiskit_gym/abstract_transpile/test_qasmbench.py::TestWorkoutAbstractQasmBenchMedium::test_QASMBench_medium[wstate_n27-linear] PASSED [100%]
Wrote benchmark data in: <_io.BufferedWriter name='/mnt/data/spotter-val/fullsuite_evidence/abstract_medium/pr.json'>



--------------------------------------------------------------------------------------------- benchmark 'Transpile - Abstract': 92 tests ---------------------------------------------------------------------------------------------
Name (time in ms)                                             Min                    Max                   Mean            StdDev                 Median               IQR            Outliers       OPS            Rounds  Iterations
--------------------------------------------------------------------------------------------------------------------------------------------------------------------------------------------------------------------------------------
test_QASMBench_medium[cat_state_n22-linear]                3.6761 (1.0)           4.7663 (1.0)           4.1089 (1.0)      0.2093 (inf)           4.1008 (1.0)      0.2722 (inf)          74;3  243.3715 (1.0)         230           1
test_QASMBench_medium[ghz_state_n23-linear]                3.7403 (1.02)          4.8286 (1.01)          4.1942 (1.02)     0.1976 (inf)           4.2024 (1.02)     0.2552 (inf)          69;2  238.4240 (0.98)        210           1
test_QASMBench_medium[bv_n14-linear]                       4.2885 (1.17)          5.6455 (1.18)          4.7905 (1.17)     0.2044 (inf)           4.7554 (1.16)     0.2520 (inf)          55;5  208.7472 (0.86)        204           1
test_QASMBench_medium[bv_n14-heavy-hex]                    4.4363 (1.21)         48.2526 (10.12)         5.2115 (1.27)     3.3810 (inf)           4.9355 (1.20)     0.3238 (inf)           1;4  191.8825 (0.79)        165           1
test_QASMBench_medium[bv_n14-square]                       4.6327 (1.26)          5.7869 (1.21)          5.0506 (1.23)     0.2104 (inf)           5.0196 (1.22)     0.2842 (inf)          50;4  197.9951 (0.81)        173           1
test_QASMBench_medium[ising_n26-linear]                    4.8493 (1.32)          6.2887 (1.32)          5.2104 (1.27)     0.2001 (inf)           5.1623 (1.26)     0.2192 (inf)          44;6  191.9223 (0.79)        182           1
test_QASMBench_medium[bv_n19-linear]                       4.9122 (1.34)          6.6798 (1.40)          5.2873 (1.29)     0.2362 (inf)           5.2431 (1.28)     0.3142 (inf)          48;2  189.1318 (0.78)        176           1
test_QASMBench_medium[wstate_n27-linear]                   4.9459 (1.35)          6.1552 (1.29)          5.4013 (1.31)     0.2315 (inf)           5.3760 (1.31)     0.2903 (inf)          50;4  185.1421 (0.76)        176           1
test_QASMBench_medium[bv_n19-heavy-hex]                    5.2423 (1.43)          6.5940 (1.38)          5.5863 (1.36)     0.2137 (inf)           5.5505 (1.35)     0.2394 (inf)          38;6  179.0091 (0.74)        155           1
test_QASMBench_medium[bv_n14-all-to-all]                   5.3249 (1.45)          6.8456 (1.44)          5.6889 (1.38)     0.1838 (inf)           5.6873 (1.39)     0.2162 (inf)          32;2  175.7804 (0.72)        156           1
test_QASMBench_medium[qec9xz_n17-heavy-hex]                5.4657 (1.49)          6.7991 (1.43)          5.8608 (1.43)     0.1913 (inf)           5.8378 (1.42)     0.2355 (inf)          40;2  170.6239 (0.70)        158           1
test_QASMBench_medium[qec9xz_n17-linear]                   5.7231 (1.56)          6.8762 (1.44)          6.1028 (1.49)     0.1771 (inf)           6.0896 (1.48)     0.1960 (inf)          37;6  163.8589 (0.67)        160           1
test_QASMBench_medium[multiply_n13-linear]                 5.9234 (1.61)          6.8096 (1.43)          6.3608 (1.55)     0.2018 (inf)           6.3588 (1.55)     0.2943 (inf)          53;0  157.2123 (0.65)        146           1
test_QASMBench_medium[multiply_n13-square]                 6.0388 (1.64)          7.6720 (1.61)          6.4495 (1.57)     0.2236 (inf)           6.4212 (1.57)     0.2656 (inf)          32;3  155.0504 (0.64)        141           1
test_QASMBench_medium[multiply_n13-heavy-hex]              6.1722 (1.68)          7.1098 (1.49)          6.5663 (1.60)     0.1826 (inf)           6.5524 (1.60)     0.2364 (inf)          42;2  152.2926 (0.63)        138           1
test_QASMBench_medium[qec9xz_n17-square]                   6.4570 (1.76)          7.5502 (1.58)          6.8703 (1.67)     0.2087 (inf)           6.8130 (1.66)     0.2240 (inf)          41;6  145.5538 (0.60)        131           1
test_QASMBench_medium[bv_n19-all-to-all]                   6.7854 (1.85)          7.8767 (1.65)          7.2187 (1.76)     0.1943 (inf)           7.2120 (1.76)     0.2464 (inf)          39;2  138.5300 (0.57)        132           1
test_QASMBench_medium[ghz_state_n23-square]                7.0904 (1.93)          8.5702 (1.80)          7.7279 (1.88)     0.2633 (inf)           7.6803 (1.87)     0.3399 (inf)          35;2  129.4015 (0.53)        131           1
test_QASMBench_medium[cat_state_n22-square]                7.2827 (1.98)          8.2849 (1.74)          7.6899 (1.87)     0.1877 (inf)           7.6855 (1.87)     0.2544 (inf)          39;1  130.0399 (0.53)        126           1
test_QASMBench_medium[seca_n11-linear]                     7.2883 (1.98)          8.6649 (1.82)          7.8875 (1.92)     0.2366 (inf)           7.8809 (1.92)     0.2723 (inf)          36;5  126.7830 (0.52)        122           1
test_QASMBench_medium[dnn_n16-heavy-hex]                   7.2919 (1.98)          8.6055 (1.81)          7.7424 (1.88)     0.2094 (inf)           7.6974 (1.88)     0.1950 (inf)          24;6  129.1593 (0.53)        114           1
test_QASMBench_medium[seca_n11-square]                     7.4465 (2.03)          8.6536 (1.82)          7.8532 (1.91)     0.2272 (inf)           7.8046 (1.90)     0.2973 (inf)          33;3  127.3367 (0.52)        120           1
test_QASMBench_medium[seca_n11-heavy-hex]                  7.5042 (2.04)          9.0546 (1.90)          7.9301 (1.93)     0.2551 (inf)           7.8859 (1.92)     0.2447 (inf)          24;6  126.1017 (0.52)        123           1
test_QASMBench_medium[ghz_state_n23-heavy-hex]             8.0090 (2.18)          9.1259 (1.91)          8.4704 (2.06)     0.1859 (inf)           8.4664 (2.06)     0.2579 (inf)          36;1  118.0588 (0.49)        122           1
test_QASMBench_medium[cat_state_n22-heavy-hex]             8.0279 (2.18)          9.2577 (1.94)          8.3776 (2.04)     0.2026 (inf)           8.3418 (2.03)     0.2755 (inf)          33;1  119.3652 (0.49)        122           1
test_QASMBench_medium[qec9xz_n17-all-to-all]               8.1312 (2.21)          9.0603 (1.90)          8.5680 (2.09)     0.1852 (inf)           8.5511 (2.09)     0.2060 (inf)          29;7  116.7130 (0.48)        113           1
test_QASMBench_medium[qf21_n15-square]                     8.3947 (2.28)          9.6908 (2.03)          8.8536 (2.15)     0.2215 (inf)           8.8352 (2.15)     0.2763 (inf)          28;2  112.9490 (0.46)        106           1
test_QASMBench_medium[knn_n25-linear]                      8.6835 (2.36)          9.7890 (2.05)          9.1481 (2.23)     0.2049 (inf)           9.1504 (2.23)     0.2687 (inf)          35;1  109.3123 (0.45)        106           1
test_QASMBench_medium[qf21_n15-heavy-hex]                  8.7560 (2.38)         10.1799 (2.14)          9.2490 (2.25)     0.2176 (inf)           9.2415 (2.25)     0.2808 (inf)          35;1  108.1203 (0.44)        108           1
test_QASMBench_medium[knn_n25-square]                      8.7755 (2.39)         10.0460 (2.11)          9.2407 (2.25)     0.2077 (inf)           9.2195 (2.25)     0.2471 (inf)          32;3  108.2174 (0.44)        109           1
test_QASMBench_medium[swap_test_n25-linear]                8.8405 (2.40)         10.3081 (2.16)          9.2671 (2.26)     0.2530 (inf)           9.2339 (2.25)     0.2322 (inf)          23;6  107.9081 (0.44)        103           1
test_QASMBench_medium[wstate_n27-heavy-hex]                8.8585 (2.41)         11.2527 (2.36)          9.4016 (2.29)     0.3200 (inf)           9.3578 (2.28)     0.2797 (inf)          23;5  106.3652 (0.44)         99           1
test_QASMBench_medium[qf21_n15-linear]                     8.8707 (2.41)         10.4180 (2.19)          9.3470 (2.27)     0.2461 (inf)           9.2967 (2.27)     0.2262 (inf)          21;5  106.9867 (0.44)         95           1
test_QASMBench_medium[multiply_n13-all-to-all]             8.8714 (2.41)         10.4610 (2.19)          9.3795 (2.28)     0.1979 (inf)           9.3472 (2.28)     0.2198 (inf)          31;2  106.6159 (0.44)        112           1
test_QASMBench_medium[seca_n11-all-to-all]                 8.8732 (2.41)         10.1809 (2.14)          9.2893 (2.26)     0.2169 (inf)           9.2628 (2.26)     0.2131 (inf)          26;5  107.6511 (0.44)        107           1
test_QASMBench_medium[wstate_n27-square]                   8.8960 (2.42)         10.4867 (2.20)          9.4308 (2.30)     0.2883 (inf)           9.3888 (2.29)     0.4270 (inf)          30;1  106.0360 (0.44)        100           1
test_QASMBench_medium[ising_n26-heavy-hex]                 8.9386 (2.43)         10.1148 (2.12)          9.4381 (2.30)     0.2335 (inf)           9.3955 (2.29)     0.2789 (inf)          29;4  105.9534 (0.44)        106           1
test_QASMBench_medium[swap_test_n25-square]                8.9586 (2.44)         10.4776 (2.20)          9.3549 (2.28)     0.2514 (inf)           9.3106 (2.27)     0.2677 (inf)          20;3  106.8957 (0.44)         96           1
test_QASMBench_medium[ghz_state_n23-all-to-all]            9.1574 (2.49)         10.2232 (2.14)          9.5956 (2.34)     0.2005 (inf)           9.5765 (2.34)     0.2648 (inf)          36;1  104.2144 (0.43)        106           1
test_QASMBench_medium[cat_state_n22-all-to-all]            9.3113 (2.53)         10.1698 (2.13)          9.7594 (2.38)     0.1877 (inf)           9.7502 (2.38)     0.2453 (inf)          34;0  102.4652 (0.42)         92           1
test_QASMBench_medium[bigadder_n18-linear]                 9.3359 (2.54)         11.5198 (2.42)          9.7426 (2.37)     0.2880 (inf)           9.7008 (2.37)     0.2706 (inf)          12;2  102.6422 (0.42)         91           1
test_QASMBench_medium[ising_n26-square]                    9.4266 (2.56)         10.3868 (2.18)          9.7908 (2.38)     0.2256 (inf)           9.7465 (2.38)     0.3028 (inf)          26;0  102.1364 (0.42)         97           1
test_QASMBench_medium[bigadder_n18-heavy-hex]              9.4829 (2.58)         10.8356 (2.27)          9.8752 (2.40)     0.2937 (inf)           9.7948 (2.39)     0.2968 (inf)          16;8  101.2636 (0.42)         96           1
test_QASMBench_medium[dnn_n16-linear]                      9.6213 (2.62)         10.9736 (2.30)          9.9989 (2.43)     0.2389 (inf)           9.9846 (2.43)     0.2682 (inf)          25;3  100.0108 (0.41)         85           1
test_QASMBench_medium[qram_n20-square]                     9.8994 (2.69)         11.1318 (2.34)         10.3913 (2.53)     0.2314 (inf)          10.3544 (2.52)     0.2789 (inf)          28;3   96.2341 (0.40)         97           1
test_QASMBench_medium[dnn_n16-square]                     10.1935 (2.77)         28.6608 (6.01)         10.8493 (2.64)     1.9278 (inf)          10.6272 (2.59)     0.3134 (inf)           1;3   92.1722 (0.38)         89           1
test_QASMBench_medium[ising_n26-all-to-all]               10.5510 (2.87)         12.4193 (2.61)         11.1473 (2.71)     0.2892 (inf)          11.1220 (2.71)     0.4298 (inf)          27;1   89.7078 (0.37)         89           1
test_QASMBench_medium[bigadder_n18-square]                10.6502 (2.90)         11.8078 (2.48)         10.9220 (2.66)     0.2044 (inf)          10.8800 (2.65)     0.1956 (inf)          17;6   91.5581 (0.38)         74           1
test_QASMBench_medium[qram_n20-linear]                    10.7331 (2.92)         12.4020 (2.60)         11.1073 (2.70)     0.2427 (inf)          11.0797 (2.70)     0.2012 (inf)          18;7   90.0310 (0.37)         87           1
test_QASMBench_medium[knn_n25-all-to-all]                 11.1282 (3.03)         12.9183 (2.71)         11.6632 (2.84)     0.2680 (inf)          11.6075 (2.83)     0.2485 (inf)          21;4   85.7398 (0.35)         83           1
test_QASMBench_medium[wstate_n27-all-to-all]              11.2622 (3.06)         12.6070 (2.65)         11.7901 (2.87)     0.2684 (inf)          11.7230 (2.86)     0.3153 (inf)          22;1   84.8170 (0.35)         75           1
test_QASMBench_medium[swap_test_n25-all-to-all]           11.3093 (3.08)         13.7571 (2.89)         11.8533 (2.88)     0.3744 (inf)          11.7671 (2.87)     0.3166 (inf)           9;6   84.3650 (0.35)         84           1
test_QASMBench_medium[qf21_n15-all-to-all]                11.3115 (3.08)         12.6416 (2.65)         11.6246 (2.83)     0.1998 (inf)          11.5828 (2.82)     0.2394 (inf)          22;1   86.0244 (0.35)         87           1
test_QASMBench_medium[dnn_n16-all-to-all]                 11.3569 (3.09)         12.8426 (2.69)         11.7879 (2.87)     0.2471 (inf)          11.7649 (2.87)     0.2810 (inf)          23;2   84.8331 (0.35)         89           1
test_QASMBench_medium[multiplier_n15-square]              11.5269 (3.14)         13.3339 (2.80)         12.0682 (2.94)     0.2610 (inf)          12.0536 (2.94)     0.3420 (inf)          19;1   82.8621 (0.34)         80           1
test_QASMBench_medium[qram_n20-heavy-hex]                 11.7705 (3.20)         13.5417 (2.84)         12.1540 (2.96)     0.2677 (inf)          12.1098 (2.95)     0.2881 (inf)          13;2   82.2776 (0.34)         75           1
test_QASMBench_medium[sat_n11-square]                     11.8271 (3.22)         13.0814 (2.74)         12.3453 (3.00)     0.2728 (inf)          12.3329 (3.01)     0.3788 (inf)          24;0   81.0028 (0.33)         76           1
test_QASMBench_medium[multiplier_n15-heavy-hex]           11.9658 (3.25)         13.6314 (2.86)         12.4409 (3.03)     0.2727 (inf)          12.4072 (3.03)     0.3073 (inf)          21;1   80.3803 (0.33)         78           1
test_QASMBench_medium[multiplier_n15-linear]              12.0566 (3.28)         13.4503 (2.82)         12.5780 (3.06)     0.2839 (inf)          12.5807 (3.07)     0.3487 (inf)          22;2   79.5040 (0.33)         80           1
test_QASMBench_medium[sat_n11-all-to-all]                 12.3051 (3.35)         13.9267 (2.92)         12.7441 (3.10)     0.3591 (inf)          12.6185 (3.08)     0.3866 (inf)          18;3   78.4678 (0.32)         73           1
test_QASMBench_medium[sat_n11-heavy-hex]                  12.4083 (3.38)         13.7055 (2.88)         12.8224 (3.12)     0.2434 (inf)          12.7732 (3.11)     0.3691 (inf)          19;1   77.9883 (0.32)         72           1
test_QASMBench_medium[qram_n20-all-to-all]                12.4515 (3.39)         13.9234 (2.92)         12.9023 (3.14)     0.2494 (inf)          12.9040 (3.15)     0.2824 (inf)          19;2   77.5057 (0.32)         78           1
test_QASMBench_medium[sat_n11-linear]                     12.4853 (3.40)         14.5477 (3.05)         13.1735 (3.21)     0.3632 (inf)          13.1204 (3.20)     0.4259 (inf)          20;2   75.9101 (0.31)         75           1
test_QASMBench_medium[bigadder_n18-all-to-all]            12.6943 (3.45)         14.8440 (3.11)         13.1390 (3.20)     0.3815 (inf)          13.0188 (3.17)     0.3590 (inf)           8;3   76.1094 (0.31)         45           1
test_QASMBench_medium[qft_n18-linear]                     13.0247 (3.54)         14.3102 (3.00)         13.5051 (3.29)     0.3140 (inf)          13.4968 (3.29)     0.4010 (inf)          23;1   74.0463 (0.30)         73           1
test_QASMBench_medium[bv_n19-square]                      13.2867 (3.61)         14.5510 (3.05)         13.8438 (3.37)     0.2968 (inf)          13.7756 (3.36)     0.4193 (inf)          24;0   72.2347 (0.30)         68           1
test_QASMBench_medium[qft_n18-heavy-hex]                  13.7306 (3.74)         15.7037 (3.29)         14.2776 (3.47)     0.3353 (inf)          14.2259 (3.47)     0.4529 (inf)          17;1   70.0399 (0.29)         67           1
test_QASMBench_medium[qft_n18-square]                     13.7926 (3.75)         15.3682 (3.22)         14.3366 (3.49)     0.3172 (inf)          14.2890 (3.48)     0.3754 (inf)          14;3   69.7514 (0.29)         64           1
test_QASMBench_medium[multiplier_n15-all-to-all]          14.2644 (3.88)         15.3976 (3.23)         14.6397 (3.56)     0.2042 (inf)          14.6126 (3.56)     0.2765 (inf)          17;1   68.3074 (0.28)         66           1
test_QASMBench_medium[qft_n18-all-to-all]                 17.4190 (4.74)         18.8352 (3.95)         17.9774 (4.38)     0.2903 (inf)          17.9466 (4.38)     0.4595 (inf)          17;0   55.6254 (0.23)         55           1
test_QASMBench_medium[knn_n25-heavy-hex]                  19.2235 (5.23)         20.3107 (4.26)         19.6732 (4.79)     0.2883 (inf)          19.6605 (4.79)     0.4339 (inf)          18;0   50.8306 (0.21)         51           1
test_QASMBench_medium[swap_test_n25-heavy-hex]            19.3670 (5.27)         20.6124 (4.32)         19.8758 (4.84)     0.2872 (inf)          19.8125 (4.83)     0.3822 (inf)          16;0   50.3123 (0.21)         50           1
test_QASMBench_medium[cc_n12-all-to-all]                  25.3183 (6.89)         27.5986 (5.79)         26.3868 (6.42)     0.6412 (inf)          26.3208 (6.42)     0.9149 (inf)          13;0   37.8977 (0.16)         40           1
test_QASMBench_medium[square_root_n18-all-to-all]         25.9215 (7.05)         27.5832 (5.79)         26.5082 (6.45)     0.4124 (inf)          26.4485 (6.45)     0.5196 (inf)          11;1   37.7242 (0.16)         36           1
test_QASMBench_medium[cc_n12-square]                      30.2862 (8.24)         35.1023 (7.36)         32.1349 (7.82)     0.8857 (inf)          32.1932 (7.85)     0.7267 (inf)           8;3   31.1188 (0.13)         33           1
test_QASMBench_medium[cc_n12-heavy-hex]                   31.0564 (8.45)         33.4359 (7.02)         32.0569 (7.80)     0.6674 (inf)          32.0766 (7.82)     0.8873 (inf)          14;0   31.1945 (0.13)         33           1
test_QASMBench_medium[cc_n12-linear]                      31.1320 (8.47)         33.9523 (7.12)         32.5775 (7.93)     0.6336 (inf)          32.4721 (7.92)     0.9585 (inf)           8;0   30.6961 (0.13)         32           1
test_QASMBench_medium[square_root_n18-square]             32.6377 (8.88)         35.4411 (7.44)         33.6574 (8.19)     0.6279 (inf)          33.5889 (8.19)     0.7799 (inf)           9;1   29.7111 (0.12)         30           1
test_QASMBench_medium[square_root_n18-heavy-hex]          33.4138 (9.09)         37.7310 (7.92)         34.5032 (8.40)     0.8081 (inf)          34.4337 (8.40)     0.8021 (inf)           4;1   28.9828 (0.12)         29           1
test_QASMBench_medium[square_root_n18-linear]             35.6975 (9.71)         39.2316 (8.23)         37.0118 (9.01)     1.0034 (inf)          36.8244 (8.98)     1.5103 (inf)           7;0   27.0184 (0.11)         27           1
test_QASMBench_medium[gcm_h6-linear]                      70.0260 (19.05)        71.9858 (15.10)        71.1254 (17.31)    0.5916 (inf)          71.1699 (17.36)    0.6579 (inf)           6;0   14.0597 (0.06)         15           1
test_QASMBench_medium[gcm_h6-all-to-all]                  70.8143 (19.26)        82.1887 (17.24)        72.8195 (17.72)    2.7763 (inf)          72.0511 (17.57)    1.0421 (inf)           1;1   13.7326 (0.06)         14           1
test_QASMBench_medium[gcm_h6-square]                      71.0216 (19.32)        72.9242 (15.30)        71.7852 (17.47)    0.5520 (inf)          71.7363 (17.49)    0.9375 (inf)           5;0   13.9305 (0.06)         15           1
test_QASMBench_medium[gcm_h6-heavy-hex]                   71.1208 (19.35)        73.2401 (15.37)        72.1097 (17.55)    0.6396 (inf)          71.9859 (17.55)    0.6242 (inf)           6;0   13.8678 (0.06)         14           1
test_QASMBench_medium[bwt_n21-all-to-all]              5,721.6296 (>1000.0)   5,721.6296 (>1000.0)   5,721.6296 (>1000.0)  0.0000 (1.0)       5,721.6296 (>1000.0)  0.0000 (1.0)           0;0    0.1748 (0.00)          1           1
test_QASMBench_medium[factor247_n15-all-to-all]        6,776.5970 (>1000.0)   6,776.5970 (>1000.0)   6,776.5970 (>1000.0)  0.0000 (1.0)       6,776.5970 (>1000.0)  0.0000 (1.0)           0;0    0.1476 (0.00)          1           1
test_QASMBench_medium[bwt_n21-square]                  7,451.5529 (>1000.0)   7,451.5529 (>1000.0)   7,451.5529 (>1000.0)  0.0000 (1.0)       7,451.5529 (>1000.0)  0.0000 (1.0)           0;0    0.1342 (0.00)          1           1
test_QASMBench_medium[factor247_n15-square]            8,821.5901 (>1000.0)   8,821.5901 (>1000.0)   8,821.5901 (>1000.0)  0.0000 (1.0)       8,821.5901 (>1000.0)  0.0000 (1.0)           0;0    0.1134 (0.00)          1           1
test_QASMBench_medium[factor247_n15-heavy-hex]         9,124.4876 (>1000.0)   9,124.4876 (>1000.0)   9,124.4876 (>1000.0)  0.0000 (1.0)       9,124.4876 (>1000.0)  0.0000 (1.0)           0;0    0.1096 (0.00)          1           1
test_QASMBench_medium[factor247_n15-linear]            9,448.2204 (>1000.0)   9,448.2204 (>1000.0)   9,448.2204 (>1000.0)  0.0000 (1.0)       9,448.2204 (>1000.0)  0.0000 (1.0)           0;0    0.1058 (0.00)          1           1
test_QASMBench_medium[bwt_n21-heavy-hex]               9,734.3274 (>1000.0)   9,734.3274 (>1000.0)   9,734.3274 (>1000.0)  0.0000 (1.0)       9,734.3274 (>1000.0)  0.0000 (1.0)           0;0    0.1027 (0.00)          1           1
test_QASMBench_medium[bwt_n21-linear]                 10,091.5808 (>1000.0)  10,091.5808 (>1000.0)  10,091.5808 (>1000.0)  0.0000 (1.0)      10,091.5808 (>1000.0)  0.0000 (1.0)           0;0    0.0991 (0.00)          1           1
--------------------------------------------------------------------------------------------------------------------------------------------------------------------------------------------------------------------------------------

Legend:
  Outliers: 1 Standard Deviation from Mean; 1.5 IQR (InterQuartile Range) from 1st Quartile and 3rd Quartile.
  OPS: Operations Per Second, computed as 1 / Mean
================ 92 passed, 400 deselected in 394.83s (0:06:34) ================
