============================= test session starts ==============================
platform linux -- Python 3.11.11, pytest-9.1.1, pluggy-1.6.0
benchmark: 4.0.0 (defaults: timer=time.perf_counter disable_gc=False min_rounds=1 min_time=0.000005 max_time=1.0 calibration_precision=10 warmup=False warmup_iterations=100000)
qiskit: 2.6.0.dev0
qiskit_ibm_runtime: 0.47.0
timeout_skip_list: 0
rootdir: /mnt/data/spotter-val/benchpress/benchpress
configfile: pytest.ini
plugins: benchmark-4.0.0, memray-1.8.0
collected 53 items

benchpress/qiskit_gym/device_transpile/test_feynman.py::TestWorkoutDeviceFeynman::test_feynman_transpile[W-state.qasm] PASSED [  1%]
benchpress/qiskit_gym/device_transpile/test_feynman.py::TestWorkoutDeviceFeynman::test_feynman_transpile[adder.qasm] PASSED [  3%]
benchpress/qiskit_gym/device_transpile/test_feynman.py::TestWorkoutDeviceFeynman::test_feynman_transpile[adder_8.qasm] PASSED [  5%]
benchpress/qiskit_gym/device_transpile/test_feynman.py::TestWorkoutDeviceFeynman::test_feynman_transpile[barenco_tof_10.qasm] PASSED [  7%]
benchpress/qiskit_gym/device_transpile/test_feynman.py::TestWorkoutDeviceFeynman::test_feynman_transpile[barenco_tof_3.qasm] PASSED [  9%]
benchpress/qiskit_gym/device_transpile/test_feynman.py::TestWorkoutDeviceFeynman::test_feynman_transpile[barenco_tof_4.qasm] PASSED [ 11%]
benchpress/qiskit_gym/device_transpile/test_feynman.py::TestWorkoutDeviceFeynman::test_feynman_transpile[barenco_tof_5.qasm] PASSED [ 13%]
benchpress/qiskit_gym/device_transpile/test_feynman.py::TestWorkoutDeviceFeynman::test_feynman_transpile[bigadder.qasm] PASSED [ 15%]
benchpress/qiskit_gym/device_transpile/test_feynman.py::TestWorkoutDeviceFeynman::test_feynman_transpile[csla_mux_3.qasm] PASSED [ 16%]
benchpress/qiskit_gym/device_transpile/test_feynman.py::TestWorkoutDeviceFeynman::test_feynman_transpile[csum_mux_9.qasm] PASSED [ 18%]
benchpress/qiskit_gym/device_transpile/test_feynman.py::TestWorkoutDeviceFeynman::test_feynman_transpile[gf2^10_mult.qasm] PASSED [ 20%]
benchpress/qiskit_gym/device_transpile/test_feynman.py::TestWorkoutDeviceFeynman::test_feynman_transpile[gf2^128_mult.qasm] SKIPPED [ 22%]
benchpress/qiskit_gym/device_transpile/test_feynman.py::TestWorkoutDeviceFeynman::test_feynman_transpile[gf2^16_mult.qasm] PASSED [ 24%]
benchpress/qiskit_gym/device_transpile/test_feynman.py::TestWorkoutDeviceFeynman::test_feynman_transpile[gf2^256_mult.qasm] SKIPPED [ 26%]
benchpress/qiskit_gym/device_transpile/test_feynman.py::TestWorkoutDeviceFeynman::test_feynman_transpile[gf2^32_mult.qasm] PASSED [ 28%]
benchpress/qiskit_gym/device_transpile/test_feynman.py::TestWorkoutDeviceFeynman::test_feynman_transpile[gf2^4_mult.qasm] PASSED [ 30%]
benchpress/qiskit_gym/device_transpile/test_feynman.py::TestWorkoutDeviceFeynman::test_feynman_transpile[gf2^5_mult.qasm] PASSED [ 32%]
benchpress/qiskit_gym/device_transpile/test_feynman.py::TestWorkoutDeviceFeynman::test_feynman_transpile[gf2^64_mult.qasm] SKIPPED [ 33%]
benchpress/qiskit_gym/device_transpile/test_feynman.py::TestWorkoutDeviceFeynman::test_feynman_transpile[gf2^6_mult.qasm] PASSED [ 35%]
benchpress/qiskit_gym/device_transpile/test_feynman.py::TestWorkoutDeviceFeynman::test_feynman_transpile[gf2^7_mult.qasm] PASSED [ 37%]
benchpress/qiskit_gym/device_transpile/test_feynman.py::TestWorkoutDeviceFeynman::test_feynman_transpile[gf2^8_mult.qasm] PASSED [ 39%]
benchpress/qiskit_gym/device_transpile/test_feynman.py::TestWorkoutDeviceFeynman::test_feynman_transpile[gf2^9_mult.qasm] PASSED [ 41%]
benchpress/qiskit_gym/device_transpile/test_feynman.py::TestWorkoutDeviceFeynman::test_feynman_transpile[grover_5.qasm] PASSED [ 43%]
benchpress/qiskit_gym/device_transpile/test_feynman.py::TestWorkoutDeviceFeynman::test_feynman_transpile[ham15-high.qasm] PASSED [ 45%]
benchpress/qiskit_gym/device_transpile/test_feynman.py::TestWorkoutDeviceFeynman::test_feynman_transpile[ham15-low.qasm] PASSED [ 47%]
benchpress/qiskit_gym/device_transpile/test_feynman.py::TestWorkoutDeviceFeynman::test_feynman_transpile[ham15-med.qasm] PASSED [ 49%]
benchpress/qiskit_gym/device_transpile/test_feynman.py::TestWorkoutDeviceFeynman::test_feynman_transpile[hwb10.qasm] PASSED [ 50%]
benchpress/qiskit_gym/device_transpile/test_feynman.py::TestWorkoutDeviceFeynman::test_feynman_transpile[hwb11.qasm] PASSED [ 52%]
benchpress/qiskit_gym/device_transpile/test_feynman.py::TestWorkoutDeviceFeynman::test_feynman_transpile[hwb12.qasm] PASSED [ 54%]
benchpress/qiskit_gym/device_transpile/test_feynman.py::TestWorkoutDeviceFeynman::test_feynman_transpile[hwb6.qasm] PASSED [ 56%]
benchpress/qiskit_gym/device_transpile/test_feynman.py::TestWorkoutDeviceFeynman::test_feynman_transpile[hwb8.qasm] PASSED [ 58%]
benchpress/qiskit_gym/device_transpile/test_feynman.py::TestWorkoutDeviceFeynman::test_feynman_transpile[inverseqft1.qasm] PASSED [ 60%]
benchpress/qiskit_gym/device_transpile/test_feynman.py::TestWorkoutDeviceFeynman::test_feynman_transpile[inverseqft2.qasm] PASSED [ 62%]
benchpress/qiskit_gym/device_transpile/test_feynman.py::TestWorkoutDeviceFeynman::test_feynman_transpile[mod5_4.qasm] PASSED [ 64%]
benchpress/qiskit_gym/device_transpile/test_feynman.py::TestWorkoutDeviceFeynman::test_feynman_transpile[mod_adder_1024.qasm] PASSED [ 66%]
benchpress/qiskit_gym/device_transpile/test_feynman.py::TestWorkoutDeviceFeynman::test_feynman_transpile[mod_mult_55.qasm] PASSED [ 67%]
benchpress/qiskit_gym/device_transpile/test_feynman.py::TestWorkoutDeviceFeynman::test_feynman_transpile[mod_red_21.qasm] PASSED [ 69%]
benchpress/qiskit_gym/device_transpile/test_feynman.py::TestWorkoutDeviceFeynman::test_feynman_transpile[qcla_adder_10.qasm] PASSED [ 71%]
benchpress/qiskit_gym/device_transpile/test_feynman.py::TestWorkoutDeviceFeynman::test_feynman_transpile[qcla_com_7.qasm] PASSED [ 73%]
benchpress/qiskit_gym/device_transpile/test_feynman.py::TestWorkoutDeviceFeynman::test_feynman_transpile[qcla_mod_7.qasm] PASSED [ 75%]
benchpress/qiskit_gym/device_transpile/test_feynman.py::TestWorkoutDeviceFeynman::test_feynman_transpile[qec.qasm] PASSED [ 77%]
benchpress/qiskit_gym/device_transpile/test_feynman.py::TestWorkoutDeviceFeynman::test_feynman_transpile[qft.qasm] PASSED [ 79%]
benchpress/qiskit_gym/device_transpile/test_feynman.py::TestWorkoutDeviceFeynman::test_feynman_transpile[qft_4.qasm] PASSED [ 81%]
benchpress/qiskit_gym/device_transpile/test_feynman.py::TestWorkoutDeviceFeynman::test_feynman_transpile[qpt.qasm] PASSED [ 83%]
benchpress/qiskit_gym/device_transpile/test_feynman.py::TestWorkoutDeviceFeynman::test_feynman_transpile[rb.qasm] PASSED [ 84%]
benchpress/qiskit_gym/device_transpile/test_feynman.py::TestWorkoutDeviceFeynman::test_feynman_transpile[rc_adder_6.qasm] PASSED [ 86%]
benchpress/qiskit_gym/device_transpile/test_feynman.py::TestWorkoutDeviceFeynman::test_feynman_transpile[teleport.qasm] PASSED [ 88%]
benchpress/qiskit_gym/device_transpile/test_feynman.py::TestWorkoutDeviceFeynman::test_feynman_transpile[teleportv2.qasm] PASSED [ 90%]
benchpress/qiskit_gym/device_transpile/test_feynman.py::TestWorkoutDeviceFeynman::test_feynman_transpile[tof_10.qasm] PASSED [ 92%]
benchpress/qiskit_gym/device_transpile/test_feynman.py::TestWorkoutDeviceFeynman::test_feynman_transpile[tof_3.qasm] PASSED [ 94%]
benchpress/qiskit_gym/device_transpile/test_feynman.py::TestWorkoutDeviceFeynman::test_feynman_transpile[tof_4.qasm] PASSED [ 96%]
benchpress/qiskit_gym/device_transpile/test_feynman.py::TestWorkoutDeviceFeynman::test_feynman_transpile[tof_5.qasm] PASSED [ 98%]
benchpress/qiskit_gym/device_transpile/test_feynman.py::TestWorkoutDeviceFeynman::test_feynman_transpile[vbe_adder_3.qasm] PASSED [100%]
Wrote benchmark data in: <_io.BufferedWriter name='/mnt/data/spotter-val/fullsuite_evidence/feynman/main.json'>



-------------------------------------------------------------------------------------------- benchmark 'Transpile - Device': 50 tests -------------------------------------------------------------------------------------------
Name (time in ms)                                       Min                    Max                   Mean            StdDev                 Median                IQR            Outliers       OPS            Rounds  Iterations
---------------------------------------------------------------------------------------------------------------------------------------------------------------------------------------------------------------------------------
test_feynman_transpile[qpt.qasm]                     2.6415 (1.0)           3.4923 (1.0)           2.7826 (1.0)      0.1303 (inf)           2.7504 (1.0)       0.0646 (inf)         26;29  359.3826 (1.0)         335           1
test_feynman_transpile[rb.qasm]                      3.1933 (1.21)          4.8120 (1.38)          3.4076 (1.22)     0.1829 (inf)           3.3830 (1.23)      0.1035 (inf)          10;7  293.4634 (0.82)        253           1
test_feynman_transpile[teleport.qasm]                5.3716 (2.03)          6.3761 (1.83)          5.7248 (2.06)     0.1768 (inf)           5.6856 (2.07)      0.2186 (inf)          47;7  174.6799 (0.49)        180           1
test_feynman_transpile[inverseqft2.qasm]             5.6704 (2.15)          6.7835 (1.94)          6.0677 (2.18)     0.2006 (inf)           6.0492 (2.20)      0.2667 (inf)          60;3  164.8066 (0.46)        186           1
test_feynman_transpile[qec.qasm]                     5.9882 (2.27)          7.4178 (2.12)          6.4735 (2.33)     0.2423 (inf)           6.4293 (2.34)      0.3024 (inf)          45;5  154.4756 (0.43)        145           1
test_feynman_transpile[teleportv2.qasm]              6.1931 (2.34)          7.1669 (2.05)          6.5218 (2.34)     0.2028 (inf)           6.5014 (2.36)      0.3033 (inf)          53;1  153.3326 (0.43)        160           1
test_feynman_transpile[qft.qasm]                     6.6167 (2.50)          8.0127 (2.29)          7.0027 (2.52)     0.2216 (inf)           6.9624 (2.53)      0.2673 (inf)          24;4  142.8030 (0.40)        123           1
test_feynman_transpile[tof_3.qasm]                   7.3693 (2.79)          9.4977 (2.72)          7.8662 (2.83)     0.2703 (inf)           7.8425 (2.85)      0.2708 (inf)          19;4  127.1254 (0.35)        131           1
test_feynman_transpile[barenco_tof_3.qasm]           7.4289 (2.81)         10.1076 (2.89)          8.0067 (2.88)     0.3361 (inf)           7.9635 (2.90)      0.3017 (inf)          21;4  124.8957 (0.35)        115           1
test_feynman_transpile[tof_4.qasm]                   7.5523 (2.86)          9.2811 (2.66)          8.1366 (2.92)     0.2527 (inf)           8.1233 (2.95)      0.2779 (inf)          31;4  122.9016 (0.34)        114           1
test_feynman_transpile[mod5_4.qasm]                  7.6189 (2.88)          9.8998 (2.83)          8.1986 (2.95)     0.3553 (inf)           8.1186 (2.95)      0.4265 (inf)          24;4  121.9726 (0.34)        113           1
test_feynman_transpile[inverseqft1.qasm]             7.7849 (2.95)         15.9794 (4.58)          8.8290 (3.17)     0.7716 (inf)           8.7316 (3.17)      0.3313 (inf)           5;7  113.2632 (0.32)        111           1
test_feynman_transpile[W-state.qasm]                 7.9269 (3.00)          9.1687 (2.63)          8.3220 (2.99)     0.2848 (inf)           8.2472 (3.00)      0.3094 (inf)          12;2  120.1631 (0.33)         49           1
test_feynman_transpile[barenco_tof_4.qasm]           8.1590 (3.09)          9.9987 (2.86)          8.5859 (3.09)     0.2838 (inf)           8.5159 (3.10)      0.2590 (inf)          24;8  116.4705 (0.32)        122           1
test_feynman_transpile[tof_5.qasm]                   8.1884 (3.10)         10.0252 (2.87)          8.7353 (3.14)     0.2715 (inf)           8.7099 (3.17)      0.3115 (inf)          23;3  114.4786 (0.32)        111           1
test_feynman_transpile[mod_mult_55.qasm]             8.4578 (3.20)          9.8727 (2.83)          8.9898 (3.23)     0.2528 (inf)           8.9601 (3.26)      0.2844 (inf)          26;4  111.2373 (0.31)        106           1
test_feynman_transpile[qft_4.qasm]                   9.4631 (3.58)         11.3211 (3.24)          9.8279 (3.53)     0.2672 (inf)           9.7766 (3.55)      0.3119 (inf)          16;3  101.7516 (0.28)        100           1
test_feynman_transpile[barenco_tof_5.qasm]           9.5480 (3.61)         11.4317 (3.27)         10.0198 (3.60)     0.2712 (inf)          10.0019 (3.64)      0.2551 (inf)          17;3   99.8019 (0.28)         98           1
test_feynman_transpile[adder.qasm]                   9.6872 (3.67)         12.2882 (3.52)         10.1676 (3.65)     0.4041 (inf)          10.0349 (3.65)      0.3408 (inf)           8;4   98.3513 (0.27)         76           1
test_feynman_transpile[vbe_adder_3.qasm]             9.7421 (3.69)         11.5702 (3.31)         10.1384 (3.64)     0.2959 (inf)          10.0762 (3.66)      0.2305 (inf)          17;7   98.6351 (0.27)         97           1
test_feynman_transpile[csla_mux_3.qasm]             10.8213 (4.10)         12.9812 (3.72)         11.2093 (4.03)     0.2949 (inf)          11.1394 (4.05)      0.2839 (inf)          15;3   89.2119 (0.25)         86           1
test_feynman_transpile[mod_red_21.qasm]             10.8872 (4.12)         14.6470 (4.19)         11.4585 (4.12)     0.4700 (inf)          11.3841 (4.14)      0.3383 (inf)           6;4   87.2712 (0.24)         70           1
test_feynman_transpile[hwb6.qasm]                   10.9662 (4.15)         18.2706 (5.23)         11.5801 (4.16)     0.9255 (inf)          11.4271 (4.15)      0.3313 (inf)           2;3   86.3547 (0.24)         71           1
test_feynman_transpile[rc_adder_6.qasm]             11.1197 (4.21)         12.9030 (3.69)         11.5392 (4.15)     0.2904 (inf)          11.4950 (4.18)      0.3733 (inf)          15;2   86.6610 (0.24)         85           1
test_feynman_transpile[gf2^4_mult.qasm]             11.3625 (4.30)         17.8318 (5.11)         11.8889 (4.27)     0.8054 (inf)          11.7125 (4.26)      0.3627 (inf)           3;5   84.1122 (0.23)         69           1
test_feynman_transpile[tof_10.qasm]                 12.8460 (4.86)         14.4223 (4.13)         13.2718 (4.77)     0.2745 (inf)          13.2314 (4.81)      0.2336 (inf)          11;3   75.3475 (0.21)         73           1
test_feynman_transpile[gf2^5_mult.qasm]             13.6083 (5.15)         18.0128 (5.16)         14.2937 (5.14)     0.5247 (inf)          14.2356 (5.18)      0.3088 (inf)           4;3   69.9608 (0.19)         70           1
test_feynman_transpile[bigadder.qasm]               13.7316 (5.20)         14.8184 (4.24)         14.1389 (5.08)     0.2382 (inf)          14.1407 (5.14)      0.3275 (inf)          20;1   70.7266 (0.20)         68           1
test_feynman_transpile[barenco_tof_10.qasm]         15.8580 (6.00)         18.6298 (5.33)         16.3970 (5.89)     0.4611 (inf)          16.3211 (5.93)      0.4547 (inf)           6;3   60.9867 (0.17)         61           1
test_feynman_transpile[grover_5.qasm]               16.4864 (6.24)         19.7346 (5.65)         16.9474 (6.09)     0.4997 (inf)          16.8330 (6.12)      0.3290 (inf)           7;6   59.0062 (0.16)         55           1
test_feynman_transpile[gf2^6_mult.qasm]             16.8928 (6.40)         19.3109 (5.53)         17.3906 (6.25)     0.3492 (inf)          17.3608 (6.31)      0.2320 (inf)           7;2   57.5023 (0.16)         57           1
test_feynman_transpile[ham15-low.qasm]              17.8508 (6.76)         24.8253 (7.11)         18.4381 (6.63)     0.9401 (inf)          18.2885 (6.65)      0.3196 (inf)           2;2   54.2355 (0.15)         53           1
test_feynman_transpile[csum_mux_9.qasm]             18.5642 (7.03)         20.4374 (5.85)         19.2831 (6.93)     0.3725 (inf)          19.2591 (7.00)      0.4847 (inf)          15;1   51.8590 (0.14)         54           1
test_feynman_transpile[qcla_com_7.qasm]             19.0954 (7.23)         21.4063 (6.13)         19.6365 (7.06)     0.3735 (inf)          19.5946 (7.12)      0.3353 (inf)          12;3   50.9257 (0.14)         51           1
test_feynman_transpile[gf2^7_mult.qasm]             20.1671 (7.63)         22.6118 (6.47)         20.6648 (7.43)     0.3936 (inf)          20.6370 (7.50)      0.3270 (inf)           5;2   48.3915 (0.13)         48           1
test_feynman_transpile[adder_8.qasm]                21.8219 (8.26)         24.9995 (7.16)         22.6138 (8.13)     0.5963 (inf)          22.4992 (8.18)      0.5094 (inf)           7;3   44.2207 (0.12)         40           1
test_feynman_transpile[gf2^8_mult.qasm]             24.6016 (9.31)         27.7363 (7.94)         25.4112 (9.13)     0.5949 (inf)          25.2637 (9.19)      0.6132 (inf)           8;2   39.3527 (0.11)         39           1
test_feynman_transpile[qcla_mod_7.qasm]             25.0036 (9.47)         27.9325 (8.00)         25.5730 (9.19)     0.5041 (inf)          25.5139 (9.28)      0.3272 (inf)           4;3   39.1037 (0.11)         39           1
test_feynman_transpile[qcla_adder_10.qasm]          25.0038 (9.47)         29.0828 (8.33)         25.7239 (9.24)     0.6789 (inf)          25.6537 (9.33)      0.6352 (inf)           3;1   38.8743 (0.11)         39           1
test_feynman_transpile[ham15-med.qasm]              25.4113 (9.62)         28.1485 (8.06)         26.1742 (9.41)     0.5769 (inf)          26.1821 (9.52)      0.8038 (inf)           7;1   38.2056 (0.11)         32           1
test_feynman_transpile[gf2^9_mult.qasm]             27.6367 (10.46)        30.6439 (8.77)         28.5790 (10.27)    0.7660 (inf)          28.4227 (10.33)     0.6786 (inf)           9;4   34.9907 (0.10)         34           1
test_feynman_transpile[gf2^10_mult.qasm]            32.9006 (12.46)        36.3185 (10.40)        34.2083 (12.29)    0.7693 (inf)          34.1418 (12.41)     1.2425 (inf)          10;0   29.2327 (0.08)         28           1
test_feynman_transpile[mod_adder_1024.qasm]         60.3013 (22.83)        65.9352 (18.88)        63.3424 (22.76)    1.7551 (inf)          63.8722 (23.22)     2.9436 (inf)           5;0   15.7872 (0.04)         13           1
test_feynman_transpile[ham15-high.qasm]             68.1916 (25.82)        75.4110 (21.59)        72.1358 (25.92)    1.9220 (inf)          71.8852 (26.14)     2.7099 (inf)           4;0   13.8627 (0.04)         14           1
test_feynman_transpile[gf2^16_mult.qasm]            68.2499 (25.84)        75.1248 (21.51)        70.4035 (25.30)    1.8479 (inf)          70.0004 (25.45)     2.2836 (inf)           4;1   14.2038 (0.04)         14           1
test_feynman_transpile[gf2^32_mult.qasm]           241.7948 (91.54)       251.6996 (72.07)       245.9766 (88.40)    4.2327 (inf)         245.4707 (89.25)     7.2937 (inf)           1;0    4.0654 (0.01)          5           1
test_feynman_transpile[hwb8.qasm]                  257.2049 (97.37)       279.6474 (80.07)       269.0215 (96.68)    9.2521 (inf)         269.6169 (98.03)    12.5534 (inf)           2;0    3.7172 (0.01)          4           1
test_feynman_transpile[hwb10.qasm]               1,458.8533 (552.28)    1,458.8533 (417.73)    1,458.8533 (524.29)   0.0000 (1.0)       1,458.8533 (530.42)    0.0000 (1.0)           0;0    0.6855 (0.00)          1           1
test_feynman_transpile[hwb11.qasm]               5,180.7242 (>1000.0)   5,180.7242 (>1000.0)   5,180.7242 (>1000.0)  0.0000 (1.0)       5,180.7242 (>1000.0)   0.0000 (1.0)           0;0    0.1930 (0.00)          1           1
test_feynman_transpile[hwb12.qasm]              10,954.3939 (>1000.0)  10,954.3939 (>1000.0)  10,954.3939 (>1000.0)  0.0000 (1.0)      10,954.3939 (>1000.0)   0.0000 (1.0)           0;0    0.0913 (0.00)          1           1
---------------------------------------------------------------------------------------------------------------------------------------------------------------------------------------------------------------------------------

Legend:
  Outliers: 1 Standard Deviation from Mean; 1.5 IQR (InterQuartile Range) from 1st Quartile and 3rd Quartile.
  OPS: Operations Per Second, computed as 1 / Mean
=========================== short test summary info ============================
SKIPPED [3] benchpress/qiskit_gym/device_transpile/test_feynman.py:44: Circuit too large for given backend.
================== 50 passed, 3 skipped in 131.23s (0:02:11) ===================
